Archive member included because of file (symbol)

lib/libhelix.a(mp3dec.o)      .\objects\Mp3.o (MP3FindSyncWord)
lib/libhelix.a(mp3tabs.o)     lib/libhelix.a(mp3dec.o) (xmp3fixpt_samplesPerFrameTab)
lib/libhelix.a(scalfact.o)    lib/libhelix.a(mp3dec.o) (xmp3fixpt_UnpackScaleFactors)
lib/libhelix.a(subband.o)     lib/libhelix.a(mp3dec.o) (xmp3fixpt_Subband)
lib/libhelix.a(trigtabs_fixpt.o)
                              lib/libhelix.a(subband.o) (xmp3fixpt_polyCoef)
lib/libhelix.a(asmpoly_gcc.o)
                              lib/libhelix.a(subband.o) (xmp3fixpt_PolyphaseStereo)
lib/libhelix.a(bitstream.o)   lib/libhelix.a(scalfact.o) (xmp3fixpt_SetBitstreamPointer)
lib/libhelix.a(buffers.o)     lib/libhelix.a(mp3dec.o) (xmp3fixpt_FreeBuffers)
lib/libhelix.a(dct32.o)       lib/libhelix.a(subband.o) (xmp3fixpt_FDCT32)
lib/libhelix.a(dequant.o)     lib/libhelix.a(mp3dec.o) (xmp3fixpt_Dequantize)
lib/libhelix.a(dqchan.o)      lib/libhelix.a(dequant.o) (xmp3fixpt_DequantChannel)
lib/libhelix.a(huffman.o)     lib/libhelix.a(mp3dec.o) (xmp3fixpt_DecodeHuffman)
lib/libhelix.a(hufftabs.o)    lib/libhelix.a(huffman.o) (xmp3fixpt_huffTable)
lib/libhelix.a(imdct.o)       lib/libhelix.a(mp3dec.o) (xmp3fixpt_IMDCT)
lib/libhelix.a(stproc.o)      lib/libhelix.a(dequant.o) (xmp3fixpt_MidSideProc)
C:\Program Files\Hitex\GnuToolPackageArm\bin\..\arm-hitex-elf\lib\interwork/libc.a(lib_a-impure.o)
                              .\objects\spi.o (_impure_ptr)
C:\Program Files\Hitex\GnuToolPackageArm\bin\..\arm-hitex-elf\lib\interwork/libc.a(lib_a-malloc.o)
                              lib/libhelix.a(buffers.o) (free)
C:\Program Files\Hitex\GnuToolPackageArm\bin\..\arm-hitex-elf\lib\interwork/libc.a(lib_a-mallocr.o)
                              C:\Program Files\Hitex\GnuToolPackageArm\bin\..\arm-hitex-elf\lib\interwork/libc.a(lib_a-malloc.o) (_malloc_r)
C:\Program Files\Hitex\GnuToolPackageArm\bin\..\arm-hitex-elf\lib\interwork/libc.a(lib_a-memcpy.o)
                              .\objects\spi.o (memcpy)
C:\Program Files\Hitex\GnuToolPackageArm\bin\..\arm-hitex-elf\lib\interwork/libc.a(lib_a-memmove.o)
                              lib/libhelix.a(mp3dec.o) (memmove)
C:\Program Files\Hitex\GnuToolPackageArm\bin\..\arm-hitex-elf\lib\interwork/libc.a(lib_a-mlock.o)
                              C:\Program Files\Hitex\GnuToolPackageArm\bin\..\arm-hitex-elf\lib\interwork/libc.a(lib_a-mallocr.o) (__malloc_lock)
C:\Program Files\Hitex\GnuToolPackageArm\bin\..\arm-hitex-elf\lib\interwork/libc.a(lib_a-printf.o)
                              .\objects\Mp3.o (printf)
C:\Program Files\Hitex\GnuToolPackageArm\bin\..\arm-hitex-elf\lib\interwork/libc.a(lib_a-puts.o)
                              .\objects\Mp3.o (puts)
C:\Program Files\Hitex\GnuToolPackageArm\bin\..\arm-hitex-elf\lib\interwork/libc.a(lib_a-rget.o)
                              .\objects\spi.o (__srget_r)
C:\Program Files\Hitex\GnuToolPackageArm\bin\..\arm-hitex-elf\lib\interwork/libc.a(lib_a-scanf.o)
                              .\objects\main.o (scanf)
C:\Program Files\Hitex\GnuToolPackageArm\bin\..\arm-hitex-elf\lib\interwork/libc.a(lib_a-strlen.o)
                              .\objects\updownload.o (strlen)
C:\Program Files\Hitex\GnuToolPackageArm\bin\..\arm-hitex-elf\lib\interwork/libc.a(lib_a-vfprintf.o)
                              C:\Program Files\Hitex\GnuToolPackageArm\bin\..\arm-hitex-elf\lib\interwork/libc.a(lib_a-printf.o) (_vfprintf_r)
C:\Program Files\Hitex\GnuToolPackageArm\bin\..\arm-hitex-elf\lib\interwork/libc.a(lib_a-vfscanf.o)
                              C:\Program Files\Hitex\GnuToolPackageArm\bin\..\arm-hitex-elf\lib\interwork/libc.a(lib_a-scanf.o) (__svfscanf_r)
C:\Program Files\Hitex\GnuToolPackageArm\bin\..\arm-hitex-elf\lib\interwork/libc.a(lib_a-wcrtomb.o)
                              C:\Program Files\Hitex\GnuToolPackageArm\bin\..\arm-hitex-elf\lib\interwork/libc.a(lib_a-vfprintf.o) (_wcrtomb_r)
C:\Program Files\Hitex\GnuToolPackageArm\bin\..\arm-hitex-elf\lib\interwork/libc.a(lib_a-wcsrtombs.o)
                              C:\Program Files\Hitex\GnuToolPackageArm\bin\..\arm-hitex-elf\lib\interwork/libc.a(lib_a-vfprintf.o) (_wcsrtombs_r)
C:\Program Files\Hitex\GnuToolPackageArm\bin\..\arm-hitex-elf\lib\interwork/libc.a(lib_a-wctomb_r.o)
                              C:\Program Files\Hitex\GnuToolPackageArm\bin\..\arm-hitex-elf\lib\interwork/libc.a(lib_a-wcrtomb.o) (_wctomb_r)
C:\Program Files\Hitex\GnuToolPackageArm\bin\..\arm-hitex-elf\lib\interwork/libc.a(lib_a-wsetup.o)
                              C:\Program Files\Hitex\GnuToolPackageArm\bin\..\arm-hitex-elf\lib\interwork/libc.a(lib_a-vfprintf.o) (__swsetup)
C:\Program Files\Hitex\GnuToolPackageArm\bin\..\arm-hitex-elf\lib\interwork/libc.a(lib_a-ctype_.o)
                              C:\Program Files\Hitex\GnuToolPackageArm\bin\..\arm-hitex-elf\lib\interwork/libc.a(lib_a-vfscanf.o) (__ctype_ptr)
[...]
Memory Configuration

Name             Origin             Length             Attributes
IntCode          0x00000000         0x00080000         xr
IntDataRAM       0x40000000         0x00010000         rw
*default*        0x00000000         0xffffffff

Linker script and memory map

LOAD .\objects\Mp3.o
LOAD .\objects\main.o
LOAD .\objects\spi.o
LOAD .\objects\startup.o
LOAD .\objects\updownload.o
LOAD .\objects\ConfigStick.o
LOAD .\objects\armVIC.o
LOAD .\objects\conio.o
LOAD .\objects\delay.o
LOAD .\objects\fio.o
LOAD .\objects\interrupt.o
LOAD .\objects\portlcd.o
LOAD .\objects\syscalls_lpc.o
LOAD .\objects\target_info.o
LOAD .\objects\uart.o
LOAD .\objects\uartISR.o
                0x40010000                PROVIDE (_top_stack_, 0x40010000)
                0x40010000                PROVIDE (_end_of_heap_, 0x40010000)

.text           0x00000000    0x16d9c
                0x00000000                __code_start__ = .
 .\objects\startup.o(.text)
 .text          0x00000000      0x214 .\objects\startup.o
                0x00000000                _startup
                0x00000038                ResetEntry
                0x0000004c                start
                0x0000004c                Start_init_s
 *.o(.text)
 .text          0x00000214      0x948 .\objects\Mp3.o
                0x00000244                toggleOutput
                0x000007dc                start_pwm
                0x00000850                MP3PlayLoop
                0x00000490                readInfo
                0x00000274                isrPwm
                0x00000214                toggleInput
                0x0000080c                fill_input
                0x00000554                initMP3
                0x000007b0                resetInputpointer
 .text          0x00000b5c      0x184 .\objects\main.o
                0x00000b5c                menueText
                0x00000c98                main
 .text          0x00000ce0      0xfa0 .\objects\spi.o
                0x00000ed8                waitforFinish
                0x00000e68                wait_recieve
                0x00000e98                erase_all
                0x00000f98                eraseBlock
                0x00001144                writeEN
                0x0000108c                select_slave
                0x00001bcc                eraseInput
                0x000010f4                unprotect_all
                0x00001030                read
                0x0000133c                menue
                0x0000123c                readId
                0x00001994                readMem
                0x0000117c                readSreg
                0x000010c0                deselect_slave
                0x00001abc                writeMem
                0x00000ce0                initSPI
                0x00001788                download_spi
 .text          0x00001c80      0xa80 .\objects\updownload.o
                0x0000219c                udl_putc
                0x00001c80                udl_open
                0x00002018                udl_getc
                0x00001e88                udl_close
 .text          0x00002700      0x818 .\objects\ConfigStick.o
                0x00002da4                Check_Hardware
                0x00002cac                ADC_get_channel
                0x00002700                Peripheral_Clock_Configuration
                0x00002760                Power_Configuration
                0x00002e88                BaseStickConfig
                0x00002c80                WDT_Configuration
                0x00002808                GPIO_Configuration
 .text          0x00002f18      0x1f4 .\objects\armVIC.o
                0x00002fac                restoreIRQ
                0x000030cc                enableFIQ
                0x0000303c                disableFIQ
                0x00002ffc                enableIRQ
                0x0000307c                restoreFIQ
                0x00002f18                disableIRQ
 .text          0x0000310c      0x140 .\objects\conio.o
                0x000031a0                kbhit
                0x00003208                putch
                0x0000310c                getch
                0x00003148                getche
 .text          0x0000324c      0x144 .\objects\delay.o
                0x0000324c                delay
                0x00003324                init_delay
 .text          0x00003390      0x1b8 .\objects\fio.o
                0x00003390                GPIOInit
 .text          0x00003548       0xd8 .\objects\interrupt.o
                0x00003548                SWI_Handler
                0x000035ec                Undef_Handler
                0x000035d8                DAbt_Handler
                0x00003600                FIQ_Handler
                0x000035c4                PAbt_Handler
 .text          0x00003620      0x6a8 .\objects\portlcd.o
                0x00003704                lcd_write
                0x00003914                LCD_init
                0x000039f8                LCD_load
                0x00003620                lcd_delay
                0x0000385c                lcd_wait_busy
                0x00003894                lcd_write_cmd
                0x00003bc4                LCD_puts
                0x00003c1c                LCD_bargraph
                0x00003658                lcd_write_4bit
                0x00003b44                LCD_on
                0x00003b64                LCD_putc
                0x000038d4                lcd_write_data
                0x00003a70                LCD_gotoxy
                0x0000373c                lcd_read_stat
                0x00003b24                LCD_cur_off
                0x00003af8                LCD_cls
 .text          0x00003cc8      0x27c .\objects\syscalls_lpc.o
                0x00003e9c                _sbrk_r
                0x00003d88                _read_r
                0x00003cc8                _write_r
 .text          0x00003f44      0x180 .\objects\target_info.o
                0x00004020                GetPclk
                0x00003f44                GetCclk
 .text          0x000040c4      0xd40 .\objects\uart.o
                0x00004a9c                uart2Space
                0x00004b90                uart2Write
                0x00004c54                uart2TxEmpty
                0x000044f8                uart0Write
                0x000042a4                uart0Putch
                0x000040c4                uart0Init
                0x000045fc                uart0TxFlush
                0x00004c94                uart2TxFlush
                0x00004488                uart0Puts
                0x0000469c                uart0Getch
                0x00004404                uart0Space
                0x0000476c                uart2Init
                0x000045bc                uart0TxEmpty
                0x00004d34                uart2Getch
                0x0000493c                uart2Putch
                0x00004b20                uart2Puts
 .text          0x00004e04      0x538 .\objects\uartISR.o
                0x0000508c                uart2ISR
                0x00004e04                uart0ISR
 .text          0x0000533c      0x6a4 lib/libhelix.a(mp3dec.o)
                0x0000533c                MP3FindSyncWord
                0x000059c4                MP3InitDecoder
                0x000059a4                MP3FreeDecoder
                0x00005484                MP3GetNextFrameInfo
                0x0000539c                MP3GetLastFrameInfo
                0x000054e8                MP3Decode
 .text          0x000059e0        0x0 lib/libhelix.a(mp3tabs.o)
 .text          0x000059e0      0x91c lib/libhelix.a(scalfact.o)
                0x000059e0                xmp3fixpt_UnpackScaleFactors
 .text          0x000062fc      0x19c lib/libhelix.a(subband.o)
                0x000062fc                xmp3fixpt_Subband
 .text          0x00006498        0x0 lib/libhelix.a(trigtabs_fixpt.o)
 .text          0x00006498      0x8b8 lib/libhelix.a(asmpoly_gcc.o)
                0x00006a04                xmp3fixpt_PolyphaseMono
                0x00006498                xmp3fixpt_PolyphaseStereo
 .text          0x00006d50      0x7fc lib/libhelix.a(bitstream.o)
                0x00007190                xmp3fixpt_UnpackSideInfo
                0x00006d68                xmp3fixpt_GetBits
                0x00006e9c                xmp3fixpt_CalcBitsUsed
                0x00006eb4                xmp3fixpt_CheckPadBit
                0x00006ee0                xmp3fixpt_UnpackFrameHeader
                0x00006d50                xmp3fixpt_SetBitstreamPointer
 .text          0x0000754c      0x224 lib/libhelix.a(buffers.o)
                0x0000760c                xmp3fixpt_AllocateBuffers
                0x00007570                xmp3fixpt_FreeBuffers
 .text          0x00007770      0xb74 lib/libhelix.a(dct32.o)
                0x00007770                xmp3fixpt_FDCT32
 .text          0x000082e4      0x40c lib/libhelix.a(dequant.o)
                0x000082e4                xmp3fixpt_Dequantize
 .text          0x000086f0      0x62c lib/libhelix.a(dqchan.o)
                0x0000892c                xmp3fixpt_DequantChannel
 .text          0x00008d1c      0x9c0 lib/libhelix.a(huffman.o)
                0x00008d1c                xmp3fixpt_DecodeHuffman
 .text          0x000096dc        0x0 lib/libhelix.a(hufftabs.o)
 .text          0x000096dc     0x176c lib/libhelix.a(imdct.o)
                0x00009a50                xmp3fixpt_IMDCT
 .text          0x0000ae48      0x9bc lib/libhelix.a(stproc.o)
                0x0000b334                xmp3fixpt_IntensityProcMPEG1
                0x0000ae48                xmp3fixpt_MidSideProc
                0x0000aedc                xmp3fixpt_IntensityProcMPEG2
 .text          0x0000b804        0x0 C:\Program Files\Hitex\GnuToolPackageArm\bin\..\arm-hitex-elf\lib\interwork/libc.a(lib_a-impure.o)
 .text          0x0000b804       0x40 C:\Program Files\Hitex\GnuToolPackageArm\bin\..\arm-hitex-elf\lib\interwork/libc.a(lib_a-malloc.o)
                0x0000b824                malloc
                0x0000b804                free
 .text          0x0000b844      0x688 C:\Program Files\Hitex\GnuToolPackageArm\bin\..\arm-hitex-elf\lib\interwork/libc.a(lib_a-mallocr.o)
                0x0000b844                _malloc_r
 .text          0x0000becc       0x20 C:\Program Files\Hitex\GnuToolPackageArm\bin\..\arm-hitex-elf\lib\interwork/libc.a(lib_a-memcpy.o)
                0x0000becc                memcpy
 .text          0x0000beec       0x54 C:\Program Files\Hitex\GnuToolPackageArm\bin\..\arm-hitex-elf\lib\interwork/libc.a(lib_a-memmove.o)
                0x0000beec                memmove
 .text          0x0000bf40        0x8 C:\Program Files\Hitex\GnuToolPackageArm\bin\..\arm-hitex-elf\lib\interwork/libc.a(lib_a-mlock.o)
                0x0000bf44                __malloc_unlock
                0x0000bf40                __malloc_lock
 .text          0x0000bf48       0x74 C:\Program Files\Hitex\GnuToolPackageArm\bin\..\arm-hitex-elf\lib\interwork/libc.a(lib_a-printf.o)
                0x0000bf48                printf
                0x0000bf88                _printf_r
 .text          0x0000bfbc       0x88 C:\Program Files\Hitex\GnuToolPackageArm\bin\..\arm-hitex-elf\lib\interwork/libc.a(lib_a-puts.o)
                0x0000bfbc                _puts_r
                0x0000c030                puts
 .text          0x0000c044       0x4c C:\Program Files\Hitex\GnuToolPackageArm\bin\..\arm-hitex-elf\lib\interwork/libc.a(lib_a-rget.o)
                0x0000c07c                __srget
                0x0000c044                __srget_r
 .text          0x0000c090       0x74 C:\Program Files\Hitex\GnuToolPackageArm\bin\..\arm-hitex-elf\lib\interwork/libc.a(lib_a-scanf.o)
                0x0000c090                _scanf_r
                0x0000c0c4                scanf
 .text          0x0000c104       0x20 C:\Program Files\Hitex\GnuToolPackageArm\bin\..\arm-hitex-elf\lib\interwork/libc.a(lib_a-strlen.o)
                0x0000c104                strlen
 .text          0x0000c124     0x1da0 C:\Program Files\Hitex\GnuToolPackageArm\bin\..\arm-hitex-elf\lib\interwork/libc.a(lib_a-vfprintf.o)
                0x0000c160                _vfprintf_r
                0x0000de98                vfprintf
 .text          0x0000dec4     0x1114 C:\Program Files\Hitex\GnuToolPackageArm\bin\..\arm-hitex-elf\lib\interwork/libc.a(lib_a-vfscanf.o)
                0x0000ef20                __svfscanf
                0x0000ef4c                _vfscanf_r
                0x0000ef88                vfscanf
                0x0000dec4                __svfscanf_r
 .text          0x0000efd8       0x78 C:\Program Files\Hitex\GnuToolPackageArm\bin\..\arm-hitex-elf\lib\interwork/libc.a(lib_a-wcrtomb.o)
                0x0000efd8                _wcrtomb_r
                0x0000f024                wcrtomb
 .text          0x0000f050      0x14c C:\Program Files\Hitex\GnuToolPackageArm\bin\..\arm-hitex-elf\lib\interwork/libc.a(lib_a-wcsrtombs.o)
                0x0000f050                _wcsrtombs_r
                0x0000f15c                wcsrtombs
 .text          0x0000f19c      0x424 C:\Program Files\Hitex\GnuToolPackageArm\bin\..\arm-hitex-elf\lib\interwork/libc.a(lib_a-wctomb_r.o)
                0x0000f19c                _wctomb_r
 .text          0x0000f5c0       0xf8 C:\Program Files\Hitex\GnuToolPackageArm\bin\..\arm-hitex-elf\lib\interwork/libc.a(lib_a-wsetup.o)
                0x0000f5c0                __swsetup
 .text          0x0000f6b8        0x0 C:\Program Files\Hitex\GnuToolPackageArm\bin\..\arm-hitex-elf\lib\interwork/libc.a(lib_a-ctype_.o)
 .text          0x0000f6b8     0x14fc C:\Program Files\Hitex\GnuToolPackageArm\bin\..\arm-hitex-elf\lib\interwork/libc.a(lib_a-dtoa.o)
                0x0000f894                _dtoa_r
 .text          0x00010bb4      0x19c C:\Program Files\Hitex\GnuToolPackageArm\bin\..\arm-hitex-elf\lib\interwork/libc.a(lib_a-fflush.o)
                0x00010bb4                fflush
 .text          0x00010d50      0x284 C:\Program Files\Hitex\GnuToolPackageArm\bin\..\arm-hitex-elf\lib\interwork/libc.a(lib_a-findfp.o)
                0x00010dac                __sinit
                0x00010e74                __sfmoreglue
                0x00010e64                _cleanup
                0x00010e4c                _cleanup_r
                0x00010ee8                __fp_lock_all
                0x00010e2c                __sfp_lock_acquire
                0x00010f0c                __sfp
                0x00010e38                __sinit_lock_release
                0x00010ec4                __fp_unlock_all
                0x00010e30                __sfp_lock_release
                0x00010e34                __sinit_lock_acquire
 .text          0x00010fd4      0x120 C:\Program Files\Hitex\GnuToolPackageArm\bin\..\arm-hitex-elf\lib\interwork/libc.a(lib_a-fread.o)
                0x000110b4                fread
                0x00010fd4                _fread_r
 .text          0x000110f4      0x35c C:\Program Files\Hitex\GnuToolPackageArm\bin\..\arm-hitex-elf\lib\interwork/libc.a(lib_a-freer.o)
                0x000111f0                _free_r
                0x000110f4                _malloc_trim_r
 .text          0x00011450      0x3fc C:\Program Files\Hitex\GnuToolPackageArm\bin\..\arm-hitex-elf\lib\interwork/libc.a(lib_a-fvwrite.o)
                0x00011450                __sfvwrite_r
 .text          0x0001184c       0xf4 C:\Program Files\Hitex\GnuToolPackageArm\bin\..\arm-hitex-elf\lib\interwork/libc.a(lib_a-fwalk.o)
                0x000118c8                _fwalk
                0x0001184c                _fwalk_reent
 .text          0x00011940       0x24 C:\Program Files\Hitex\GnuToolPackageArm\bin\..\arm-hitex-elf\lib\interwork/libc.a(lib_a-iswspace.o)
                0x00011940                iswspace
 .text          0x00011964       0xa8 C:\Program Files\Hitex\GnuToolPackageArm\bin\..\arm-hitex-elf\lib\interwork/libc.a(lib_a-locale.o)
                0x00011980                _setlocale_r
                0x00011964                __locale_charset
                0x00011974                _localeconv_r
                0x000119e4                setlocale
                0x00011a00                localeconv
 .text          0x00011a0c      0x154 C:\Program Files\Hitex\GnuToolPackageArm\bin\..\arm-hitex-elf\lib\interwork/libc.a(lib_a-makebuf.o)
                0x00011a0c                __smakebuf
 .text          0x00011b60       0x98 C:\Program Files\Hitex\GnuToolPackageArm\bin\..\arm-hitex-elf\lib\interwork/libc.a(lib_a-mbrtowc.o)
                0x00011bb8                mbrtowc
                0x00011b60                _mbrtowc_r
 .text          0x00011bf8       0x50 C:\Program Files\Hitex\GnuToolPackageArm\bin\..\arm-hitex-elf\lib\interwork/libc.a(lib_a-mbtowc_r.o)
                0x00011bf8                _mbtowc_r
 .text          0x00011c48       0x28 C:\Program Files\Hitex\GnuToolPackageArm\bin\..\arm-hitex-elf\lib\interwork/libc.a(lib_a-memchr.o)
                0x00011c48                memchr
 .text          0x00011c70       0x1c C:\Program Files\Hitex\GnuToolPackageArm\bin\..\arm-hitex-elf\lib\interwork/libc.a(lib_a-memset.o)
                0x00011c70                memset
 .text          0x00011c8c      0xc00 C:\Program Files\Hitex\GnuToolPackageArm\bin\..\arm-hitex-elf\lib\interwork/libc.a(lib_a-mprec.o)
                0x00011f80                _mprec_log10
                0x00012034                __any_on
                0x0001209c                _Balloc
                0x00011f04                __ratio
                0x000125e0                __i2b
                0x00011e50                __b2d
                0x000127a8                __s2b
                0x00011d90                __mcmp
                0x00011ca8                __hi0bits
                0x000126cc                __pow5mult
                0x00012368                __lshift
                0x00012448                __multiply
                0x00012130                __d2b
                0x00011fec                __copybits
                0x00011df0                __ulp
                0x00012244                __mdiff
                0x00011d00                __lo0bits
                0x00012604                __multadd
                0x00011c8c                _Bfree
 .text          0x0001288c      0x4d4 C:\Program Files\Hitex\GnuToolPackageArm\bin\..\arm-hitex-elf\lib\interwork/libc.a(lib_a-reallocr.o)
                0x0001288c                _realloc_r
 .text          0x00012d60      0x1b8 C:\Program Files\Hitex\GnuToolPackageArm\bin\..\arm-hitex-elf\lib\interwork/libc.a(lib_a-refill.o)
                0x00012d8c                __srefill_r
 .text          0x00012f18       0x2c C:\Program Files\Hitex\GnuToolPackageArm\bin\..\arm-hitex-elf\lib\interwork/libc.a(lib_a-s_isinfd.o)
                0x00012f18                __isinfd
 .text          0x00012f44       0x20 C:\Program Files\Hitex\GnuToolPackageArm\bin\..\arm-hitex-elf\lib\interwork/libc.a(lib_a-s_isnand.o)
                0x00012f44                __isnand
 .text          0x00012f64       0xcc C:\Program Files\Hitex\GnuToolPackageArm\bin\..\arm-hitex-elf\lib\interwork/libc.a(lib_a-sccl.o)
                0x00012f64                __sccl
 .text          0x00013030        0xc C:\Program Files\Hitex\GnuToolPackageArm\bin\..\arm-hitex-elf\lib\interwork/libc.a(lib_a-sf_nan.o)
                0x00013030                nanf
 .text          0x0001303c       0xdc C:\Program Files\Hitex\GnuToolPackageArm\bin\..\arm-hitex-elf\lib\interwork/libc.a(lib_a-sprintf.o)
                0x000130b0                _sprintf_r
                0x0001303c                sprintf
 .text          0x00013118      0x110 C:\Program Files\Hitex\GnuToolPackageArm\bin\..\arm-hitex-elf\lib\interwork/libc.a(lib_a-stdio.o)
                0x00013138                __sseek
                0x000131e0                __sread
                0x00013118                __sclose
                0x00013180                __swrite
 .text          0x00013228       0x30 C:\Program Files\Hitex\GnuToolPackageArm\bin\..\arm-hitex-elf\lib\interwork/libc.a(lib_a-strcmp.o)
                0x00013228                strcmp
 .text          0x00013258     0x12d0 C:\Program Files\Hitex\GnuToolPackageArm\bin\..\arm-hitex-elf\lib\interwork/libc.a(lib_a-strtod.o)
                0x000132a4                _strtod_r
                0x0001450c                strtod
                0x000144b8                strtof
 .text          0x00014528      0x1c4 C:\Program Files\Hitex\GnuToolPackageArm\bin\..\arm-hitex-elf\lib\interwork/libc.a(lib_a-strtol.o)
                0x000146c0                strtol
                0x00014528                _strtol_r
 .text          0x000146ec      0x1a4 C:\Program Files\Hitex\GnuToolPackageArm\bin\..\arm-hitex-elf\lib\interwork/libc.a(lib_a-strtoul.o)
                0x00014864                strtoul
                0x000146ec                _strtoul_r
 .text          0x00014890      0x5e4 C:\Program Files\Hitex\GnuToolPackageArm\bin\..\arm-hitex-elf\lib\interwork/libc.a(lib_a-syscalls.o)
                0x00014954                _getpid
                0x000148c0                initialise_monitor_handles
                0x000149c8                isatty
                0x00014b44                _fstat
                0x00014b24                _open
                0x00014a18                _sbrk
                0x0001496c                _raise
                0x0001499c                _times
                0x00014c1c                _stat
                0x00014dc4                _lseek
                0x0001495c                _link
                0x00014c80                _swiwrite
                0x000149d8                _rename
                0x00014d20                _swilseek
                0x00014be8                _swiclose
                0x00014a88                _swiopen
                0x00014964                _unlink
                0x00014cac                _write
                0x0001494c                _kill
                0x00014970                _gettimeofday
                0x00014e00                _read
                0x00014e6c                _exit
                0x000149f4                _system
                0x00014dd4                _swiread
                0x00014c70                _close
 .text          0x00014e74      0x228 C:\Program Files\Hitex\GnuToolPackageArm\bin\..\arm-hitex-elf\lib\interwork/libc.a(lib_a-ungetc.o)
                0x00015080                ungetc
                0x00014e74                __submore
                0x00014f28                _ungetc_r
 .text          0x0001509c       0x9c C:\Program Files\Hitex\GnuToolPackageArm\bin\..\arm-hitex-elf\lib\interwork/libc.a(lib_a-callocr.o)
                0x0001509c                _calloc_r
 .text          0x00015138       0x3c C:\Program Files\Hitex\GnuToolPackageArm\bin\..\arm-hitex-elf\lib\interwork/libc.a(lib_a-closer.o)
                0x00015138                _close_r
 .text          0x00015174       0x10 C:\Program Files\Hitex\GnuToolPackageArm\bin\..\arm-hitex-elf\lib\interwork/libc.a(lib_a-errno.o)
                0x00015174                __errno
 .text          0x00015184       0xf4 C:\Program Files\Hitex\GnuToolPackageArm\bin\..\arm-hitex-elf\lib\interwork/libc.a(lib_a-fclose.o)
                0x00015184                _fclose_r
                0x00015264                fclose
 .text          0x00015278       0x40 C:\Program Files\Hitex\GnuToolPackageArm\bin\..\arm-hitex-elf\lib\interwork/libc.a(lib_a-fstatr.o)
                0x00015278                _fstat_r
 .text          0x000152b8      0x764 C:\Program Files\Hitex\GnuToolPackageArm\bin\..\arm-hitex-elf\lib\interwork/libc.a(lib_a-gdtoa-gethex.o)
                0x000152ec                __hexdig_init
                0x000153d8                __gethex
 .text          0x00015a1c      0x240 C:\Program Files\Hitex\GnuToolPackageArm\bin\..\arm-hitex-elf\lib\interwork/libc.a(lib_a-gdtoa-hexnan.o)
                0x00015a54                __hexnan
 .text          0x00015c5c       0x44 C:\Program Files\Hitex\GnuToolPackageArm\bin\..\arm-hitex-elf\lib\interwork/libc.a(lib_a-lseekr.o)
                0x00015c5c                _lseek_r
 .text          0x00015ca0      0x18c C:\Program Files\Hitex\GnuToolPackageArm\bin\..\arm-hitex-elf\lib\interwork/libc.a(lib_a-reent.o)
                0x00015d10                cleanup_glue
                0x00015d3c                _reclaim_reent
                0x00015ca0                _wrapup_reent
 .text          0x00015e2c      0x114 C:\Program Files\Hitex\GnuToolPackageArm\bin\..\lib\gcc\arm-hitex-elf\4.1.1\interwork/libgcc.a(_udivsi3.o)
                0x00015e2c                __udivsi3
                0x00015e2c                __aeabi_uidiv
                0x00015f28                __aeabi_uidivmod
 .text          0x00015f40      0x144 C:\Program Files\Hitex\GnuToolPackageArm\bin\..\lib\gcc\arm-hitex-elf\4.1.1\interwork/libgcc.a(_divsi3.o)
                0x00015f40                __aeabi_idiv
                0x00015f40                __divsi3
                0x0001606c                __aeabi_idivmod
 .text          0x00016084       0xd0 C:\Program Files\Hitex\GnuToolPackageArm\bin\..\lib\gcc\arm-hitex-elf\4.1.1\interwork/libgcc.a(_umodsi3.o)
                0x00016084                __umodsi3
 .text          0x00016154       0xe8 C:\Program Files\Hitex\GnuToolPackageArm\bin\..\lib\gcc\arm-hitex-elf\4.1.1\interwork/libgcc.a(_modsi3.o)
                0x00016154                __modsi3
 .text          0x0001623c        0x4 C:\Program Files\Hitex\GnuToolPackageArm\bin\..\lib\gcc\arm-hitex-elf\4.1.1\interwork/libgcc.a(_dvmd_tls.o)
                0x0001623c                __aeabi_ldiv0
                0x0001623c                __div0
                0x0001623c                __aeabi_idiv0
 .text          0x00016240      0x430 C:\Program Files\Hitex\GnuToolPackageArm\bin\..\lib\gcc\arm-hitex-elf\4.1.1\interwork/libgcc.a(_addsubdf3.o)
                0x00016604                __floatdidf
                0x00016584                __floatsidf
                0x0001655c                __aeabi_ui2d
                0x00016240                __aeabi_drsub
                0x000165b0                __extendsfdf2
                0x0001624c                __adddf3
                0x0001655c                __floatunsidf
                0x0001624c                __aeabi_dadd
                0x000165f0                __aeabi_ul2d
                0x00016248                __aeabi_dsub
                0x000165f0                __floatundidf
                0x00016584                __aeabi_i2d
                0x00016604                __aeabi_l2d
                0x000165b0                __aeabi_f2d
                0x00016248                __subdf3
 .text          0x00016670      0x49c C:\Program Files\Hitex\GnuToolPackageArm\bin\..\lib\gcc\arm-hitex-elf\4.1.1\interwork/libgcc.a(_muldivdf3.o)
                0x00016900                __aeabi_ddiv
                0x00016670                __aeabi_dmul
                0x00016900                __divdf3
                0x00016670                __muldf3
 .text          0x00016b0c      0x140 C:\Program Files\Hitex\GnuToolPackageArm\bin\..\lib\gcc\arm-hitex-elf\4.1.1\interwork/libgcc.a(_cmpdf2.o)
                0x00016c04                __aeabi_dcmple
                0x00016b1c                __cmpdf2
                0x00016b1c                __eqdf2
                0x00016b0c                __gtdf2
                0x00016bbc                __aeabi_cdcmple
                0x00016ba0                __aeabi_cdrcmple
                0x00016b14                __ltdf2
                0x00016bec                __aeabi_dcmplt
                0x00016b14                __ledf2
                0x00016c34                __aeabi_dcmpgt
                0x00016c1c                __aeabi_dcmpge
                0x00016b1c                __nedf2
                0x00016bd4                __aeabi_dcmpeq
                0x00016bbc                __aeabi_cdcmpeq
                0x00016b0c                __gedf2
 .text          0x00016c4c       0x5c C:\Program Files\Hitex\GnuToolPackageArm\bin\..\lib\gcc\arm-hitex-elf\4.1.1\interwork/libgcc.a(_fixdfsi.o)
                0x00016c4c                __fixdfsi
                0x00016c4c                __aeabi_d2iz
 .text          0x00016ca8       0x54 C:\Program Files\Hitex\GnuToolPackageArm\bin\..\lib\gcc\arm-hitex-elf\4.1.1\interwork/libgcc.a(_fixunsdfsi.o)
                0x00016ca8                __fixunsdfsi
                0x00016ca8                __aeabi_d2uiz
 .text          0x00016cfc       0xa0 C:\Program Files\Hitex\GnuToolPackageArm\bin\..\lib\gcc\arm-hitex-elf\4.1.1\interwork/libgcc.a(_truncdfsf2.o)
                0x00016cfc                __aeabi_d2f
                0x00016cfc                __truncdfsf2
                0x00016d9c                . = ALIGN (0x4)
                0x00016d9c                __code_end__ = .
 *(.gnu.linkonce.t.*)
 *(.glue_7)
 .glue_7        0x00016d9c        0x0 .\objects\Mp3.o
 .glue_7        0x00016d9c        0x0 .\objects\main.o
 .glue_7        0x00016d9c        0x0 .\objects\spi.o
 .glue_7        0x00016d9c        0x0 .\objects\startup.o
 .glue_7        0x00016d9c        0x0 .\objects\updownload.o
 .glue_7        0x00016d9c        0x0 .\objects\ConfigStick.o
 .glue_7        0x00016d9c        0x0 .\objects\armVIC.o
 .glue_7        0x00016d9c        0x0 .\objects\conio.o
 .glue_7        0x00016d9c        0x0 .\objects\delay.o
 .glue_7        0x00016d9c        0x0 .\objects\fio.o
 .glue_7        0x00016d9c        0x0 .\objects\interrupt.o
 .glue_7        0x00016d9c        0x0 .\objects\portlcd.o
 .glue_7        0x00016d9c        0x0 .\objects\syscalls_lpc.o
 .glue_7        0x00016d9c        0x0 .\objects\target_info.o
 .glue_7        0x00016d9c        0x0 .\objects\uart.o
 .glue_7        0x00016d9c        0x0 .\objects\uartISR.o
 .glue_7        0x00016d9c        0x0 lib/libhelix.a(mp3dec.o)
 .glue_7        0x00016d9c        0x0 lib/libhelix.a(mp3tabs.o)
 .glue_7        0x00016d9c        0x0 lib/libhelix.a(scalfact.o)
 .glue_7        0x00016d9c        0x0 lib/libhelix.a(subband.o)
 .glue_7        0x00016d9c        0x0 lib/libhelix.a(trigtabs_fixpt.o)
 .glue_7        0x00016d9c        0x0 lib/libhelix.a(asmpoly_gcc.o)
 .glue_7        0x00016d9c        0x0 lib/libhelix.a(bitstream.o)
 .glue_7        0x00016d9c        0x0 lib/libhelix.a(buffers.o)
 .glue_7        0x00016d9c        0x0 lib/libhelix.a(dct32.o)
 .glue_7        0x00016d9c        0x0 lib/libhelix.a(dequant.o)
 .glue_7        0x00016d9c        0x0 lib/libhelix.a(dqchan.o)
 .glue_7        0x00016d9c        0x0 lib/libhelix.a(huffman.o)
 .glue_7        0x00016d9c        0x0 lib/libhelix.a(hufftabs.o)
 .glue_7        0x00016d9c        0x0 lib/libhelix.a(imdct.o)
 .glue_7        0x00016d9c        0x0 lib/libhelix.a(stproc.o)
 .glue_7        0x00016d9c        0x0 C:\Program Files\Hitex\GnuToolPackageArm\bin\..\arm-hitex-elf\lib\interwork/libc.a(lib_a-impure.o)
 .glue_7        0x00016d9c        0x0 C:\Program Files\Hitex\GnuToolPackageArm\bin\..\arm-hitex-elf\lib\interwork/libc.a(lib_a-malloc.o)
 .glue_7        0x00016d9c        0x0 C:\Program Files\Hitex\GnuToolPackageArm\bin\..\arm-hitex-elf\lib\interwork/libc.a(lib_a-mallocr.o)
 .glue_7        0x00016d9c        0x0 C:\Program Files\Hitex\GnuToolPackageArm\bin\..\arm-hitex-elf\lib\interwork/libc.a(lib_a-memcpy.o)
 .glue_7        0x00016d9c        0x0 C:\Program Files\Hitex\GnuToolPackageArm\bin\..\arm-hitex-elf\lib\interwork/libc.a(lib_a-memmove.o)
 .glue_7        0x00016d9c        0x0 C:\Program Files\Hitex\GnuToolPackageArm\bin\..\arm-hitex-elf\lib\interwork/libc.a(lib_a-mlock.o)
 .glue_7        0x00016d9c        0x0 C:\Program Files\Hitex\GnuToolPackageArm\bin\..\arm-hitex-elf\lib\interwork/libc.a(lib_a-printf.o)
 .glue_7        0x00016d9c        0x0 C:\Program Files\Hitex\GnuToolPackageArm\bin\..\arm-hitex-elf\lib\interwork/libc.a(lib_a-puts.o)
 .glue_7        0x00016d9c        0x0 C:\Program Files\Hitex\GnuToolPackageArm\bin\..\arm-hitex-elf\lib\interwork/libc.a(lib_a-rget.o)
 .glue_7        0x00016d9c        0x0 C:\Program Files\Hitex\GnuToolPackageArm\bin\..\arm-hitex-elf\lib\interwork/libc.a(lib_a-scanf.o)
 .glue_7        0x00016d9c        0x0 C:\Program Files\Hitex\GnuToolPackageArm\bin\..\arm-hitex-elf\lib\interwork/libc.a(lib_a-strlen.o)
 .glue_7        0x00016d9c        0x0 C:\Program Files\Hitex\GnuToolPackageArm\bin\..\arm-hitex-elf\lib\interwork/libc.a(lib_a-vfprintf.o)
 .glue_7        0x00016d9c        0x0 C:\Program Files\Hitex\GnuToolPackageArm\bin\..\arm-hitex-elf\lib\interwork/libc.a(lib_a-vfscanf.o)
 .glue_7        0x00016d9c        0x0 C:\Program Files\Hitex\GnuToolPackageArm\bin\..\arm-hitex-elf\lib\interwork/libc.a(lib_a-wcrtomb.o)
 .glue_7        0x00016d9c        0x0 C:\Program Files\Hitex\GnuToolPackageArm\bin\..\arm-hitex-elf\lib\interwork/libc.a(lib_a-wcsrtombs.o)
 .glue_7        0x00016d9c        0x0 C:\Program Files\Hitex\GnuToolPackageArm\bin\..\arm-hitex-elf\lib\interwork/libc.a(lib_a-wctomb_r.o)
 .glue_7        0x00016d9c        0x0 C:\Program Files\Hitex\GnuToolPackageArm\bin\..\arm-hitex-elf\lib\interwork/libc.a(lib_a-wsetup.o)
 .glue_7        0x00016d9c        0x0 C:\Program Files\Hitex\GnuToolPackageArm\bin\..\arm-hitex-elf\lib\interwork/libc.a(lib_a-ctype_.o)
 .glue_7        0x00016d9c        0x0 C:\Program Files\Hitex\GnuToolPackageArm\bin\..\arm-hitex-elf\lib\interwork/libc.a(lib_a-dtoa.o)
 .glue_7        0x00016d9c        0x0 C:\Program Files\Hitex\GnuToolPackageArm\bin\..\arm-hitex-elf\lib\interwork/libc.a(lib_a-fflush.o)
 .glue_7        0x00016d9c        0x0 C:\Program Files\Hitex\GnuToolPackageArm\bin\..\arm-hitex-elf\lib\interwork/libc.a(lib_a-findfp.o)
 .glue_7        0x00016d9c        0x0 C:\Program Files\Hitex\GnuToolPackageArm\bin\..\arm-hitex-elf\lib\interwork/libc.a(lib_a-fread.o)
 .glue_7        0x00016d9c        0x0 C:\Program Files\Hitex\GnuToolPackageArm\bin\..\arm-hitex-elf\lib\interwork/libc.a(lib_a-freer.o)
 .glue_7        0x00016d9c        0x0 C:\Program Files\Hitex\GnuToolPackageArm\bin\..\arm-hitex-elf\lib\interwork/libc.a(lib_a-fvwrite.o)
 .glue_7        0x00016d9c        0x0 C:\Program Files\Hitex\GnuToolPackageArm\bin\..\arm-hitex-elf\lib\interwork/libc.a(lib_a-fwalk.o)
 .glue_7        0x00016d9c        0x0 C:\Program Files\Hitex\GnuToolPackageArm\bin\..\arm-hitex-elf\lib\interwork/libc.a(lib_a-iswspace.o)
 .glue_7        0x00016d9c        0x0 C:\Program Files\Hitex\GnuToolPackageArm\bin\..\arm-hitex-elf\lib\interwork/libc.a(lib_a-locale.o)
 .glue_7        0x00016d9c        0x0 C:\Program Files\Hitex\GnuToolPackageArm\bin\..\arm-hitex-elf\lib\interwork/libc.a(lib_a-makebuf.o)
 .glue_7        0x00016d9c        0x0 C:\Program Files\Hitex\GnuToolPackageArm\bin\..\arm-hitex-elf\lib\interwork/libc.a(lib_a-mbrtowc.o)
 .glue_7        0x00016d9c        0x0 C:\Program Files\Hitex\GnuToolPackageArm\bin\..\arm-hitex-elf\lib\interwork/libc.a(lib_a-mbtowc_r.o)
 .glue_7        0x00016d9c        0x0 C:\Program Files\Hitex\GnuToolPackageArm\bin\..\arm-hitex-elf\lib\interwork/libc.a(lib_a-memchr.o)
 .glue_7        0x00016d9c        0x0 C:\Program Files\Hitex\GnuToolPackageArm\bin\..\arm-hitex-elf\lib\interwork/libc.a(lib_a-memset.o)
 .glue_7        0x00016d9c        0x0 C:\Program Files\Hitex\GnuToolPackageArm\bin\..\arm-hitex-elf\lib\interwork/libc.a(lib_a-mprec.o)
 .glue_7        0x00016d9c        0x0 C:\Program Files\Hitex\GnuToolPackageArm\bin\..\arm-hitex-elf\lib\interwork/libc.a(lib_a-reallocr.o)
 .glue_7        0x00016d9c        0x0 C:\Program Files\Hitex\GnuToolPackageArm\bin\..\arm-hitex-elf\lib\interwork/libc.a(lib_a-refill.o)
 .glue_7        0x00016d9c        0x0 C:\Program Files\Hitex\GnuToolPackageArm\bin\..\arm-hitex-elf\lib\interwork/libc.a(lib_a-s_isinfd.o)
 .glue_7        0x00016d9c        0x0 C:\Program Files\Hitex\GnuToolPackageArm\bin\..\arm-hitex-elf\lib\interwork/libc.a(lib_a-s_isnand.o)
 .glue_7        0x00016d9c        0x0 C:\Program Files\Hitex\GnuToolPackageArm\bin\..\arm-hitex-elf\lib\interwork/libc.a(lib_a-sccl.o)
 .glue_7        0x00016d9c        0x0 C:\Program Files\Hitex\GnuToolPackageArm\bin\..\arm-hitex-elf\lib\interwork/libc.a(lib_a-sf_nan.o)
 .glue_7        0x00016d9c        0x0 C:\Program Files\Hitex\GnuToolPackageArm\bin\..\arm-hitex-elf\lib\interwork/libc.a(lib_a-sprintf.o)
 .glue_7        0x00016d9c        0x0 C:\Program Files\Hitex\GnuToolPackageArm\bin\..\arm-hitex-elf\lib\interwork/libc.a(lib_a-stdio.o)
 .glue_7        0x00016d9c        0x0 C:\Program Files\Hitex\GnuToolPackageArm\bin\..\arm-hitex-elf\lib\interwork/libc.a(lib_a-strcmp.o)
 .glue_7        0x00016d9c        0x0 C:\Program Files\Hitex\GnuToolPackageArm\bin\..\arm-hitex-elf\lib\interwork/libc.a(lib_a-strtod.o)
 .glue_7        0x00016d9c        0x0 C:\Program Files\Hitex\GnuToolPackageArm\bin\..\arm-hitex-elf\lib\interwork/libc.a(lib_a-strtol.o)
 .glue_7        0x00016d9c        0x0 C:\Program Files\Hitex\GnuToolPackageArm\bin\..\arm-hitex-elf\lib\interwork/libc.a(lib_a-strtoul.o)
 .glue_7        0x00016d9c        0x0 C:\Program Files\Hitex\GnuToolPackageArm\bin\..\arm-hitex-elf\lib\interwork/libc.a(lib_a-syscalls.o)
 .glue_7        0x00016d9c        0x0 C:\Program Files\Hitex\GnuToolPackageArm\bin\..\arm-hitex-elf\lib\interwork/libc.a(lib_a-ungetc.o)
 .glue_7        0x00016d9c        0x0 C:\Program Files\Hitex\GnuToolPackageArm\bin\..\arm-hitex-elf\lib\interwork/libc.a(lib_a-callocr.o)
 .glue_7        0x00016d9c        0x0 C:\Program Files\Hitex\GnuToolPackageArm\bin\..\arm-hitex-elf\lib\interwork/libc.a(lib_a-closer.o)
 .glue_7        0x00016d9c        0x0 C:\Program Files\Hitex\GnuToolPackageArm\bin\..\arm-hitex-elf\lib\interwork/libc.a(lib_a-errno.o)
 .glue_7        0x00016d9c        0x0 C:\Program Files\Hitex\GnuToolPackageArm\bin\..\arm-hitex-elf\lib\interwork/libc.a(lib_a-fclose.o)
 .glue_7        0x00016d9c        0x0 C:\Program Files\Hitex\GnuToolPackageArm\bin\..\arm-hitex-elf\lib\interwork/libc.a(lib_a-fstatr.o)
 .glue_7        0x00016d9c        0x0 C:\Program Files\Hitex\GnuToolPackageArm\bin\..\arm-hitex-elf\lib\interwork/libc.a(lib_a-gdtoa-gethex.o)
 .glue_7        0x00016d9c        0x0 C:\Program Files\Hitex\GnuToolPackageArm\bin\..\arm-hitex-elf\lib\interwork/libc.a(lib_a-gdtoa-hexnan.o)
 .glue_7        0x00016d9c        0x0 C:\Program Files\Hitex\GnuToolPackageArm\bin\..\arm-hitex-elf\lib\interwork/libc.a(lib_a-lseekr.o)
 .glue_7        0x00016d9c        0x0 C:\Program Files\Hitex\GnuToolPackageArm\bin\..\arm-hitex-elf\lib\interwork/libc.a(lib_a-reent.o)
 .glue_7        0x00016d9c        0x0 C:\Program Files\Hitex\GnuToolPackageArm\bin\..\lib\gcc\arm-hitex-elf\4.1.1\interwork/libgcc.a(_udivsi3.o)
 .glue_7        0x00016d9c        0x0 C:\Program Files\Hitex\GnuToolPackageArm\bin\..\lib\gcc\arm-hitex-elf\4.1.1\interwork/libgcc.a(_divsi3.o)
 .glue_7        0x00016d9c        0x0 C:\Program Files\Hitex\GnuToolPackageArm\bin\..\lib\gcc\arm-hitex-elf\4.1.1\interwork/libgcc.a(_umodsi3.o)
 .glue_7        0x00016d9c        0x0 C:\Program Files\Hitex\GnuToolPackageArm\bin\..\lib\gcc\arm-hitex-elf\4.1.1\interwork/libgcc.a(_modsi3.o)
 .glue_7        0x00016d9c        0x0 C:\Program Files\Hitex\GnuToolPackageArm\bin\..\lib\gcc\arm-hitex-elf\4.1.1\interwork/libgcc.a(_dvmd_tls.o)
 .glue_7        0x00016d9c        0x0 C:\Program Files\Hitex\GnuToolPackageArm\bin\..\lib\gcc\arm-hitex-elf\4.1.1\interwork/libgcc.a(_addsubdf3.o)
 .glue_7        0x00016d9c        0x0 C:\Program Files\Hitex\GnuToolPackageArm\bin\..\lib\gcc\arm-hitex-elf\4.1.1\interwork/libgcc.a(_muldivdf3.o)
 .glue_7        0x00016d9c        0x0 C:\Program Files\Hitex\GnuToolPackageArm\bin\..\lib\gcc\arm-hitex-elf\4.1.1\interwork/libgcc.a(_cmpdf2.o)
 .glue_7        0x00016d9c        0x0 C:\Program Files\Hitex\GnuToolPackageArm\bin\..\lib\gcc\arm-hitex-elf\4.1.1\interwork/libgcc.a(_fixdfsi.o)
 .glue_7        0x00016d9c        0x0 C:\Program Files\Hitex\GnuToolPackageArm\bin\..\lib\gcc\arm-hitex-elf\4.1.1\interwork/libgcc.a(_fixunsdfsi.o)
 .glue_7        0x00016d9c        0x0 C:\Program Files\Hitex\GnuToolPackageArm\bin\..\lib\gcc\arm-hitex-elf\4.1.1\interwork/libgcc.a(_truncdfsf2.o)
 *(.glue_7t)
 .glue_7t       0x00016d9c        0x0 .\objects\Mp3.o
 .glue_7t       0x00016d9c        0x0 .\objects\main.o
 .glue_7t       0x00016d9c        0x0 .\objects\spi.o
 .glue_7t       0x00016d9c        0x0 .\objects\startup.o
 .glue_7t       0x00016d9c        0x0 .\objects\updownload.o
 .glue_7t       0x00016d9c        0x0 .\objects\ConfigStick.o
 .glue_7t       0x00016d9c        0x0 .\objects\armVIC.o
 .glue_7t       0x00016d9c        0x0 .\objects\conio.o
 .glue_7t       0x00016d9c        0x0 .\objects\delay.o
 .glue_7t       0x00016d9c        0x0 .\objects\fio.o
 .glue_7t       0x00016d9c        0x0 .\objects\interrupt.o
 .glue_7t       0x00016d9c        0x0 .\objects\portlcd.o
 .glue_7t       0x00016d9c        0x0 .\objects\syscalls_lpc.o
 .glue_7t       0x00016d9c        0x0 .\objects\target_info.o
 .glue_7t       0x00016d9c        0x0 .\objects\uart.o
 .glue_7t       0x00016d9c        0x0 .\objects\uartISR.o
 .glue_7t       0x00016d9c        0x0 lib/libhelix.a(mp3dec.o)
 .glue_7t       0x00016d9c        0x0 lib/libhelix.a(mp3tabs.o)
 .glue_7t       0x00016d9c        0x0 lib/libhelix.a(scalfact.o)
 .glue_7t       0x00016d9c        0x0 lib/libhelix.a(subband.o)
 .glue_7t       0x00016d9c        0x0 lib/libhelix.a(trigtabs_fixpt.o)
 .glue_7t       0x00016d9c        0x0 lib/libhelix.a(asmpoly_gcc.o)
 .glue_7t       0x00016d9c        0x0 lib/libhelix.a(bitstream.o)
 .glue_7t       0x00016d9c        0x0 lib/libhelix.a(buffers.o)
 .glue_7t       0x00016d9c        0x0 lib/libhelix.a(dct32.o)
 .glue_7t       0x00016d9c        0x0 lib/libhelix.a(dequant.o)
 .glue_7t       0x00016d9c        0x0 lib/libhelix.a(dqchan.o)
 .glue_7t       0x00016d9c        0x0 lib/libhelix.a(huffman.o)
 .glue_7t       0x00016d9c        0x0 lib/libhelix.a(hufftabs.o)
 .glue_7t       0x00016d9c        0x0 lib/libhelix.a(imdct.o)
 .glue_7t       0x00016d9c        0x0 lib/libhelix.a(stproc.o)
 .glue_7t       0x00016d9c        0x0 C:\Program Files\Hitex\GnuToolPackageArm\bin\..\arm-hitex-elf\lib\interwork/libc.a(lib_a-impure.o)
 .glue_7t       0x00016d9c        0x0 C:\Program Files\Hitex\GnuToolPackageArm\bin\..\arm-hitex-elf\lib\interwork/libc.a(lib_a-malloc.o)
 .glue_7t       0x00016d9c        0x0 C:\Program Files\Hitex\GnuToolPackageArm\bin\..\arm-hitex-elf\lib\interwork/libc.a(lib_a-mallocr.o)
 .glue_7t       0x00016d9c        0x0 C:\Program Files\Hitex\GnuToolPackageArm\bin\..\arm-hitex-elf\lib\interwork/libc.a(lib_a-memcpy.o)
 .glue_7t       0x00016d9c        0x0 C:\Program Files\Hitex\GnuToolPackageArm\bin\..\arm-hitex-elf\lib\interwork/libc.a(lib_a-memmove.o)
 .glue_7t       0x00016d9c        0x0 C:\Program Files\Hitex\GnuToolPackageArm\bin\..\arm-hitex-elf\lib\interwork/libc.a(lib_a-mlock.o)
 .glue_7t       0x00016d9c        0x0 C:\Program Files\Hitex\GnuToolPackageArm\bin\..\arm-hitex-elf\lib\interwork/libc.a(lib_a-printf.o)
 .glue_7t       0x00016d9c        0x0 C:\Program Files\Hitex\GnuToolPackageArm\bin\..\arm-hitex-elf\lib\interwork/libc.a(lib_a-puts.o)
 .glue_7t       0x00016d9c        0x0 C:\Program Files\Hitex\GnuToolPackageArm\bin\..\arm-hitex-elf\lib\interwork/libc.a(lib_a-rget.o)
 .glue_7t       0x00016d9c        0x0 C:\Program Files\Hitex\GnuToolPackageArm\bin\..\arm-hitex-elf\lib\interwork/libc.a(lib_a-scanf.o)
 .glue_7t       0x00016d9c        0x0 C:\Program Files\Hitex\GnuToolPackageArm\bin\..\arm-hitex-elf\lib\interwork/libc.a(lib_a-strlen.o)
 .glue_7t       0x00016d9c        0x0 C:\Program Files\Hitex\GnuToolPackageArm\bin\..\arm-hitex-elf\lib\interwork/libc.a(lib_a-vfprintf.o)
 .glue_7t       0x00016d9c        0x0 C:\Program Files\Hitex\GnuToolPackageArm\bin\..\arm-hitex-elf\lib\interwork/libc.a(lib_a-vfscanf.o)
 .glue_7t       0x00016d9c        0x0 C:\Program Files\Hitex\GnuToolPackageArm\bin\..\arm-hitex-elf\lib\interwork/libc.a(lib_a-wcrtomb.o)
 .glue_7t       0x00016d9c        0x0 C:\Program Files\Hitex\GnuToolPackageArm\bin\..\arm-hitex-elf\lib\interwork/libc.a(lib_a-wcsrtombs.o)
 .glue_7t       0x00016d9c        0x0 C:\Program Files\Hitex\GnuToolPackageArm\bin\..\arm-hitex-elf\lib\interwork/libc.a(lib_a-wctomb_r.o)
 .glue_7t       0x00016d9c        0x0 C:\Program Files\Hitex\GnuToolPackageArm\bin\..\arm-hitex-elf\lib\interwork/libc.a(lib_a-wsetup.o)
 .glue_7t       0x00016d9c        0x0 C:\Program Files\Hitex\GnuToolPackageArm\bin\..\arm-hitex-elf\lib\interwork/libc.a(lib_a-ctype_.o)
 .glue_7t       0x00016d9c        0x0 C:\Program Files\Hitex\GnuToolPackageArm\bin\..\arm-hitex-elf\lib\interwork/libc.a(lib_a-dtoa.o)
 .glue_7t       0x00016d9c        0x0 C:\Program Files\Hitex\GnuToolPackageArm\bin\..\arm-hitex-elf\lib\interwork/libc.a(lib_a-fflush.o)
 .glue_7t       0x00016d9c        0x0 C:\Program Files\Hitex\GnuToolPackageArm\bin\..\arm-hitex-elf\lib\interwork/libc.a(lib_a-findfp.o)
 .glue_7t       0x00016d9c        0x0 C:\Program Files\Hitex\GnuToolPackageArm\bin\..\arm-hitex-elf\lib\interwork/libc.a(lib_a-fread.o)
 .glue_7t       0x00016d9c        0x0 C:\Program Files\Hitex\GnuToolPackageArm\bin\..\arm-hitex-elf\lib\interwork/libc.a(lib_a-freer.o)
 .glue_7t       0x00016d9c        0x0 C:\Program Files\Hitex\GnuToolPackageArm\bin\..\arm-hitex-elf\lib\interwork/libc.a(lib_a-fvwrite.o)
 .glue_7t       0x00016d9c        0x0 C:\Program Files\Hitex\GnuToolPackageArm\bin\..\arm-hitex-elf\lib\interwork/libc.a(lib_a-fwalk.o)
 .glue_7t       0x00016d9c        0x0 C:\Program Files\Hitex\GnuToolPackageArm\bin\..\arm-hitex-elf\lib\interwork/libc.a(lib_a-iswspace.o)
 .glue_7t       0x00016d9c        0x0 C:\Program Files\Hitex\GnuToolPackageArm\bin\..\arm-hitex-elf\lib\interwork/libc.a(lib_a-locale.o)
 .glue_7t       0x00016d9c        0x0 C:\Program Files\Hitex\GnuToolPackageArm\bin\..\arm-hitex-elf\lib\interwork/libc.a(lib_a-makebuf.o)
 .glue_7t       0x00016d9c        0x0 C:\Program Files\Hitex\GnuToolPackageArm\bin\..\arm-hitex-elf\lib\interwork/libc.a(lib_a-mbrtowc.o)
 .glue_7t       0x00016d9c        0x0 C:\Program Files\Hitex\GnuToolPackageArm\bin\..\arm-hitex-elf\lib\interwork/libc.a(lib_a-mbtowc_r.o)
 .glue_7t       0x00016d9c        0x0 C:\Program Files\Hitex\GnuToolPackageArm\bin\..\arm-hitex-elf\lib\interwork/libc.a(lib_a-memchr.o)
 .glue_7t       0x00016d9c        0x0 C:\Program Files\Hitex\GnuToolPackageArm\bin\..\arm-hitex-elf\lib\interwork/libc.a(lib_a-memset.o)
 .glue_7t       0x00016d9c        0x0 C:\Program Files\Hitex\GnuToolPackageArm\bin\..\arm-hitex-elf\lib\interwork/libc.a(lib_a-mprec.o)
 .glue_7t       0x00016d9c        0x0 C:\Program Files\Hitex\GnuToolPackageArm\bin\..\arm-hitex-elf\lib\interwork/libc.a(lib_a-reallocr.o)
 .glue_7t       0x00016d9c        0x0 C:\Program Files\Hitex\GnuToolPackageArm\bin\..\arm-hitex-elf\lib\interwork/libc.a(lib_a-refill.o)
 .glue_7t       0x00016d9c        0x0 C:\Program Files\Hitex\GnuToolPackageArm\bin\..\arm-hitex-elf\lib\interwork/libc.a(lib_a-s_isinfd.o)
 .glue_7t       0x00016d9c        0x0 C:\Program Files\Hitex\GnuToolPackageArm\bin\..\arm-hitex-elf\lib\interwork/libc.a(lib_a-s_isnand.o)
 .glue_7t       0x00016d9c        0x0 C:\Program Files\Hitex\GnuToolPackageArm\bin\..\arm-hitex-elf\lib\interwork/libc.a(lib_a-sccl.o)
 .glue_7t       0x00016d9c        0x0 C:\Program Files\Hitex\GnuToolPackageArm\bin\..\arm-hitex-elf\lib\interwork/libc.a(lib_a-sf_nan.o)
 .glue_7t       0x00016d9c        0x0 C:\Program Files\Hitex\GnuToolPackageArm\bin\..\arm-hitex-elf\lib\interwork/libc.a(lib_a-sprintf.o)
 .glue_7t       0x00016d9c        0x0 C:\Program Files\Hitex\GnuToolPackageArm\bin\..\arm-hitex-elf\lib\interwork/libc.a(lib_a-stdio.o)
 .glue_7t       0x00016d9c        0x0 C:\Program Files\Hitex\GnuToolPackageArm\bin\..\arm-hitex-elf\lib\interwork/libc.a(lib_a-strcmp.o)
 .glue_7t       0x00016d9c        0x0 C:\Program Files\Hitex\GnuToolPackageArm\bin\..\arm-hitex-elf\lib\interwork/libc.a(lib_a-strtod.o)
 .glue_7t       0x00016d9c        0x0 C:\Program Files\Hitex\GnuToolPackageArm\bin\..\arm-hitex-elf\lib\interwork/libc.a(lib_a-strtol.o)
 .glue_7t       0x00016d9c        0x0 C:\Program Files\Hitex\GnuToolPackageArm\bin\..\arm-hitex-elf\lib\interwork/libc.a(lib_a-strtoul.o)
 .glue_7t       0x00016d9c        0x0 C:\Program Files\Hitex\GnuToolPackageArm\bin\..\arm-hitex-elf\lib\interwork/libc.a(lib_a-syscalls.o)
 .glue_7t       0x00016d9c        0x0 C:\Program Files\Hitex\GnuToolPackageArm\bin\..\arm-hitex-elf\lib\interwork/libc.a(lib_a-ungetc.o)
 .glue_7t       0x00016d9c        0x0 C:\Program Files\Hitex\GnuToolPackageArm\bin\..\arm-hitex-elf\lib\interwork/libc.a(lib_a-callocr.o)
 .glue_7t       0x00016d9c        0x0 C:\Program Files\Hitex\GnuToolPackageArm\bin\..\arm-hitex-elf\lib\interwork/libc.a(lib_a-closer.o)
 .glue_7t       0x00016d9c        0x0 C:\Program Files\Hitex\GnuToolPackageArm\bin\..\arm-hitex-elf\lib\interwork/libc.a(lib_a-errno.o)
 .glue_7t       0x00016d9c        0x0 C:\Program Files\Hitex\GnuToolPackageArm\bin\..\arm-hitex-elf\lib\interwork/libc.a(lib_a-fclose.o)
 .glue_7t       0x00016d9c        0x0 C:\Program Files\Hitex\GnuToolPackageArm\bin\..\arm-hitex-elf\lib\interwork/libc.a(lib_a-fstatr.o)
 .glue_7t       0x00016d9c        0x0 C:\Program Files\Hitex\GnuToolPackageArm\bin\..\arm-hitex-elf\lib\interwork/libc.a(lib_a-gdtoa-gethex.o)
 .glue_7t       0x00016d9c        0x0 C:\Program Files\Hitex\GnuToolPackageArm\bin\..\arm-hitex-elf\lib\interwork/libc.a(lib_a-gdtoa-hexnan.o)
 .glue_7t       0x00016d9c        0x0 C:\Program Files\Hitex\GnuToolPackageArm\bin\..\arm-hitex-elf\lib\interwork/libc.a(lib_a-lseekr.o)
 .glue_7t       0x00016d9c        0x0 C:\Program Files\Hitex\GnuToolPackageArm\bin\..\arm-hitex-elf\lib\interwork/libc.a(lib_a-reent.o)
 .glue_7t       0x00016d9c        0x0 C:\Program Files\Hitex\GnuToolPackageArm\bin\..\lib\gcc\arm-hitex-elf\4.1.1\interwork/libgcc.a(_udivsi3.o)
 .glue_7t       0x00016d9c        0x0 C:\Program Files\Hitex\GnuToolPackageArm\bin\..\lib\gcc\arm-hitex-elf\4.1.1\interwork/libgcc.a(_divsi3.o)
 .glue_7t       0x00016d9c        0x0 C:\Program Files\Hitex\GnuToolPackageArm\bin\..\lib\gcc\arm-hitex-elf\4.1.1\interwork/libgcc.a(_umodsi3.o)
 .glue_7t       0x00016d9c        0x0 C:\Program Files\Hitex\GnuToolPackageArm\bin\..\lib\gcc\arm-hitex-elf\4.1.1\interwork/libgcc.a(_modsi3.o)
 .glue_7t       0x00016d9c        0x0 C:\Program Files\Hitex\GnuToolPackageArm\bin\..\lib\gcc\arm-hitex-elf\4.1.1\interwork/libgcc.a(_dvmd_tls.o)
 .glue_7t       0x00016d9c        0x0 C:\Program Files\Hitex\GnuToolPackageArm\bin\..\lib\gcc\arm-hitex-elf\4.1.1\interwork/libgcc.a(_addsubdf3.o)
 .glue_7t       0x00016d9c        0x0 C:\Program Files\Hitex\GnuToolPackageArm\bin\..\lib\gcc\arm-hitex-elf\4.1.1\interwork/libgcc.a(_muldivdf3.o)
 .glue_7t       0x00016d9c        0x0 C:\Program Files\Hitex\GnuToolPackageArm\bin\..\lib\gcc\arm-hitex-elf\4.1.1\interwork/libgcc.a(_cmpdf2.o)
 .glue_7t       0x00016d9c        0x0 C:\Program Files\Hitex\GnuToolPackageArm\bin\..\lib\gcc\arm-hitex-elf\4.1.1\interwork/libgcc.a(_fixdfsi.o)
 .glue_7t       0x00016d9c        0x0 C:\Program Files\Hitex\GnuToolPackageArm\bin\..\lib\gcc\arm-hitex-elf\4.1.1\interwork/libgcc.a(_fixunsdfsi.o)
 .glue_7t       0x00016d9c        0x0 C:\Program Files\Hitex\GnuToolPackageArm\bin\..\lib\gcc\arm-hitex-elf\4.1.1\interwork/libgcc.a(_truncdfsf2.o)
 *(.gcc_except_table)
 *(.gnu.linkonce.r.*)
                0x00016d9c                . = ALIGN (0x4)

.rodata         0x00016d9c     0x3ac4
 *(.rodata)
 .rodata        0x00016d9c       0xd8 .\objects\Mp3.o
 .rodata        0x00016e74       0xfc .\objects\main.o
 .rodata        0x00016f70      0x174 .\objects\spi.o
 .rodata        0x000170e4       0x10 .\objects\updownload.o
 .rodata        0x000170f4       0x40 .\objects\portlcd.o
 .rodata        0x00017134      0x510 lib/libhelix.a(mp3tabs.o)
                0x00017158                xmp3fixpt_bitrateTab
                0x0001728a                xmp3fixpt_slotTab
                0x00017266                xmp3fixpt_samplesPerFrameTab
                0x00017134                xmp3fixpt_samplerateTab
                0x00017278                xmp3fixpt_bitsPerSlotTab
                0x00017398                xmp3fixpt_sfBandTable
                0x0001727e                xmp3fixpt_sideBytesTab
 .rodata        0x00017644       0x68 lib/libhelix.a(scalfact.o)
 .rodata        0x000176ac      0x86c lib/libhelix.a(trigtabs_fixpt.o)
                0x000178ec                xmp3fixpt_ISFMpeg1
                0x00017a24                xmp3fixpt_ISFIIP
                0x00017a7c                xmp3fixpt_coef32
                0x00017924                xmp3fixpt_ISFMpeg2
                0x00017a34                xmp3fixpt_uniqueIDTab
                0x00017af8                xmp3fixpt_polyCoef
                0x00017a3c                xmp3fixpt_csa
                0x000176ac                xmp3fixpt_imdctWin
 .rodata        0x00017f18       0xc0 lib/libhelix.a(dct32.o)
 .rodata        0x00017fd8      0x250 lib/libhelix.a(dqchan.o)
 .rodata        0x00018228     0x2304 lib/libhelix.a(hufftabs.o)
                0x0001a524                xmp3fixpt_quadTabMaxBits
                0x0001a3cc                xmp3fixpt_huffTabLookup
                0x0001a51c                xmp3fixpt_quadTabOffset
                0x0001a34c                xmp3fixpt_huffTabOffset
                0x00018228                xmp3fixpt_huffTable
                0x0001a4cc                xmp3fixpt_quadTable
 .rodata        0x0001a52c       0x6c lib/libhelix.a(imdct.o)
 .rodata        0x0001a598        0x4 C:\Program Files\Hitex\GnuToolPackageArm\bin\..\arm-hitex-elf\lib\interwork/libc.a(lib_a-impure.o)
                0x0001a598                _global_impure_ptr
 .rodata        0x0001a59c       0x20 C:\Program Files\Hitex\GnuToolPackageArm\bin\..\arm-hitex-elf\lib\interwork/libc.a(lib_a-vfprintf.o)
 .rodata        0x0001a5bc       0x22 C:\Program Files\Hitex\GnuToolPackageArm\bin\..\arm-hitex-elf\lib\interwork/libc.a(lib_a-vfscanf.o)
 .rodata        0x0001a5de      0x101 C:\Program Files\Hitex\GnuToolPackageArm\bin\..\arm-hitex-elf\lib\interwork/libc.a(lib_a-ctype_.o)
                0x0001a5de                _ctype_
 *fill*         0x0001a6df        0x1 00
 .rodata        0x0001a6e0       0x34 C:\Program Files\Hitex\GnuToolPackageArm\bin\..\arm-hitex-elf\lib\interwork/libc.a(lib_a-locale.o)
 .rodata        0x0001a714      0x124 C:\Program Files\Hitex\GnuToolPackageArm\bin\..\arm-hitex-elf\lib\interwork/libc.a(lib_a-mprec.o)
                0x0001a804                __mprec_tinytens
                0x0001a714                __mprec_tens
                0x0001a7dc                __mprec_bigtens
 .rodata        0x0001a838       0x28 C:\Program Files\Hitex\GnuToolPackageArm\bin\..\arm-hitex-elf\lib\interwork/libc.a(lib_a-strtod.o)

.rodata.str1.4  0x0001a860       0xe0
 .rodata.str1.4
                0x0001a860        0x2 C:\Program Files\Hitex\GnuToolPackageArm\bin\..\arm-hitex-elf\lib\interwork/libc.a(lib_a-impure.o)
                                  0x4 (size before relaxing)
 *fill*         0x0001a862        0x2 00
 .rodata.str1.4
                0x0001a864        0x2 C:\Program Files\Hitex\GnuToolPackageArm\bin\..\arm-hitex-elf\lib\interwork/libc.a(lib_a-puts.o)
                                  0x4 (size before relaxing)
 *fill*         0x0001a866        0x2 00
 .rodata.str1.4
                0x0001a868       0x63 C:\Program Files\Hitex\GnuToolPackageArm\bin\..\arm-hitex-elf\lib\interwork/libc.a(lib_a-vfprintf.o)
                                 0x64 (size before relaxing)
 *fill*         0x0001a8cb        0x1 00
 .rodata.str1.4
                0x0001a8cc        0x5 C:\Program Files\Hitex\GnuToolPackageArm\bin\..\arm-hitex-elf\lib\interwork/libc.a(lib_a-vfscanf.o)
                                  0x8 (size before relaxing)
 *fill*         0x0001a8d1        0x3 00
 .rodata.str1.4
                0x0001a8d4       0x1e C:\Program Files\Hitex\GnuToolPackageArm\bin\..\arm-hitex-elf\lib\interwork/libc.a(lib_a-wctomb_r.o)
                                 0x20 (size before relaxing)
 *fill*         0x0001a8f2        0x2 00
 .rodata.str1.4
                0x0001a8f4       0x10 C:\Program Files\Hitex\GnuToolPackageArm\bin\..\arm-hitex-elf\lib\interwork/libc.a(lib_a-dtoa.o)
                                 0x14 (size before relaxing)
 .rodata.str1.4
                0x0001a904        0xb C:\Program Files\Hitex\GnuToolPackageArm\bin\..\arm-hitex-elf\lib\interwork/libc.a(lib_a-locale.o)
                                 0x18 (size before relaxing)
 .rodata.str1.4
                0x00000000        0x4 C:\Program Files\Hitex\GnuToolPackageArm\bin\..\arm-hitex-elf\lib\interwork/libc.a(lib_a-mbrtowc.o)
 *fill*         0x0001a90f        0x1 00
 .rodata.str1.4
                0x0001a910        0xf C:\Program Files\Hitex\GnuToolPackageArm\bin\..\arm-hitex-elf\lib\interwork/libc.a(lib_a-strtod.o)
                                 0x10 (size before relaxing)
 *fill*         0x0001a91f        0x1 00
 .rodata.str1.4
                0x0001a920        0x4 C:\Program Files\Hitex\GnuToolPackageArm\bin\..\arm-hitex-elf\lib\interwork/libc.a(lib_a-syscalls.o)
 .rodata.str1.4
                0x0001a924       0x1c C:\Program Files\Hitex\GnuToolPackageArm\bin\..\arm-hitex-elf\lib\interwork/libc.a(lib_a-gdtoa-gethex.o)
                0x0001a940                . = ALIGN (0x4)
                0x0001a940                _etext = .
                0x0001a940                PROVIDE (etext, .)

.data           0x40000000      0x85c load address 0x0001a940
                0x40000000                __data_start__ = .
                0x40000000                PROVIDE (__data_start__, .)
 *(.data)
 .data          0x40000000        0x8 .\objects\Mp3.o
                0x40000000                p_first
                0x40000004                p_second
 .data          0x40000008        0x0 .\objects\main.o
 .data          0x40000008        0x0 .\objects\spi.o
 .data          0x40000008        0x0 .\objects\startup.o
 .data          0x40000008        0x0 .\objects\updownload.o
 .data          0x40000008        0x0 .\objects\ConfigStick.o
 .data          0x40000008        0x0 .\objects\armVIC.o
 .data          0x40000008        0x0 .\objects\conio.o
 .data          0x40000008        0x4 .\objects\delay.o
 .data          0x4000000c        0x0 .\objects\fio.o
 .data          0x4000000c        0x0 .\objects\interrupt.o
 .data          0x4000000c        0x0 .\objects\portlcd.o
 .data          0x4000000c        0x0 .\objects\syscalls_lpc.o
 .data          0x4000000c        0x0 .\objects\target_info.o
 .data          0x4000000c        0x0 .\objects\uart.o
 .data          0x4000000c        0x0 .\objects\uartISR.o
 .data          0x4000000c        0x0 lib/libhelix.a(mp3dec.o)
 .data          0x4000000c        0x0 lib/libhelix.a(mp3tabs.o)
 .data          0x4000000c        0x0 lib/libhelix.a(scalfact.o)
 .data          0x4000000c        0x0 lib/libhelix.a(subband.o)
 .data          0x4000000c        0x0 lib/libhelix.a(trigtabs_fixpt.o)
 .data          0x4000000c        0x0 lib/libhelix.a(asmpoly_gcc.o)
 .data          0x4000000c        0x0 lib/libhelix.a(bitstream.o)
 .data          0x4000000c        0x0 lib/libhelix.a(buffers.o)
 .data          0x4000000c        0x0 lib/libhelix.a(dct32.o)
 .data          0x4000000c        0x0 lib/libhelix.a(dequant.o)
 .data          0x4000000c        0x0 lib/libhelix.a(dqchan.o)
 .data          0x4000000c        0x0 lib/libhelix.a(huffman.o)
 .data          0x4000000c        0x0 lib/libhelix.a(hufftabs.o)
 .data          0x4000000c        0x0 lib/libhelix.a(imdct.o)
 .data          0x4000000c        0x0 lib/libhelix.a(stproc.o)
 .data          0x4000000c      0x404 C:\Program Files\Hitex\GnuToolPackageArm\bin\..\arm-hitex-elf\lib\interwork/libc.a(lib_a-impure.o)
                0x4000000c                _impure_ptr
 .data          0x40000410        0x0 C:\Program Files\Hitex\GnuToolPackageArm\bin\..\arm-hitex-elf\lib\interwork/libc.a(lib_a-malloc.o)
 .data          0x40000410      0x410 C:\Program Files\Hitex\GnuToolPackageArm\bin\..\arm-hitex-elf\lib\interwork/libc.a(lib_a-mallocr.o)
                0x4000081c                __malloc_sbrk_base
                0x40000410                __malloc_av_
                0x40000818                __malloc_trim_threshold
 .data          0x40000820        0x0 C:\Program Files\Hitex\GnuToolPackageArm\bin\..\arm-hitex-elf\lib\interwork/libc.a(lib_a-memcpy.o)
 .data          0x40000820        0x0 C:\Program Files\Hitex\GnuToolPackageArm\bin\..\arm-hitex-elf\lib\interwork/libc.a(lib_a-memmove.o)
 .data          0x40000820        0x0 C:\Program Files\Hitex\GnuToolPackageArm\bin\..\arm-hitex-elf\lib\interwork/libc.a(lib_a-mlock.o)
 .data          0x40000820        0x0 C:\Program Files\Hitex\GnuToolPackageArm\bin\..\arm-hitex-elf\lib\interwork/libc.a(lib_a-printf.o)
 .data          0x40000820        0x0 C:\Program Files\Hitex\GnuToolPackageArm\bin\..\arm-hitex-elf\lib\interwork/libc.a(lib_a-puts.o)
 .data          0x40000820        0x0 C:\Program Files\Hitex\GnuToolPackageArm\bin\..\arm-hitex-elf\lib\interwork/libc.a(lib_a-rget.o)
 .data          0x40000820        0x0 C:\Program Files\Hitex\GnuToolPackageArm\bin\..\arm-hitex-elf\lib\interwork/libc.a(lib_a-scanf.o)
 .data          0x40000820        0x0 C:\Program Files\Hitex\GnuToolPackageArm\bin\..\arm-hitex-elf\lib\interwork/libc.a(lib_a-strlen.o)
 .data          0x40000820        0x0 C:\Program Files\Hitex\GnuToolPackageArm\bin\..\arm-hitex-elf\lib\interwork/libc.a(lib_a-vfprintf.o)
 .data          0x40000820        0x0 C:\Program Files\Hitex\GnuToolPackageArm\bin\..\arm-hitex-elf\lib\interwork/libc.a(lib_a-vfscanf.o)
 .data          0x40000820        0x0 C:\Program Files\Hitex\GnuToolPackageArm\bin\..\arm-hitex-elf\lib\interwork/libc.a(lib_a-wcrtomb.o)
 .data          0x40000820        0x0 C:\Program Files\Hitex\GnuToolPackageArm\bin\..\arm-hitex-elf\lib\interwork/libc.a(lib_a-wcsrtombs.o)
 .data          0x40000820        0x0 C:\Program Files\Hitex\GnuToolPackageArm\bin\..\arm-hitex-elf\lib\interwork/libc.a(lib_a-wctomb_r.o)
 .data          0x40000820        0x0 C:\Program Files\Hitex\GnuToolPackageArm\bin\..\arm-hitex-elf\lib\interwork/libc.a(lib_a-wsetup.o)
 .data          0x40000820        0x4 C:\Program Files\Hitex\GnuToolPackageArm\bin\..\arm-hitex-elf\lib\interwork/libc.a(lib_a-ctype_.o)
                0x40000820                __ctype_ptr
 .data          0x40000824        0x0 C:\Program Files\Hitex\GnuToolPackageArm\bin\..\arm-hitex-elf\lib\interwork/libc.a(lib_a-dtoa.o)
 .data          0x40000824        0x0 C:\Program Files\Hitex\GnuToolPackageArm\bin\..\arm-hitex-elf\lib\interwork/libc.a(lib_a-fflush.o)
 .data          0x40000824        0x0 C:\Program Files\Hitex\GnuToolPackageArm\bin\..\arm-hitex-elf\lib\interwork/libc.a(lib_a-findfp.o)
 .data          0x40000824        0x0 C:\Program Files\Hitex\GnuToolPackageArm\bin\..\arm-hitex-elf\lib\interwork/libc.a(lib_a-fread.o)
 .data          0x40000824        0x0 C:\Program Files\Hitex\GnuToolPackageArm\bin\..\arm-hitex-elf\lib\interwork/libc.a(lib_a-freer.o)
 .data          0x40000824        0x0 C:\Program Files\Hitex\GnuToolPackageArm\bin\..\arm-hitex-elf\lib\interwork/libc.a(lib_a-fvwrite.o)
 .data          0x40000824        0x0 C:\Program Files\Hitex\GnuToolPackageArm\bin\..\arm-hitex-elf\lib\interwork/libc.a(lib_a-fwalk.o)
 .data          0x40000824        0x0 C:\Program Files\Hitex\GnuToolPackageArm\bin\..\arm-hitex-elf\lib\interwork/libc.a(lib_a-iswspace.o)
 .data          0x40000824       0x10 C:\Program Files\Hitex\GnuToolPackageArm\bin\..\arm-hitex-elf\lib\interwork/libc.a(lib_a-locale.o)
                0x40000824                __mb_cur_max
                0x40000828                __lc_ctype
 .data          0x40000834        0x0 C:\Program Files\Hitex\GnuToolPackageArm\bin\..\arm-hitex-elf\lib\interwork/libc.a(lib_a-makebuf.o)
 .data          0x40000834        0x0 C:\Program Files\Hitex\GnuToolPackageArm\bin\..\arm-hitex-elf\lib\interwork/libc.a(lib_a-mbrtowc.o)
 .data          0x40000834        0x0 C:\Program Files\Hitex\GnuToolPackageArm\bin\..\arm-hitex-elf\lib\interwork/libc.a(lib_a-mbtowc_r.o)
 .data          0x40000834        0x0 C:\Program Files\Hitex\GnuToolPackageArm\bin\..\arm-hitex-elf\lib\interwork/libc.a(lib_a-memchr.o)
 .data          0x40000834        0x0 C:\Program Files\Hitex\GnuToolPackageArm\bin\..\arm-hitex-elf\lib\interwork/libc.a(lib_a-memset.o)
 .data          0x40000834        0x0 C:\Program Files\Hitex\GnuToolPackageArm\bin\..\arm-hitex-elf\lib\interwork/libc.a(lib_a-mprec.o)
 .data          0x40000834        0x0 C:\Program Files\Hitex\GnuToolPackageArm\bin\..\arm-hitex-elf\lib\interwork/libc.a(lib_a-reallocr.o)
 .data          0x40000834        0x0 C:\Program Files\Hitex\GnuToolPackageArm\bin\..\arm-hitex-elf\lib\interwork/libc.a(lib_a-refill.o)
 .data          0x40000834        0x0 C:\Program Files\Hitex\GnuToolPackageArm\bin\..\arm-hitex-elf\lib\interwork/libc.a(lib_a-s_isinfd.o)
 .data          0x40000834        0x0 C:\Program Files\Hitex\GnuToolPackageArm\bin\..\arm-hitex-elf\lib\interwork/libc.a(lib_a-s_isnand.o)
 .data          0x40000834        0x0 C:\Program Files\Hitex\GnuToolPackageArm\bin\..\arm-hitex-elf\lib\interwork/libc.a(lib_a-sccl.o)
 .data          0x40000834        0x0 C:\Program Files\Hitex\GnuToolPackageArm\bin\..\arm-hitex-elf\lib\interwork/libc.a(lib_a-sf_nan.o)
 .data          0x40000834        0x0 C:\Program Files\Hitex\GnuToolPackageArm\bin\..\arm-hitex-elf\lib\interwork/libc.a(lib_a-sprintf.o)
 .data          0x40000834        0x0 C:\Program Files\Hitex\GnuToolPackageArm\bin\..\arm-hitex-elf\lib\interwork/libc.a(lib_a-stdio.o)
 .data          0x40000834        0x0 C:\Program Files\Hitex\GnuToolPackageArm\bin\..\arm-hitex-elf\lib\interwork/libc.a(lib_a-strcmp.o)
 .data          0x40000834       0x28 C:\Program Files\Hitex\GnuToolPackageArm\bin\..\arm-hitex-elf\lib\interwork/libc.a(lib_a-strtod.o)
 .data          0x4000085c        0x0 C:\Program Files\Hitex\GnuToolPackageArm\bin\..\arm-hitex-elf\lib\interwork/libc.a(lib_a-strtol.o)
 .data          0x4000085c        0x0 C:\Program Files\Hitex\GnuToolPackageArm\bin\..\arm-hitex-elf\lib\interwork/libc.a(lib_a-strtoul.o)
 .data          0x4000085c        0x0 C:\Program Files\Hitex\GnuToolPackageArm\bin\..\arm-hitex-elf\lib\interwork/libc.a(lib_a-syscalls.o)
 .data          0x4000085c        0x0 C:\Program Files\Hitex\GnuToolPackageArm\bin\..\arm-hitex-elf\lib\interwork/libc.a(lib_a-ungetc.o)
 .data          0x4000085c        0x0 C:\Program Files\Hitex\GnuToolPackageArm\bin\..\arm-hitex-elf\lib\interwork/libc.a(lib_a-callocr.o)
 .data          0x4000085c        0x0 C:\Program Files\Hitex\GnuToolPackageArm\bin\..\arm-hitex-elf\lib\interwork/libc.a(lib_a-closer.o)
 .data          0x4000085c        0x0 C:\Program Files\Hitex\GnuToolPackageArm\bin\..\arm-hitex-elf\lib\interwork/libc.a(lib_a-errno.o)
 .data          0x4000085c        0x0 C:\Program Files\Hitex\GnuToolPackageArm\bin\..\arm-hitex-elf\lib\interwork/libc.a(lib_a-fclose.o)
 .data          0x4000085c        0x0 C:\Program Files\Hitex\GnuToolPackageArm\bin\..\arm-hitex-elf\lib\interwork/libc.a(lib_a-fstatr.o)
 .data          0x4000085c        0x0 C:\Program Files\Hitex\GnuToolPackageArm\bin\..\arm-hitex-elf\lib\interwork/libc.a(lib_a-gdtoa-gethex.o)
 .data          0x4000085c        0x0 C:\Program Files\Hitex\GnuToolPackageArm\bin\..\arm-hitex-elf\lib\interwork/libc.a(lib_a-gdtoa-hexnan.o)
 .data          0x4000085c        0x0 C:\Program Files\Hitex\GnuToolPackageArm\bin\..\arm-hitex-elf\lib\interwork/libc.a(lib_a-lseekr.o)
 .data          0x4000085c        0x0 C:\Program Files\Hitex\GnuToolPackageArm\bin\..\arm-hitex-elf\lib\interwork/libc.a(lib_a-reent.o)
 .data          0x4000085c        0x0 C:\Program Files\Hitex\GnuToolPackageArm\bin\..\lib\gcc\arm-hitex-elf\4.1.1\interwork/libgcc.a(_udivsi3.o)
 .data          0x4000085c        0x0 C:\Program Files\Hitex\GnuToolPackageArm\bin\..\lib\gcc\arm-hitex-elf\4.1.1\interwork/libgcc.a(_divsi3.o)
 .data          0x4000085c        0x0 C:\Program Files\Hitex\GnuToolPackageArm\bin\..\lib\gcc\arm-hitex-elf\4.1.1\interwork/libgcc.a(_umodsi3.o)
 .data          0x4000085c        0x0 C:\Program Files\Hitex\GnuToolPackageArm\bin\..\lib\gcc\arm-hitex-elf\4.1.1\interwork/libgcc.a(_modsi3.o)
 .data          0x4000085c        0x0 C:\Program Files\Hitex\GnuToolPackageArm\bin\..\lib\gcc\arm-hitex-elf\4.1.1\interwork/libgcc.a(_dvmd_tls.o)
 .data          0x4000085c        0x0 C:\Program Files\Hitex\GnuToolPackageArm\bin\..\lib\gcc\arm-hitex-elf\4.1.1\interwork/libgcc.a(_addsubdf3.o)
 .data          0x4000085c        0x0 C:\Program Files\Hitex\GnuToolPackageArm\bin\..\lib\gcc\arm-hitex-elf\4.1.1\interwork/libgcc.a(_muldivdf3.o)
 .data          0x4000085c        0x0 C:\Program Files\Hitex\GnuToolPackageArm\bin\..\lib\gcc\arm-hitex-elf\4.1.1\interwork/libgcc.a(_cmpdf2.o)
 .data          0x4000085c        0x0 C:\Program Files\Hitex\GnuToolPackageArm\bin\..\lib\gcc\arm-hitex-elf\4.1.1\interwork/libgcc.a(_fixdfsi.o)
 .data          0x4000085c        0x0 C:\Program Files\Hitex\GnuToolPackageArm\bin\..\lib\gcc\arm-hitex-elf\4.1.1\interwork/libgcc.a(_fixunsdfsi.o)
 .data          0x4000085c        0x0 C:\Program Files\Hitex\GnuToolPackageArm\bin\..\lib\gcc\arm-hitex-elf\4.1.1\interwork/libgcc.a(_truncdfsf2.o)
 *(.data.*)
 *(.gnu.linkonce.d*)
                0x4000085c                __data_end__ = .
                0x4000085c                PROVIDE (__data_end__, .)
                0x4000085c                . = ALIGN (0x4)
                0x4000085c                _edata = .
                0x4000085c                PROVIDE (edata, .)

.bss            0x40000860     0x1984
                0x40000860                __bss_start = .
                0x40000860                __bss_start__ = .
 *(.bss)
 .bss           0x40000860        0xc .\objects\Mp3.o
                0x40000864                isrin
                0x40000860                isrout
                0x40000868                count
 .bss           0x4000086c        0x4 .\objects\main.o
                0x4000086c                startaddr
 .bss           0x40000870        0x4 .\objects\spi.o
                0x40000870                isInit
 *fill*         0x40000874        0x4 00
 .bss           0x40000878     0x1860 .\objects\startup.o
                0x400008d4                FIQ_Stack
                0x400008b4                ABT_Stack
                0x40000894                UND_Stack
                0x400010d4                IRQ_Stack
                0x400020d4                SVC_Stack
 .bss           0x400020d8        0x0 .\objects\updownload.o
 .bss           0x400020d8        0x8 .\objects\ConfigStick.o
                0x400020d8                Setup_Data
 .bss           0x400020e0        0x0 .\objects\armVIC.o
 .bss           0x400020e0        0x0 .\objects\conio.o
 .bss           0x400020e0        0x4 .\objects\delay.o
 .bss           0x400020e4        0x0 .\objects\fio.o
 .bss           0x400020e4        0x0 .\objects\interrupt.o
 .bss           0x400020e4        0x4 .\objects\portlcd.o
 .bss           0x400020e8        0x4 .\objects\syscalls_lpc.o
 .bss           0x400020ec        0x0 .\objects\target_info.o
 .bss           0x400020ec        0x0 .\objects\uart.o
 .bss           0x400020ec        0x8 .\objects\uartISR.o
 .bss           0x400020f4        0x0 lib/libhelix.a(mp3dec.o)
 .bss           0x400020f4        0x0 lib/libhelix.a(mp3tabs.o)
 .bss           0x400020f4        0x0 lib/libhelix.a(scalfact.o)
 .bss           0x400020f4        0x0 lib/libhelix.a(subband.o)
 .bss           0x400020f4        0x0 lib/libhelix.a(trigtabs_fixpt.o)
 .bss           0x400020f4        0x0 lib/libhelix.a(asmpoly_gcc.o)
 .bss           0x400020f4        0x0 lib/libhelix.a(bitstream.o)
 .bss           0x400020f4        0x0 lib/libhelix.a(buffers.o)
 .bss           0x400020f4        0x0 lib/libhelix.a(dct32.o)
 .bss           0x400020f4        0x0 lib/libhelix.a(dequant.o)
 .bss           0x400020f4        0x0 lib/libhelix.a(dqchan.o)
 .bss           0x400020f4        0x0 lib/libhelix.a(huffman.o)
 .bss           0x400020f4        0x0 lib/libhelix.a(hufftabs.o)
 .bss           0x400020f4        0x0 lib/libhelix.a(imdct.o)
 .bss           0x400020f4        0x0 lib/libhelix.a(stproc.o)
 .bss           0x400020f4        0x0 C:\Program Files\Hitex\GnuToolPackageArm\bin\..\arm-hitex-elf\lib\interwork/libc.a(lib_a-impure.o)
 .bss           0x400020f4        0x0 C:\Program Files\Hitex\GnuToolPackageArm\bin\..\arm-hitex-elf\lib\interwork/libc.a(lib_a-malloc.o)
 .bss           0x400020f4       0x34 C:\Program Files\Hitex\GnuToolPackageArm\bin\..\arm-hitex-elf\lib\interwork/libc.a(lib_a-mallocr.o)
                0x400020f4                __malloc_top_pad
                0x400020f8                __malloc_max_sbrked_mem
                0x40002100                __malloc_current_mallinfo
                0x400020fc                __malloc_max_total_mem
 .bss           0x40002128        0x0 C:\Program Files\Hitex\GnuToolPackageArm\bin\..\arm-hitex-elf\lib\interwork/libc.a(lib_a-memcpy.o)
 .bss           0x40002128        0x0 C:\Program Files\Hitex\GnuToolPackageArm\bin\..\arm-hitex-elf\lib\interwork/libc.a(lib_a-memmove.o)
 .bss           0x40002128        0x0 C:\Program Files\Hitex\GnuToolPackageArm\bin\..\arm-hitex-elf\lib\interwork/libc.a(lib_a-mlock.o)
 .bss           0x40002128        0x0 C:\Program Files\Hitex\GnuToolPackageArm\bin\..\arm-hitex-elf\lib\interwork/libc.a(lib_a-printf.o)
 .bss           0x40002128        0x0 C:\Program Files\Hitex\GnuToolPackageArm\bin\..\arm-hitex-elf\lib\interwork/libc.a(lib_a-puts.o)
 .bss           0x40002128        0x0 C:\Program Files\Hitex\GnuToolPackageArm\bin\..\arm-hitex-elf\lib\interwork/libc.a(lib_a-rget.o)
 .bss           0x40002128        0x0 C:\Program Files\Hitex\GnuToolPackageArm\bin\..\arm-hitex-elf\lib\interwork/libc.a(lib_a-scanf.o)
 .bss           0x40002128        0x0 C:\Program Files\Hitex\GnuToolPackageArm\bin\..\arm-hitex-elf\lib\interwork/libc.a(lib_a-strlen.o)
 .bss           0x40002128        0x0 C:\Program Files\Hitex\GnuToolPackageArm\bin\..\arm-hitex-elf\lib\interwork/libc.a(lib_a-vfprintf.o)
 .bss           0x40002128        0x0 C:\Program Files\Hitex\GnuToolPackageArm\bin\..\arm-hitex-elf\lib\interwork/libc.a(lib_a-vfscanf.o)
 .bss           0x40002128        0x0 C:\Program Files\Hitex\GnuToolPackageArm\bin\..\arm-hitex-elf\lib\interwork/libc.a(lib_a-wcrtomb.o)
 .bss           0x40002128        0x0 C:\Program Files\Hitex\GnuToolPackageArm\bin\..\arm-hitex-elf\lib\interwork/libc.a(lib_a-wcsrtombs.o)
 .bss           0x40002128        0x0 C:\Program Files\Hitex\GnuToolPackageArm\bin\..\arm-hitex-elf\lib\interwork/libc.a(lib_a-wctomb_r.o)
 .bss           0x40002128        0x0 C:\Program Files\Hitex\GnuToolPackageArm\bin\..\arm-hitex-elf\lib\interwork/libc.a(lib_a-wsetup.o)
 .bss           0x40002128        0x0 C:\Program Files\Hitex\GnuToolPackageArm\bin\..\arm-hitex-elf\lib\interwork/libc.a(lib_a-ctype_.o)
 .bss           0x40002128        0x0 C:\Program Files\Hitex\GnuToolPackageArm\bin\..\arm-hitex-elf\lib\interwork/libc.a(lib_a-dtoa.o)
 .bss           0x40002128        0x0 C:\Program Files\Hitex\GnuToolPackageArm\bin\..\arm-hitex-elf\lib\interwork/libc.a(lib_a-fflush.o)
 .bss           0x40002128        0x0 C:\Program Files\Hitex\GnuToolPackageArm\bin\..\arm-hitex-elf\lib\interwork/libc.a(lib_a-findfp.o)
 .bss           0x40002128        0x0 C:\Program Files\Hitex\GnuToolPackageArm\bin\..\arm-hitex-elf\lib\interwork/libc.a(lib_a-fread.o)
 .bss           0x40002128        0x0 C:\Program Files\Hitex\GnuToolPackageArm\bin\..\arm-hitex-elf\lib\interwork/libc.a(lib_a-freer.o)
 .bss           0x40002128        0x0 C:\Program Files\Hitex\GnuToolPackageArm\bin\..\arm-hitex-elf\lib\interwork/libc.a(lib_a-fvwrite.o)
 .bss           0x40002128        0x0 C:\Program Files\Hitex\GnuToolPackageArm\bin\..\arm-hitex-elf\lib\interwork/libc.a(lib_a-fwalk.o)
 .bss           0x40002128        0x0 C:\Program Files\Hitex\GnuToolPackageArm\bin\..\arm-hitex-elf\lib\interwork/libc.a(lib_a-iswspace.o)
 .bss           0x40002128        0xc C:\Program Files\Hitex\GnuToolPackageArm\bin\..\arm-hitex-elf\lib\interwork/libc.a(lib_a-locale.o)
                0x40002128                __nlocale_changed
                0x4000212c                __mlocale_changed
                0x40002130                _PathLocale
 .bss           0x40002134        0x0 C:\Program Files\Hitex\GnuToolPackageArm\bin\..\arm-hitex-elf\lib\interwork/libc.a(lib_a-makebuf.o)
 .bss           0x40002134        0x0 C:\Program Files\Hitex\GnuToolPackageArm\bin\..\arm-hitex-elf\lib\interwork/libc.a(lib_a-mbrtowc.o)
 .bss           0x40002134        0x0 C:\Program Files\Hitex\GnuToolPackageArm\bin\..\arm-hitex-elf\lib\interwork/libc.a(lib_a-mbtowc_r.o)
 .bss           0x40002134        0x0 C:\Program Files\Hitex\GnuToolPackageArm\bin\..\arm-hitex-elf\lib\interwork/libc.a(lib_a-memchr.o)
 .bss           0x40002134        0x0 C:\Program Files\Hitex\GnuToolPackageArm\bin\..\arm-hitex-elf\lib\interwork/libc.a(lib_a-memset.o)
 .bss           0x40002134        0x0 C:\Program Files\Hitex\GnuToolPackageArm\bin\..\arm-hitex-elf\lib\interwork/libc.a(lib_a-mprec.o)
 .bss           0x40002134        0x0 C:\Program Files\Hitex\GnuToolPackageArm\bin\..\arm-hitex-elf\lib\interwork/libc.a(lib_a-reallocr.o)
 .bss           0x40002134        0x0 C:\Program Files\Hitex\GnuToolPackageArm\bin\..\arm-hitex-elf\lib\interwork/libc.a(lib_a-refill.o)
 .bss           0x40002134        0x0 C:\Program Files\Hitex\GnuToolPackageArm\bin\..\arm-hitex-elf\lib\interwork/libc.a(lib_a-s_isinfd.o)
 .bss           0x40002134        0x0 C:\Program Files\Hitex\GnuToolPackageArm\bin\..\arm-hitex-elf\lib\interwork/libc.a(lib_a-s_isnand.o)
 .bss           0x40002134        0x0 C:\Program Files\Hitex\GnuToolPackageArm\bin\..\arm-hitex-elf\lib\interwork/libc.a(lib_a-sccl.o)
 .bss           0x40002134        0x0 C:\Program Files\Hitex\GnuToolPackageArm\bin\..\arm-hitex-elf\lib\interwork/libc.a(lib_a-sf_nan.o)
 .bss           0x40002134        0x0 C:\Program Files\Hitex\GnuToolPackageArm\bin\..\arm-hitex-elf\lib\interwork/libc.a(lib_a-sprintf.o)
 .bss           0x40002134        0x0 C:\Program Files\Hitex\GnuToolPackageArm\bin\..\arm-hitex-elf\lib\interwork/libc.a(lib_a-stdio.o)
 .bss           0x40002134        0x0 C:\Program Files\Hitex\GnuToolPackageArm\bin\..\arm-hitex-elf\lib\interwork/libc.a(lib_a-strcmp.o)
 .bss           0x40002134        0x0 C:\Program Files\Hitex\GnuToolPackageArm\bin\..\arm-hitex-elf\lib\interwork/libc.a(lib_a-strtod.o)
 .bss           0x40002134        0x0 C:\Program Files\Hitex\GnuToolPackageArm\bin\..\arm-hitex-elf\lib\interwork/libc.a(lib_a-strtol.o)
 .bss           0x40002134        0x0 C:\Program Files\Hitex\GnuToolPackageArm\bin\..\arm-hitex-elf\lib\interwork/libc.a(lib_a-strtoul.o)
 .bss           0x40002134       0xb0 C:\Program Files\Hitex\GnuToolPackageArm\bin\..\arm-hitex-elf\lib\interwork/libc.a(lib_a-syscalls.o)
 .bss           0x400021e4        0x0 C:\Program Files\Hitex\GnuToolPackageArm\bin\..\arm-hitex-elf\lib\interwork/libc.a(lib_a-ungetc.o)
 .bss           0x400021e4        0x0 C:\Program Files\Hitex\GnuToolPackageArm\bin\..\arm-hitex-elf\lib\interwork/libc.a(lib_a-callocr.o)
 .bss           0x400021e4        0x0 C:\Program Files\Hitex\GnuToolPackageArm\bin\..\arm-hitex-elf\lib\interwork/libc.a(lib_a-closer.o)
 .bss           0x400021e4        0x0 C:\Program Files\Hitex\GnuToolPackageArm\bin\..\arm-hitex-elf\lib\interwork/libc.a(lib_a-errno.o)
 .bss           0x400021e4        0x0 C:\Program Files\Hitex\GnuToolPackageArm\bin\..\arm-hitex-elf\lib\interwork/libc.a(lib_a-fclose.o)
 .bss           0x400021e4        0x0 C:\Program Files\Hitex\GnuToolPackageArm\bin\..\arm-hitex-elf\lib\interwork/libc.a(lib_a-fstatr.o)
 .bss           0x400021e4        0x0 C:\Program Files\Hitex\GnuToolPackageArm\bin\..\arm-hitex-elf\lib\interwork/libc.a(lib_a-gdtoa-gethex.o)
 .bss           0x400021e4        0x0 C:\Program Files\Hitex\GnuToolPackageArm\bin\..\arm-hitex-elf\lib\interwork/libc.a(lib_a-gdtoa-hexnan.o)
 .bss           0x400021e4        0x0 C:\Program Files\Hitex\GnuToolPackageArm\bin\..\arm-hitex-elf\lib\interwork/libc.a(lib_a-lseekr.o)
 .bss           0x400021e4        0x0 C:\Program Files\Hitex\GnuToolPackageArm\bin\..\arm-hitex-elf\lib\interwork/libc.a(lib_a-reent.o)
 .bss           0x400021e4        0x0 C:\Program Files\Hitex\GnuToolPackageArm\bin\..\lib\gcc\arm-hitex-elf\4.1.1\interwork/libgcc.a(_udivsi3.o)
 .bss           0x400021e4        0x0 C:\Program Files\Hitex\GnuToolPackageArm\bin\..\lib\gcc\arm-hitex-elf\4.1.1\interwork/libgcc.a(_divsi3.o)
 .bss           0x400021e4        0x0 C:\Program Files\Hitex\GnuToolPackageArm\bin\..\lib\gcc\arm-hitex-elf\4.1.1\interwork/libgcc.a(_umodsi3.o)
 .bss           0x400021e4        0x0 C:\Program Files\Hitex\GnuToolPackageArm\bin\..\lib\gcc\arm-hitex-elf\4.1.1\interwork/libgcc.a(_modsi3.o)
 .bss           0x400021e4        0x0 C:\Program Files\Hitex\GnuToolPackageArm\bin\..\lib\gcc\arm-hitex-elf\4.1.1\interwork/libgcc.a(_dvmd_tls.o)
 .bss           0x400021e4        0x0 C:\Program Files\Hitex\GnuToolPackageArm\bin\..\lib\gcc\arm-hitex-elf\4.1.1\interwork/libgcc.a(_addsubdf3.o)
 .bss           0x400021e4        0x0 C:\Program Files\Hitex\GnuToolPackageArm\bin\..\lib\gcc\arm-hitex-elf\4.1.1\interwork/libgcc.a(_muldivdf3.o)
 .bss           0x400021e4        0x0 C:\Program Files\Hitex\GnuToolPackageArm\bin\..\lib\gcc\arm-hitex-elf\4.1.1\interwork/libgcc.a(_cmpdf2.o)
 .bss           0x400021e4        0x0 C:\Program Files\Hitex\GnuToolPackageArm\bin\..\lib\gcc\arm-hitex-elf\4.1.1\interwork/libgcc.a(_fixdfsi.o)
 .bss           0x400021e4        0x0 C:\Program Files\Hitex\GnuToolPackageArm\bin\..\lib\gcc\arm-hitex-elf\4.1.1\interwork/libgcc.a(_fixunsdfsi.o)
 .bss           0x400021e4        0x0 C:\Program Files\Hitex\GnuToolPackageArm\bin\..\lib\gcc\arm-hitex-elf\4.1.1\interwork/libgcc.a(_truncdfsf2.o)
 *(.gnu.linkonce.b*)
                0x400021e4                . = ALIGN (0x4)
                0x400021e4                __bss_end__ = .

.bss2           0x400021e4     0x3190
                0x400021e4                __bss2_start = .
                0x400021e4                __bss2_start__ = .
 *(COMMON)
 COMMON         0x400021e4     0x2bd4 .\objects\Mp3.o
                0x400021e4                mp3Info
                0x40002200                decoder
                0x40002204                decodebuffer
                0x40002998                tmp2
                0x4000299c                output_buffer
                0x40004d9c                oldbytesLeft
                0x40004da0                bytesLeft
                0x40004da4                isempty
                0x40004da8                p_input
                0x40004dac                buff_cnt
                0x40004db0                isfull
                0x40004db4                tmp1
 COMMON         0x40004db8      0x120 .\objects\spi.o
                0x40004db8                buff
                0x40004dbc                udl
 COMMON         0x40004ed8      0x398 .\objects\uart.o
                0x40004ed8                uart0_tx_buffer
                0x40004f58                uart2_rx_extract_idx
                0x40004f5a                uart2_tx_insert_idx
                0x40004f5c                uart0_tx_insert_idx
                0x40004f5e                uart0_rx_insert_idx
                0x40004f60                uart2_rx_insert_idx
                0x40004f62                uart0_tx_extract_idx
                0x40004f64                uart2_tx_buffer
                0x40004fe4                uart2_tx_running
                0x40004fe8                uart2_rx_buffer
                0x40005068                uart0_tx_running
                0x4000506c                uart2_tx_extract_idx
                0x4000506e                uart0_rx_buffer
                0x4000526e                uart0_rx_extract_idx
 COMMON         0x40005270      0x100 C:\Program Files\Hitex\GnuToolPackageArm\bin\..\arm-hitex-elf\lib\interwork/libc.a(lib_a-gdtoa-gethex.o)
                0x40005270                __hexdig
 COMMON         0x40005370        0x4 C:\Program Files\Hitex\GnuToolPackageArm\bin\..\arm-hitex-elf\lib\interwork/libc.a(lib_a-reent.o)
                0x40005370                errno
                0x40005374                . = ALIGN (0x4)
                0x40005374                __bss2_end__ = .
                0x40005374                _end = .
                0x40005374                PROVIDE (end, .)

.comment        0x00000000      0x5fa
 *(.comment)
 .comment       0x00000000       0x12 .\objects\Mp3.o
 .comment       0x00000012       0x12 .\objects\main.o
 .comment       0x00000024       0x12 .\objects\spi.o
 .comment       0x00000036       0x12 .\objects\updownload.o
 .comment       0x00000048       0x12 .\objects\ConfigStick.o
 .comment       0x0000005a       0x12 .\objects\armVIC.o
 .comment       0x0000006c       0x12 .\objects\conio.o
 .comment       0x0000007e       0x12 .\objects\delay.o
 .comment       0x00000090       0x12 .\objects\fio.o
 .comment       0x000000a2       0x12 .\objects\interrupt.o
 .comment       0x000000b4       0x12 .\objects\portlcd.o
 .comment       0x000000c6       0x12 .\objects\syscalls_lpc.o
 .comment       0x000000d8       0x12 .\objects\target_info.o
 .comment       0x000000ea       0x12 .\objects\uart.o
 .comment       0x000000fc       0x12 .\objects\uartISR.o
 .comment       0x0000010e       0x12 lib/libhelix.a(mp3dec.o)
 .comment       0x00000120       0x12 lib/libhelix.a(mp3tabs.o)
 .comment       0x00000132       0x12 lib/libhelix.a(scalfact.o)
 .comment       0x00000144       0x12 lib/libhelix.a(subband.o)
 .comment       0x00000156       0x12 lib/libhelix.a(trigtabs_fixpt.o)
 .comment       0x00000168       0x12 lib/libhelix.a(bitstream.o)
 .comment       0x0000017a       0x12 lib/libhelix.a(buffers.o)
 .comment       0x0000018c       0x12 lib/libhelix.a(dct32.o)
 .comment       0x0000019e       0x12 lib/libhelix.a(dequant.o)
 .comment       0x000001b0       0x12 lib/libhelix.a(dqchan.o)
 .comment       0x000001c2       0x12 lib/libhelix.a(huffman.o)
 .comment       0x000001d4       0x12 lib/libhelix.a(hufftabs.o)
 .comment       0x000001e6       0x12 lib/libhelix.a(imdct.o)
 .comment       0x000001f8       0x12 lib/libhelix.a(stproc.o)
 .comment       0x0000020a       0x12 C:\Program Files\Hitex\GnuToolPackageArm\bin\..\arm-hitex-elf\lib\interwork/libc.a(lib_a-impure.o)
 .comment       0x0000021c       0x12 C:\Program Files\Hitex\GnuToolPackageArm\bin\..\arm-hitex-elf\lib\interwork/libc.a(lib_a-malloc.o)
 .comment       0x0000022e       0x12 C:\Program Files\Hitex\GnuToolPackageArm\bin\..\arm-hitex-elf\lib\interwork/libc.a(lib_a-mallocr.o)
 .comment       0x00000240       0x12 C:\Program Files\Hitex\GnuToolPackageArm\bin\..\arm-hitex-elf\lib\interwork/libc.a(lib_a-memcpy.o)
 .comment       0x00000252       0x12 C:\Program Files\Hitex\GnuToolPackageArm\bin\..\arm-hitex-elf\lib\interwork/libc.a(lib_a-memmove.o)
 .comment       0x00000264       0x12 C:\Program Files\Hitex\GnuToolPackageArm\bin\..\arm-hitex-elf\lib\interwork/libc.a(lib_a-mlock.o)
 .comment       0x00000276       0x12 C:\Program Files\Hitex\GnuToolPackageArm\bin\..\arm-hitex-elf\lib\interwork/libc.a(lib_a-printf.o)
 .comment       0x00000288       0x12 C:\Program Files\Hitex\GnuToolPackageArm\bin\..\arm-hitex-elf\lib\interwork/libc.a(lib_a-puts.o)
 .comment       0x0000029a       0x12 C:\Program Files\Hitex\GnuToolPackageArm\bin\..\arm-hitex-elf\lib\interwork/libc.a(lib_a-rget.o)
 .comment       0x000002ac       0x12 C:\Program Files\Hitex\GnuToolPackageArm\bin\..\arm-hitex-elf\lib\interwork/libc.a(lib_a-scanf.o)
 .comment       0x000002be       0x12 C:\Program Files\Hitex\GnuToolPackageArm\bin\..\arm-hitex-elf\lib\interwork/libc.a(lib_a-strlen.o)
 .comment       0x000002d0       0x12 C:\Program Files\Hitex\GnuToolPackageArm\bin\..\arm-hitex-elf\lib\interwork/libc.a(lib_a-vfprintf.o)
 .comment       0x000002e2       0x12 C:\Program Files\Hitex\GnuToolPackageArm\bin\..\arm-hitex-elf\lib\interwork/libc.a(lib_a-vfscanf.o)
 .comment       0x000002f4       0x12 C:\Program Files\Hitex\GnuToolPackageArm\bin\..\arm-hitex-elf\lib\interwork/libc.a(lib_a-wcrtomb.o)
 .comment       0x00000306       0x12 C:\Program Files\Hitex\GnuToolPackageArm\bin\..\arm-hitex-elf\lib\interwork/libc.a(lib_a-wcsrtombs.o)
 .comment       0x00000318       0x12 C:\Program Files\Hitex\GnuToolPackageArm\bin\..\arm-hitex-elf\lib\interwork/libc.a(lib_a-wctomb_r.o)
 .comment       0x0000032a       0x12 C:\Program Files\Hitex\GnuToolPackageArm\bin\..\arm-hitex-elf\lib\interwork/libc.a(lib_a-wsetup.o)
 .comment       0x0000033c       0x12 C:\Program Files\Hitex\GnuToolPackageArm\bin\..\arm-hitex-elf\lib\interwork/libc.a(lib_a-ctype_.o)
 .comment       0x0000034e       0x12 C:\Program Files\Hitex\GnuToolPackageArm\bin\..\arm-hitex-elf\lib\interwork/libc.a(lib_a-dtoa.o)
 .comment       0x00000360       0x12 C:\Program Files\Hitex\GnuToolPackageArm\bin\..\arm-hitex-elf\lib\interwork/libc.a(lib_a-fflush.o)
 .comment       0x00000372       0x12 C:\Program Files\Hitex\GnuToolPackageArm\bin\..\arm-hitex-elf\lib\interwork/libc.a(lib_a-findfp.o)
 .comment       0x00000384       0x12 C:\Program Files\Hitex\GnuToolPackageArm\bin\..\arm-hitex-elf\lib\interwork/libc.a(lib_a-fread.o)
 .comment       0x00000396       0x12 C:\Program Files\Hitex\GnuToolPackageArm\bin\..\arm-hitex-elf\lib\interwork/libc.a(lib_a-freer.o)
 .comment       0x000003a8       0x12 C:\Program Files\Hitex\GnuToolPackageArm\bin\..\arm-hitex-elf\lib\interwork/libc.a(lib_a-fvwrite.o)
 .comment       0x000003ba       0x12 C:\Program Files\Hitex\GnuToolPackageArm\bin\..\arm-hitex-elf\lib\interwork/libc.a(lib_a-fwalk.o)
 .comment       0x000003cc       0x12 C:\Program Files\Hitex\GnuToolPackageArm\bin\..\arm-hitex-elf\lib\interwork/libc.a(lib_a-iswspace.o)
 .comment       0x000003de       0x12 C:\Program Files\Hitex\GnuToolPackageArm\bin\..\arm-hitex-elf\lib\interwork/libc.a(lib_a-locale.o)
 .comment       0x000003f0       0x12 C:\Program Files\Hitex\GnuToolPackageArm\bin\..\arm-hitex-elf\lib\interwork/libc.a(lib_a-makebuf.o)
 .comment       0x00000402       0x12 C:\Program Files\Hitex\GnuToolPackageArm\bin\..\arm-hitex-elf\lib\interwork/libc.a(lib_a-mbrtowc.o)
 .comment       0x00000414       0x12 C:\Program Files\Hitex\GnuToolPackageArm\bin\..\arm-hitex-elf\lib\interwork/libc.a(lib_a-mbtowc_r.o)
 .comment       0x00000426       0x12 C:\Program Files\Hitex\GnuToolPackageArm\bin\..\arm-hitex-elf\lib\interwork/libc.a(lib_a-memchr.o)
 .comment       0x00000438       0x12 C:\Program Files\Hitex\GnuToolPackageArm\bin\..\arm-hitex-elf\lib\interwork/libc.a(lib_a-memset.o)
 .comment       0x0000044a       0x12 C:\Program Files\Hitex\GnuToolPackageArm\bin\..\arm-hitex-elf\lib\interwork/libc.a(lib_a-mprec.o)
 .comment       0x0000045c       0x12 C:\Program Files\Hitex\GnuToolPackageArm\bin\..\arm-hitex-elf\lib\interwork/libc.a(lib_a-reallocr.o)
 .comment       0x0000046e       0x12 C:\Program Files\Hitex\GnuToolPackageArm\bin\..\arm-hitex-elf\lib\interwork/libc.a(lib_a-refill.o)
 .comment       0x00000480       0x12 C:\Program Files\Hitex\GnuToolPackageArm\bin\..\arm-hitex-elf\lib\interwork/libc.a(lib_a-s_isinfd.o)
 .comment       0x00000492       0x12 C:\Program Files\Hitex\GnuToolPackageArm\bin\..\arm-hitex-elf\lib\interwork/libc.a(lib_a-s_isnand.o)
 .comment       0x000004a4       0x12 C:\Program Files\Hitex\GnuToolPackageArm\bin\..\arm-hitex-elf\lib\interwork/libc.a(lib_a-sccl.o)
 .comment       0x000004b6       0x12 C:\Program Files\Hitex\GnuToolPackageArm\bin\..\arm-hitex-elf\lib\interwork/libc.a(lib_a-sf_nan.o)
 .comment       0x000004c8       0x12 C:\Program Files\Hitex\GnuToolPackageArm\bin\..\arm-hitex-elf\lib\interwork/libc.a(lib_a-sprintf.o)
 .comment       0x000004da       0x12 C:\Program Files\Hitex\GnuToolPackageArm\bin\..\arm-hitex-elf\lib\interwork/libc.a(lib_a-stdio.o)
 .comment       0x000004ec       0x12 C:\Program Files\Hitex\GnuToolPackageArm\bin\..\arm-hitex-elf\lib\interwork/libc.a(lib_a-strcmp.o)
 .comment       0x000004fe       0x12 C:\Program Files\Hitex\GnuToolPackageArm\bin\..\arm-hitex-elf\lib\interwork/libc.a(lib_a-strtod.o)
 .comment       0x00000510       0x12 C:\Program Files\Hitex\GnuToolPackageArm\bin\..\arm-hitex-elf\lib\interwork/libc.a(lib_a-strtol.o)
 .comment       0x00000522       0x12 C:\Program Files\Hitex\GnuToolPackageArm\bin\..\arm-hitex-elf\lib\interwork/libc.a(lib_a-strtoul.o)
 .comment       0x00000534       0x12 C:\Program Files\Hitex\GnuToolPackageArm\bin\..\arm-hitex-elf\lib\interwork/libc.a(lib_a-syscalls.o)
 .comment       0x00000546       0x12 C:\Program Files\Hitex\GnuToolPackageArm\bin\..\arm-hitex-elf\lib\interwork/libc.a(lib_a-ungetc.o)
 .comment       0x00000558       0x12 C:\Program Files\Hitex\GnuToolPackageArm\bin\..\arm-hitex-elf\lib\interwork/libc.a(lib_a-callocr.o)
 .comment       0x0000056a       0x12 C:\Program Files\Hitex\GnuToolPackageArm\bin\..\arm-hitex-elf\lib\interwork/libc.a(lib_a-closer.o)
 .comment       0x0000057c       0x12 C:\Program Files\Hitex\GnuToolPackageArm\bin\..\arm-hitex-elf\lib\interwork/libc.a(lib_a-errno.o)
 .comment       0x0000058e       0x12 C:\Program Files\Hitex\GnuToolPackageArm\bin\..\arm-hitex-elf\lib\interwork/libc.a(lib_a-fclose.o)
 .comment       0x000005a0       0x12 C:\Program Files\Hitex\GnuToolPackageArm\bin\..\arm-hitex-elf\lib\interwork/libc.a(lib_a-fstatr.o)
 .comment       0x000005b2       0x12 C:\Program Files\Hitex\GnuToolPackageArm\bin\..\arm-hitex-elf\lib\interwork/libc.a(lib_a-gdtoa-gethex.o)
 .comment       0x000005c4       0x12 C:\Program Files\Hitex\GnuToolPackageArm\bin\..\arm-hitex-elf\lib\interwork/libc.a(lib_a-gdtoa-hexnan.o)
 .comment       0x000005d6       0x12 C:\Program Files\Hitex\GnuToolPackageArm\bin\..\arm-hitex-elf\lib\interwork/libc.a(lib_a-lseekr.o)
 .comment       0x000005e8       0x12 C:\Program Files\Hitex\GnuToolPackageArm\bin\..\arm-hitex-elf\lib\interwork/libc.a(lib_a-reent.o)

.debug
 *(.debug)

.line
 *(.line)

.debug_srcinfo
 *(.debug_srcinfo)

.debug_sfnames
 *(.debug_sfnames)

.debug_aranges  0x00000000      0xba0
 *(.debug_aranges)
 .debug_aranges
                0x00000000       0x20 .\objects\Mp3.o
 .debug_aranges
                0x00000020       0x20 .\objects\main.o
 .debug_aranges
                0x00000040       0x20 .\objects\spi.o
 .debug_aranges