AR parcheck beh C:/Users/DIPUser/Desktop/ModelSim_Projects/VHDL_Codes/parcheck.vhd sub00/vhpl03 1321893824
EN sg NULL D:/VHDL_Codes/sg.vhd sub00/vhpl04 1320229663
EN dut NULL C:/Users/DIPUser/Desktop/ModelSim_Projects/VHDL_Codes/DUT.vhd sub00/vhpl05 1321893825
EN parcheck NULL C:/Users/DIPUser/Desktop/ModelSim_Projects/VHDL_Codes/parcheck.vhd sub00/vhpl02 1321893823
AR dut beh C:/Users/DIPUser/Desktop/ModelSim_Projects/VHDL_Codes/DUT.vhd sub00/vhpl06 1321893826
AR parity4bit beh C:/Users/DIPUser/Desktop/ModelSim_Projects/VHDL_Codes/parity4bit.vhd sub00/vhpl01 1321893822
EN parity4bit NULL C:/Users/DIPUser/Desktop/ModelSim_Projects/VHDL_Codes/parity4bit.vhd sub00/vhpl00 1321893821
