V3 26
FL "C:/Documents and Settings/aaw251/Desktop/ModelSim_Projects/VHDL_Codes/DUT.vhd" 2011/11/02.11:00:46 M.81d
FL "C:/Documents and Settings/aaw251/Desktop/ModelSim_Projects/VHDL_Codes/parcheck.vhd" 2011/11/16.14:06:25 M.81d
FL "C:/Documents and Settings/aaw251/Desktop/ModelSim_Projects/VHDL_Codes/parity4bit.vhd" 2011/11/16.14:05:36 M.81d
FL C:/Users/DIPUser/Desktop/ModelSim_Projects/VHDL_Codes/DUT.vhd 2011/11/21.17:18:05 M.81d
EN work/DUT 1321893825 \
      FL C:/Users/DIPUser/Desktop/ModelSim_Projects/VHDL_Codes/DUT.vhd LB work \
      PB ieee/std_logic_1164 1290154108
AR work/DUT/beh 1321893826 \
      FL C:/Users/DIPUser/Desktop/ModelSim_Projects/VHDL_Codes/DUT.vhd \
      EN work/DUT 1321893825 CP parity4bit CP parcheck
FL C:/Users/DIPUser/Desktop/ModelSim_Projects/VHDL_Codes/parcheck.vhd 2011/11/21.17:43:18 M.81d
EN work/parcheck 1321893823 \
      FL C:/Users/DIPUser/Desktop/ModelSim_Projects/VHDL_Codes/parcheck.vhd \
      LB work PB ieee/std_logic_1164 1290154108
AR work/parcheck/beh 1321893824 \
      FL C:/Users/DIPUser/Desktop/ModelSim_Projects/VHDL_Codes/parcheck.vhd \
      EN work/parcheck 1321893823
FL C:/Users/DIPUser/Desktop/ModelSim_Projects/VHDL_Codes/parity4bit.vhd 2011/11/21.17:18:05 M.81d
EN work/parity4bit 1321893821 \
      FL C:/Users/DIPUser/Desktop/ModelSim_Projects/VHDL_Codes/parity4bit.vhd \
      LB work PB ieee/std_logic_1164 1290154108
AR work/parity4bit/beh 1321893822 \
      FL C:/Users/DIPUser/Desktop/ModelSim_Projects/VHDL_Codes/parity4bit.vhd \
      EN work/parity4bit 1321893821
FL D:/VHDL_Codes/DUT.vhd 2011/11/02.11:00:44 M.81d
FL D:/VHDL_Codes/parcheck.vhd 2011/11/02.11:35:27 M.81d
FL D:/VHDL_Codes/parity4bit.vhd 2011/11/02.11:35:30 M.81d
FL D:/VHDL_Codes/sg.vhd 2011/11/02.10:26:57 M.81d
EN work/sg 0 FL D:/VHDL_Codes/sg.vhd LB work PB ieee/std_logic_1164 1290154108 \
      PB ieee/std_logic_arith 1290154109 PB ieee/STD_LOGIC_UNSIGNED 1290154110
AR work/sg/beh 0 \
      FL D:/VHDL_Codes/sg.vhd EN work/sg 0
FL D:/VHDL_Codes/toplevel.vhd 2011/11/02.09:49:07 M.81d
EN work/toplevel 0 FL D:/VHDL_Codes/toplevel.vhd LB work PB ieee/std_logic_1164 1290154108
AR work/toplevel/beh 0 \
      FL D:/VHDL_Codes/toplevel.vhd EN work/toplevel 0 CP sg CP DUT
