Archive member included because of file (symbol)

C:\Program Files\Hitex\GnuToolPackageArm\bin\..\arm-hitex-elf\lib\interwork/libc.a(lib_a-atoi.o)
                              .\objects\main.o (atoi)
C:\Program Files\Hitex\GnuToolPackageArm\bin\..\arm-hitex-elf\lib\interwork/libc.a(lib_a-impure.o)
                              .\objects\main.o (_impure_ptr)
C:\Program Files\Hitex\GnuToolPackageArm\bin\..\arm-hitex-elf\lib\interwork/libc.a(lib_a-memcpy.o)
                              .\objects\updownload.o (memcpy)
C:\Program Files\Hitex\GnuToolPackageArm\bin\..\arm-hitex-elf\lib\interwork/libc.a(lib_a-printf.o)
                              .\objects\main.o (printf)
C:\Program Files\Hitex\GnuToolPackageArm\bin\..\arm-hitex-elf\lib\interwork/libc.a(lib_a-putchar.o)
                              .\objects\main.o (putchar)
C:\Program Files\Hitex\GnuToolPackageArm\bin\..\arm-hitex-elf\lib\interwork/libc.a(lib_a-puts.o)
                              .\objects\main.o (puts)
C:\Program Files\Hitex\GnuToolPackageArm\bin\..\arm-hitex-elf\lib\interwork/libc.a(lib_a-rget.o)
                              .\objects\main.o (__srget_r)
C:\Program Files\Hitex\GnuToolPackageArm\bin\..\arm-hitex-elf\lib\interwork/libc.a(lib_a-scanf.o)
                              .\objects\main.o (scanf)
C:\Program Files\Hitex\GnuToolPackageArm\bin\..\arm-hitex-elf\lib\interwork/libc.a(lib_a-strlen.o)
                              .\objects\updownload.o (strlen)
C:\Program Files\Hitex\GnuToolPackageArm\bin\..\arm-hitex-elf\lib\interwork/libc.a(lib_a-strtol.o)
                              C:\Program Files\Hitex\GnuToolPackageArm\bin\..\arm-hitex-elf\lib\interwork/libc.a(lib_a-atoi.o) (_strtol_r)
C:\Program Files\Hitex\GnuToolPackageArm\bin\..\arm-hitex-elf\lib\interwork/libc.a(lib_a-vfprintf.o)
                              C:\Program Files\Hitex\GnuToolPackageArm\bin\..\arm-hitex-elf\lib\interwork/libc.a(lib_a-printf.o) (_vfprintf_r)
C:\Program Files\Hitex\GnuToolPackageArm\bin\..\arm-hitex-elf\lib\interwork/libc.a(lib_a-vfscanf.o)
                              C:\Program Files\Hitex\GnuToolPackageArm\bin\..\arm-hitex-elf\lib\interwork/libc.a(lib_a-scanf.o) (__svfscanf_r)
C:\Program Files\Hitex\GnuToolPackageArm\bin\..\arm-hitex-elf\lib\interwork/libc.a(lib_a-wcrtomb.o)
                              C:\Program Files\Hitex\GnuToolPackageArm\bin\..\arm-hitex-elf\lib\interwork/libc.a(lib_a-vfprintf.o) (_wcrtomb_r)
C:\Program Files\Hitex\GnuToolPackageArm\bin\..\arm-hitex-elf\lib\interwork/libc.a(lib_a-wcsrtombs.o)
                              C:\Program Files\Hitex\GnuToolPackageArm\bin\..\arm-hitex-elf\lib\interwork/libc.a(lib_a-vfprintf.o) (_wcsrtombs_r)
C:\Program Files\Hitex\GnuToolPackageArm\bin\..\arm-hitex-elf\lib\interwork/libc.a(lib_a-wctomb_r.o)
                              C:\Program Files\Hitex\GnuToolPackageArm\bin\..\arm-hitex-elf\lib\interwork/libc.a(lib_a-wcrtomb.o) (_wctomb_r)
C:\Program Files\Hitex\GnuToolPackageArm\bin\..\arm-hitex-elf\lib\interwork/libc.a(lib_a-wsetup.o)
                              C:\Program Files\Hitex\GnuToolPackageArm\bin\..\arm-hitex-elf\lib\interwork/libc.a(lib_a-vfprintf.o) (__swsetup)
C:\Program Files\Hitex\GnuToolPackageArm\bin\..\arm-hitex-elf\lib\interwork/libc.a(lib_a-ctype_.o)
                              C:\Program Files\Hitex\GnuToolPackageArm\bin\..\arm-hitex-elf\lib\interwork/libc.a(lib_a-strtol.o) (__ctype_ptr)
C:\Program Files\Hitex\GnuToolPackageArm\bin\..\arm-hitex-elf\lib\interwork/libc.a(lib_a-dtoa.o)
                              C:\Program Files\Hitex\GnuToolPackageArm\bin\..\arm-hitex-elf\lib\interwork/libc.a(lib_a-vfprintf.o) (_dtoa_r)
C:\Program Files\Hitex\GnuToolPackageArm\bin\..\arm-hitex-elf\lib\interwork/libc.a(lib_a-fflush.o)
                              C:\Program Files\Hitex\GnuToolPackageArm\bin\..\arm-hitex-elf\lib\interwork/libc.a(lib_a-vfprintf.o) (fflush)
C:\Program Files\Hitex\GnuToolPackageArm\bin\..\arm-hitex-elf\lib\interwork/libc.a(lib_a-findfp.o)
                              C:\Program Files\Hitex\GnuToolPackageArm\bin\..\arm-hitex-elf\lib\interwork/libc.a(lib_a-vfprintf.o) (__sinit)
C:\Program Files\Hitex\GnuToolPackageArm\bin\..\arm-hitex-elf\lib\interwork/libc.a(lib_a-fread.o)
                              C:\Program Files\Hitex\GnuToolPackageArm\bin\..\arm-hitex-elf\lib\interwork/libc.a(lib_a-vfscanf.o) (fread)
C:\Program Files\Hitex\GnuToolPackageArm\bin\..\arm-hitex-elf\lib\interwork/libc.a(lib_a-freer.o)
                              C:\Program Files\Hitex\GnuToolPackageArm\bin\..\arm-hitex-elf\lib\interwork/libc.a(lib_a-vfprintf.o) (_free_r)
C:\Program Files\Hitex\GnuToolPackageArm\bin\..\arm-hitex-elf\lib\interwork/libc.a(lib_a-fvwrite.o)
                              C:\Program Files\Hitex\GnuToolPackageArm\bin\..\arm-hitex-elf\lib\interwork/libc.a(lib_a-puts.o) (__sfvwrite_r)
C:\Program Files\Hitex\GnuToolPackageArm\bin\..\arm-hitex-elf\lib\interwork/libc.a(lib_a-fwalk.o)
[...]
Memory Configuration

Name             Origin             Length             Attributes
IntCode          0x00000000         0x00080000         xr
IntDataRAM       0x40000000         0x00010000         rw
*default*        0x00000000         0xffffffff

Linker script and memory map

LOAD .\objects\SPI.o
LOAD .\objects\main.o
LOAD .\objects\startup.o
LOAD .\objects\updownload.o
LOAD .\objects\ConfigStick.o
LOAD .\objects\armVIC.o
LOAD .\objects\conio.o
LOAD .\objects\delay.o
LOAD .\objects\fio.o
LOAD .\objects\interrupt.o
LOAD .\objects\portlcd.o
LOAD .\objects\syscalls_lpc.o
LOAD .\objects\target_info.o
LOAD .\objects\uart.o
LOAD .\objects\uartISR.o
                0x40010000                PROVIDE (_top_stack_, 0x40010000)
                0x40010000                PROVIDE (_end_of_heap_, 0x40010000)

.text           0x00000000    0x1037c
                0x00000000                __code_start__ = .
 .\objects\startup.o(.text)
 .text          0x00000000      0x214 .\objects\startup.o
                0x00000000                _startup
                0x00000038                ResetEntry
                0x0000004c                start
                0x0000004c                Start_init_s
 *.o(.text)
 .text          0x00000214      0xb10 .\objects\SPI.o
                0x00000328                get_status_bytes
                0x00000390                wait_while_busy
                0x000002bc                get_device_ID
                0x00000618                write
                0x0000049c                erase_mem_block
                0x00000404                set_write_enable
                0x000006b8                read
                0x00000214                init_spi
                0x00000594                start_block_at
                0x00000c68                read_dual
                0x00000448                set_glob_unprotect
                0x00000530                erase_chip
 .text          0x00000d24      0x868 .\objects\main.o
                0x00001210                menu_write
                0x00001168                menu_read_MB
                0x000014d0                erase_input
                0x00000d24                init_data
                0x00001364                menu_erase
                0x00001464                menu_erase_chip
                0x00000e4c                main
                0x00001008                menu_read
                0x00000fd0                menu_id
                0x000012bc                menu_write_MB
                0x00001498                menu_status
 .text          0x0000158c      0xa80 .\objects\updownload.o
                0x00001aa8                udl_putc
                0x0000158c                udl_open
                0x00001924                udl_getc
                0x00001794                udl_close
 .text          0x0000200c      0x818 .\objects\ConfigStick.o
                0x000026b0                Check_Hardware
                0x000025b8                ADC_get_channel
                0x0000200c                Peripheral_Clock_Configuration
                0x0000206c                Power_Configuration
                0x00002794                BaseStickConfig
                0x0000258c                WDT_Configuration
                0x00002114                GPIO_Configuration
 .text          0x00002824      0x1f4 .\objects\armVIC.o
                0x000028b8                restoreIRQ
                0x000029d8                enableFIQ
                0x00002948                disableFIQ
                0x00002908                enableIRQ
                0x00002988                restoreFIQ
                0x00002824                disableIRQ
 .text          0x00002a18      0x140 .\objects\conio.o
                0x00002aac                kbhit
                0x00002b14                putch
                0x00002a18                getch
                0x00002a54                getche
 .text          0x00002b58      0x144 .\objects\delay.o
                0x00002b58                delay
                0x00002c30                init_delay
 .text          0x00002c9c      0x1b8 .\objects\fio.o
                0x00002c9c                GPIOInit
 .text          0x00002e54       0xd8 .\objects\interrupt.o
                0x00002e54                SWI_Handler
                0x00002ef8                Undef_Handler
                0x00002ee4                DAbt_Handler
                0x00002f0c                FIQ_Handler
                0x00002ed0                PAbt_Handler
 .text          0x00002f2c      0x6a8 .\objects\portlcd.o
                0x00003010                lcd_write
                0x00003220                LCD_init
                0x00003304                LCD_load
                0x00002f2c                lcd_delay
                0x00003168                lcd_wait_busy
                0x000031a0                lcd_write_cmd
                0x000034d0                LCD_puts
                0x00003528                LCD_bargraph
                0x00002f64                lcd_write_4bit
                0x00003450                LCD_on
                0x00003470                LCD_putc
                0x000031e0                lcd_write_data
                0x0000337c                LCD_gotoxy
                0x00003048                lcd_read_stat
                0x00003430                LCD_cur_off
                0x00003404                LCD_cls
 .text          0x000035d4      0x27c .\objects\syscalls_lpc.o
                0x000037a8                _sbrk_r
                0x00003694                _read_r
                0x000035d4                _write_r
 .text          0x00003850      0x180 .\objects\target_info.o
                0x0000392c                GetPclk
                0x00003850                GetCclk
 .text          0x000039d0      0xd18 .\objects\uart.o
                0x00004394                uart2Space
                0x00004488                uart2Write
                0x0000454c                uart2TxEmpty
                0x00003e04                uart0Write
                0x00003bb0                uart0Putch
                0x000039d0                uart0Init
                0x00003f08                uart0TxFlush
                0x0000458c                uart2TxFlush
                0x00003d94                uart0Puts
                0x00003fa8                uart0Getch
                0x00003d10                uart0Space
                0x00004064                uart2Init
                0x00003ec8                uart0TxEmpty
                0x0000462c                uart2Getch
                0x00004234                uart2Putch
                0x00004418                uart2Puts
 .text          0x000046e8      0x508 .\objects\uartISR.o
                0x00004958                uart2ISR
                0x000046e8                uart0ISR
 .text          0x00004bf0       0x30 C:\Program Files\Hitex\GnuToolPackageArm\bin\..\arm-hitex-elf\lib\interwork/libc.a(lib_a-atoi.o)
                0x00004bf0                _atoi_r
                0x00004c08                atoi
 .text          0x00004c20        0x0 C:\Program Files\Hitex\GnuToolPackageArm\bin\..\arm-hitex-elf\lib\interwork/libc.a(lib_a-impure.o)
 .text          0x00004c20       0x20 C:\Program Files\Hitex\GnuToolPackageArm\bin\..\arm-hitex-elf\lib\interwork/libc.a(lib_a-memcpy.o)
                0x00004c20                memcpy
 .text          0x00004c40       0x74 C:\Program Files\Hitex\GnuToolPackageArm\bin\..\arm-hitex-elf\lib\interwork/libc.a(lib_a-printf.o)
                0x00004c40                printf
                0x00004c80                _printf_r
 .text          0x00004cb4       0x3c C:\Program Files\Hitex\GnuToolPackageArm\bin\..\arm-hitex-elf\lib\interwork/libc.a(lib_a-putchar.o)
                0x00004cb4                putchar
                0x00004cdc                _putchar_r
 .text          0x00004cf0       0x88 C:\Program Files\Hitex\GnuToolPackageArm\bin\..\arm-hitex-elf\lib\interwork/libc.a(lib_a-puts.o)
                0x00004cf0                _puts_r
                0x00004d64                puts
 .text          0x00004d78       0x4c C:\Program Files\Hitex\GnuToolPackageArm\bin\..\arm-hitex-elf\lib\interwork/libc.a(lib_a-rget.o)
                0x00004db0                __srget
                0x00004d78                __srget_r
 .text          0x00004dc4       0x74 C:\Program Files\Hitex\GnuToolPackageArm\bin\..\arm-hitex-elf\lib\interwork/libc.a(lib_a-scanf.o)
                0x00004dc4                _scanf_r
                0x00004df8                scanf
 .text          0x00004e38       0x20 C:\Program Files\Hitex\GnuToolPackageArm\bin\..\arm-hitex-elf\lib\interwork/libc.a(lib_a-strlen.o)
                0x00004e38                strlen
 .text          0x00004e58      0x1c4 C:\Program Files\Hitex\GnuToolPackageArm\bin\..\arm-hitex-elf\lib\interwork/libc.a(lib_a-strtol.o)
                0x00004ff0                strtol
                0x00004e58                _strtol_r
 .text          0x0000501c     0x1da0 C:\Program Files\Hitex\GnuToolPackageArm\bin\..\arm-hitex-elf\lib\interwork/libc.a(lib_a-vfprintf.o)
                0x00005058                _vfprintf_r
                0x00006d90                vfprintf
 .text          0x00006dbc     0x1114 C:\Program Files\Hitex\GnuToolPackageArm\bin\..\arm-hitex-elf\lib\interwork/libc.a(lib_a-vfscanf.o)
                0x00007e18                __svfscanf
                0x00007e44                _vfscanf_r
                0x00007e80                vfscanf
                0x00006dbc                __svfscanf_r
 .text          0x00007ed0       0x78 C:\Program Files\Hitex\GnuToolPackageArm\bin\..\arm-hitex-elf\lib\interwork/libc.a(lib_a-wcrtomb.o)
                0x00007ed0                _wcrtomb_r
                0x00007f1c                wcrtomb
 .text          0x00007f48      0x14c C:\Program Files\Hitex\GnuToolPackageArm\bin\..\arm-hitex-elf\lib\interwork/libc.a(lib_a-wcsrtombs.o)
                0x00007f48                _wcsrtombs_r
                0x00008054                wcsrtombs
 .text          0x00008094      0x424 C:\Program Files\Hitex\GnuToolPackageArm\bin\..\arm-hitex-elf\lib\interwork/libc.a(lib_a-wctomb_r.o)
                0x00008094                _wctomb_r
 .text          0x000084b8       0xf8 C:\Program Files\Hitex\GnuToolPackageArm\bin\..\arm-hitex-elf\lib\interwork/libc.a(lib_a-wsetup.o)
                0x000084b8                __swsetup
 .text          0x000085b0        0x0 C:\Program Files\Hitex\GnuToolPackageArm\bin\..\arm-hitex-elf\lib\interwork/libc.a(lib_a-ctype_.o)
 .text          0x000085b0     0x14fc C:\Program Files\Hitex\GnuToolPackageArm\bin\..\arm-hitex-elf\lib\interwork/libc.a(lib_a-dtoa.o)
                0x0000878c                _dtoa_r
 .text          0x00009aac      0x19c C:\Program Files\Hitex\GnuToolPackageArm\bin\..\arm-hitex-elf\lib\interwork/libc.a(lib_a-fflush.o)
                0x00009aac                fflush
 .text          0x00009c48      0x284 C:\Program Files\Hitex\GnuToolPackageArm\bin\..\arm-hitex-elf\lib\interwork/libc.a(lib_a-findfp.o)
                0x00009ca4                __sinit
                0x00009d6c                __sfmoreglue
                0x00009d5c                _cleanup
                0x00009d44                _cleanup_r
                0x00009de0                __fp_lock_all
                0x00009d24                __sfp_lock_acquire
                0x00009e04                __sfp
                0x00009d30                __sinit_lock_release
                0x00009dbc                __fp_unlock_all
                0x00009d28                __sfp_lock_release
                0x00009d2c                __sinit_lock_acquire
 .text          0x00009ecc      0x120 C:\Program Files\Hitex\GnuToolPackageArm\bin\..\arm-hitex-elf\lib\interwork/libc.a(lib_a-fread.o)
                0x00009fac                fread
                0x00009ecc                _fread_r
 .text          0x00009fec      0x35c C:\Program Files\Hitex\GnuToolPackageArm\bin\..\arm-hitex-elf\lib\interwork/libc.a(lib_a-freer.o)
                0x0000a0e8                _free_r
                0x00009fec                _malloc_trim_r
 .text          0x0000a348      0x3fc C:\Program Files\Hitex\GnuToolPackageArm\bin\..\arm-hitex-elf\lib\interwork/libc.a(lib_a-fvwrite.o)
                0x0000a348                __sfvwrite_r
 .text          0x0000a744       0xf4 C:\Program Files\Hitex\GnuToolPackageArm\bin\..\arm-hitex-elf\lib\interwork/libc.a(lib_a-fwalk.o)
                0x0000a7c0                _fwalk
                0x0000a744                _fwalk_reent
 .text          0x0000a838       0x24 C:\Program Files\Hitex\GnuToolPackageArm\bin\..\arm-hitex-elf\lib\interwork/libc.a(lib_a-iswspace.o)
                0x0000a838                iswspace
 .text          0x0000a85c       0xa8 C:\Program Files\Hitex\GnuToolPackageArm\bin\..\arm-hitex-elf\lib\interwork/libc.a(lib_a-locale.o)
                0x0000a878                _setlocale_r
                0x0000a85c                __locale_charset
                0x0000a86c                _localeconv_r
                0x0000a8dc                setlocale
                0x0000a8f8                localeconv
 .text          0x0000a904      0x154 C:\Program Files\Hitex\GnuToolPackageArm\bin\..\arm-hitex-elf\lib\interwork/libc.a(lib_a-makebuf.o)
                0x0000a904                __smakebuf
 .text          0x0000aa58      0x688 C:\Program Files\Hitex\GnuToolPackageArm\bin\..\arm-hitex-elf\lib\interwork/libc.a(lib_a-mallocr.o)
                0x0000aa58                _malloc_r
 .text          0x0000b0e0       0x98 C:\Program Files\Hitex\GnuToolPackageArm\bin\..\arm-hitex-elf\lib\interwork/libc.a(lib_a-mbrtowc.o)
                0x0000b138                mbrtowc
                0x0000b0e0                _mbrtowc_r
 .text          0x0000b178       0x50 C:\Program Files\Hitex\GnuToolPackageArm\bin\..\arm-hitex-elf\lib\interwork/libc.a(lib_a-mbtowc_r.o)
                0x0000b178                _mbtowc_r
 .text          0x0000b1c8       0x28 C:\Program Files\Hitex\GnuToolPackageArm\bin\..\arm-hitex-elf\lib\interwork/libc.a(lib_a-memchr.o)
                0x0000b1c8                memchr
 .text          0x0000b1f0       0x54 C:\Program Files\Hitex\GnuToolPackageArm\bin\..\arm-hitex-elf\lib\interwork/libc.a(lib_a-memmove.o)
                0x0000b1f0                memmove
 .text          0x0000b244       0x1c C:\Program Files\Hitex\GnuToolPackageArm\bin\..\arm-hitex-elf\lib\interwork/libc.a(lib_a-memset.o)
                0x0000b244                memset
 .text          0x0000b260        0x8 C:\Program Files\Hitex\GnuToolPackageArm\bin\..\arm-hitex-elf\lib\interwork/libc.a(lib_a-mlock.o)
                0x0000b264                __malloc_unlock
                0x0000b260                __malloc_lock
 .text          0x0000b268      0xc00 C:\Program Files\Hitex\GnuToolPackageArm\bin\..\arm-hitex-elf\lib\interwork/libc.a(lib_a-mprec.o)
                0x0000b55c                _mprec_log10
                0x0000b610                __any_on
                0x0000b678                _Balloc
                0x0000b4e0                __ratio
                0x0000bbbc                __i2b
                0x0000b42c                __b2d
                0x0000bd84                __s2b
                0x0000b36c                __mcmp
                0x0000b284                __hi0bits
                0x0000bca8                __pow5mult
                0x0000b944                __lshift
                0x0000ba24                __multiply
                0x0000b70c                __d2b
                0x0000b5c8                __copybits
                0x0000b3cc                __ulp
                0x0000b820                __mdiff
                0x0000b2dc                __lo0bits
                0x0000bbe0                __multadd
                0x0000b268                _Bfree
 .text          0x0000be68       0xb4 C:\Program Files\Hitex\GnuToolPackageArm\bin\..\arm-hitex-elf\lib\interwork/libc.a(lib_a-putc.o)
                0x0000be68                _putc_r
                0x0000bf00                putc
 .text          0x0000bf1c      0x4d4 C:\Program Files\Hitex\GnuToolPackageArm\bin\..\arm-hitex-elf\lib\interwork/libc.a(lib_a-reallocr.o)
                0x0000bf1c                _realloc_r
 .text          0x0000c3f0      0x1b8 C:\Program Files\Hitex\GnuToolPackageArm\bin\..\arm-hitex-elf\lib\interwork/libc.a(lib_a-refill.o)
                0x0000c41c                __srefill_r
 .text          0x0000c5a8       0x2c C:\Program Files\Hitex\GnuToolPackageArm\bin\..\arm-hitex-elf\lib\interwork/libc.a(lib_a-s_isinfd.o)
                0x0000c5a8                __isinfd
 .text          0x0000c5d4       0x20 C:\Program Files\Hitex\GnuToolPackageArm\bin\..\arm-hitex-elf\lib\interwork/libc.a(lib_a-s_isnand.o)
                0x0000c5d4                __isnand
 .text          0x0000c5f4       0xcc C:\Program Files\Hitex\GnuToolPackageArm\bin\..\arm-hitex-elf\lib\interwork/libc.a(lib_a-sccl.o)
                0x0000c5f4                __sccl
 .text          0x0000c6c0        0xc C:\Program Files\Hitex\GnuToolPackageArm\bin\..\arm-hitex-elf\lib\interwork/libc.a(lib_a-sf_nan.o)
                0x0000c6c0                nanf
 .text          0x0000c6cc       0xdc C:\Program Files\Hitex\GnuToolPackageArm\bin\..\arm-hitex-elf\lib\interwork/libc.a(lib_a-sprintf.o)
                0x0000c740                _sprintf_r
                0x0000c6cc                sprintf
 .text          0x0000c7a8      0x110 C:\Program Files\Hitex\GnuToolPackageArm\bin\..\arm-hitex-elf\lib\interwork/libc.a(lib_a-stdio.o)
                0x0000c7c8                __sseek
                0x0000c870                __sread
                0x0000c7a8                __sclose
                0x0000c810                __swrite
 .text          0x0000c8b8       0x30 C:\Program Files\Hitex\GnuToolPackageArm\bin\..\arm-hitex-elf\lib\interwork/libc.a(lib_a-strcmp.o)
                0x0000c8b8                strcmp
 .text          0x0000c8e8     0x12d0 C:\Program Files\Hitex\GnuToolPackageArm\bin\..\arm-hitex-elf\lib\interwork/libc.a(lib_a-strtod.o)
                0x0000c934                _strtod_r
                0x0000db9c                strtod
                0x0000db48                strtof
 .text          0x0000dbb8      0x1a4 C:\Program Files\Hitex\GnuToolPackageArm\bin\..\arm-hitex-elf\lib\interwork/libc.a(lib_a-strtoul.o)
                0x0000dd30                strtoul
                0x0000dbb8                _strtoul_r
 .text          0x0000dd5c      0x5e4 C:\Program Files\Hitex\GnuToolPackageArm\bin\..\arm-hitex-elf\lib\interwork/libc.a(lib_a-syscalls.o)
                0x0000de20                _getpid
                0x0000dd8c                initialise_monitor_handles
                0x0000de94                isatty
                0x0000e010                _fstat
                0x0000dff0                _open
                0x0000dee4                _sbrk
                0x0000de38                _raise
                0x0000de68                _times
                0x0000e0e8                _stat
                0x0000e290                _lseek
                0x0000de28                _link
                0x0000e14c                _swiwrite
                0x0000dea4                _rename
                0x0000e1ec                _swilseek
                0x0000e0b4                _swiclose
                0x0000df54                _swiopen
                0x0000de30                _unlink
                0x0000e178                _write
                0x0000de18                _kill
                0x0000de3c                _gettimeofday
                0x0000e2cc                _read
                0x0000e338                _exit
                0x0000dec0                _system
                0x0000e2a0                _swiread
                0x0000e13c                _close
 .text          0x0000e340      0x228 C:\Program Files\Hitex\GnuToolPackageArm\bin\..\arm-hitex-elf\lib\interwork/libc.a(lib_a-ungetc.o)
                0x0000e54c                ungetc
                0x0000e340                __submore
                0x0000e3f4                _ungetc_r
 .text          0x0000e568      0x114 C:\Program Files\Hitex\GnuToolPackageArm\bin\..\arm-hitex-elf\lib\interwork/libc.a(lib_a-wbuf.o)
                0x0000e568                __swbuf_r
                0x0000e660                __swbuf
 .text          0x0000e67c       0x9c C:\Program Files\Hitex\GnuToolPackageArm\bin\..\arm-hitex-elf\lib\interwork/libc.a(lib_a-callocr.o)
                0x0000e67c                _calloc_r
 .text          0x0000e718       0x3c C:\Program Files\Hitex\GnuToolPackageArm\bin\..\arm-hitex-elf\lib\interwork/libc.a(lib_a-closer.o)
                0x0000e718                _close_r
 .text          0x0000e754       0x10 C:\Program Files\Hitex\GnuToolPackageArm\bin\..\arm-hitex-elf\lib\interwork/libc.a(lib_a-errno.o)
                0x0000e754                __errno
 .text          0x0000e764       0xf4 C:\Program Files\Hitex\GnuToolPackageArm\bin\..\arm-hitex-elf\lib\interwork/libc.a(lib_a-fclose.o)
                0x0000e764                _fclose_r
                0x0000e844                fclose
 .text          0x0000e858       0x40 C:\Program Files\Hitex\GnuToolPackageArm\bin\..\arm-hitex-elf\lib\interwork/libc.a(lib_a-fstatr.o)
                0x0000e858                _fstat_r
 .text          0x0000e898      0x764 C:\Program Files\Hitex\GnuToolPackageArm\bin\..\arm-hitex-elf\lib\interwork/libc.a(lib_a-gdtoa-gethex.o)
                0x0000e8cc                __hexdig_init
                0x0000e9b8                __gethex
 .text          0x0000effc      0x240 C:\Program Files\Hitex\GnuToolPackageArm\bin\..\arm-hitex-elf\lib\interwork/libc.a(lib_a-gdtoa-hexnan.o)
                0x0000f034                __hexnan
 .text          0x0000f23c       0x44 C:\Program Files\Hitex\GnuToolPackageArm\bin\..\arm-hitex-elf\lib\interwork/libc.a(lib_a-lseekr.o)
                0x0000f23c                _lseek_r
 .text          0x0000f280      0x18c C:\Program Files\Hitex\GnuToolPackageArm\bin\..\arm-hitex-elf\lib\interwork/libc.a(lib_a-reent.o)
                0x0000f2f0                cleanup_glue
                0x0000f31c                _reclaim_reent
                0x0000f280                _wrapup_reent
 .text          0x0000f40c      0x114 C:\Program Files\Hitex\GnuToolPackageArm\bin\..\lib\gcc\arm-hitex-elf\4.1.1\interwork/libgcc.a(_udivsi3.o)
                0x0000f40c                __udivsi3
                0x0000f40c                __aeabi_uidiv
                0x0000f508                __aeabi_uidivmod
 .text          0x0000f520      0x144 C:\Program Files\Hitex\GnuToolPackageArm\bin\..\lib\gcc\arm-hitex-elf\4.1.1\interwork/libgcc.a(_divsi3.o)
                0x0000f520                __aeabi_idiv
                0x0000f520                __divsi3
                0x0000f64c                __aeabi_idivmod
 .text          0x0000f664       0xd0 C:\Program Files\Hitex\GnuToolPackageArm\bin\..\lib\gcc\arm-hitex-elf\4.1.1\interwork/libgcc.a(_umodsi3.o)
                0x0000f664                __umodsi3
 .text          0x0000f734       0xe8 C:\Program Files\Hitex\GnuToolPackageArm\bin\..\lib\gcc\arm-hitex-elf\4.1.1\interwork/libgcc.a(_modsi3.o)
                0x0000f734                __modsi3
 .text          0x0000f81c        0x4 C:\Program Files\Hitex\GnuToolPackageArm\bin\..\lib\gcc\arm-hitex-elf\4.1.1\interwork/libgcc.a(_dvmd_tls.o)
                0x0000f81c                __aeabi_ldiv0
                0x0000f81c                __div0
                0x0000f81c                __aeabi_idiv0
 .text          0x0000f820      0x430 C:\Program Files\Hitex\GnuToolPackageArm\bin\..\lib\gcc\arm-hitex-elf\4.1.1\interwork/libgcc.a(_addsubdf3.o)
                0x0000fbe4                __floatdidf
                0x0000fb64                __floatsidf
                0x0000fb3c                __aeabi_ui2d
                0x0000f820                __aeabi_drsub
                0x0000fb90                __extendsfdf2
                0x0000f82c                __adddf3
                0x0000fb3c                __floatunsidf
                0x0000f82c                __aeabi_dadd
                0x0000fbd0                __aeabi_ul2d
                0x0000f828                __aeabi_dsub
                0x0000fbd0                __floatundidf
                0x0000fb64                __aeabi_i2d
                0x0000fbe4                __aeabi_l2d
                0x0000fb90                __aeabi_f2d
                0x0000f828                __subdf3
 .text          0x0000fc50      0x49c C:\Program Files\Hitex\GnuToolPackageArm\bin\..\lib\gcc\arm-hitex-elf\4.1.1\interwork/libgcc.a(_muldivdf3.o)
                0x0000fee0                __aeabi_ddiv
                0x0000fc50                __aeabi_dmul
                0x0000fee0                __divdf3
                0x0000fc50                __muldf3
 .text          0x000100ec      0x140 C:\Program Files\Hitex\GnuToolPackageArm\bin\..\lib\gcc\arm-hitex-elf\4.1.1\interwork/libgcc.a(_cmpdf2.o)
                0x000101e4                __aeabi_dcmple
                0x000100fc                __cmpdf2
                0x000100fc                __eqdf2
                0x000100ec                __gtdf2
                0x0001019c                __aeabi_cdcmple
                0x00010180                __aeabi_cdrcmple
                0x000100f4                __ltdf2
                0x000101cc                __aeabi_dcmplt
                0x000100f4                __ledf2
                0x00010214                __aeabi_dcmpgt
                0x000101fc                __aeabi_dcmpge
                0x000100fc                __nedf2
                0x000101b4                __aeabi_dcmpeq
                0x0001019c                __aeabi_cdcmpeq
                0x000100ec                __gedf2
 .text          0x0001022c       0x5c C:\Program Files\Hitex\GnuToolPackageArm\bin\..\lib\gcc\arm-hitex-elf\4.1.1\interwork/libgcc.a(_fixdfsi.o)
                0x0001022c                __fixdfsi
                0x0001022c                __aeabi_d2iz
 .text          0x00010288       0x54 C:\Program Files\Hitex\GnuToolPackageArm\bin\..\lib\gcc\arm-hitex-elf\4.1.1\interwork/libgcc.a(_fixunsdfsi.o)
                0x00010288                __fixunsdfsi
                0x00010288                __aeabi_d2uiz
 .text          0x000102dc       0xa0 C:\Program Files\Hitex\GnuToolPackageArm\bin\..\lib\gcc\arm-hitex-elf\4.1.1\interwork/libgcc.a(_truncdfsf2.o)
                0x000102dc                __aeabi_d2f
                0x000102dc                __truncdfsf2
                0x0001037c                . = ALIGN (0x4)
                0x0001037c                __code_end__ = .
 *(.gnu.linkonce.t.*)
 *(.glue_7)
 .glue_7        0x0001037c        0x0 .\objects\SPI.o
 .glue_7        0x0001037c        0x0 .\objects\main.o
 .glue_7        0x0001037c        0x0 .\objects\startup.o
 .glue_7        0x0001037c        0x0 .\objects\updownload.o
 .glue_7        0x0001037c        0x0 .\objects\ConfigStick.o
 .glue_7        0x0001037c        0x0 .\objects\armVIC.o
 .glue_7        0x0001037c        0x0 .\objects\conio.o
 .glue_7        0x0001037c        0x0 .\objects\delay.o
 .glue_7        0x0001037c        0x0 .\objects\fio.o
 .glue_7        0x0001037c        0x0 .\objects\interrupt.o
 .glue_7        0x0001037c        0x0 .\objects\portlcd.o
 .glue_7        0x0001037c        0x0 .\objects\syscalls_lpc.o
 .glue_7        0x0001037c        0x0 .\objects\target_info.o
 .glue_7        0x0001037c        0x0 .\objects\uart.o
 .glue_7        0x0001037c        0x0 .\objects\uartISR.o
 .glue_7        0x0001037c        0x0 C:\Program Files\Hitex\GnuToolPackageArm\bin\..\arm-hitex-elf\lib\interwork/libc.a(lib_a-atoi.o)
 .glue_7        0x0001037c        0x0 C:\Program Files\Hitex\GnuToolPackageArm\bin\..\arm-hitex-elf\lib\interwork/libc.a(lib_a-impure.o)
 .glue_7        0x0001037c        0x0 C:\Program Files\Hitex\GnuToolPackageArm\bin\..\arm-hitex-elf\lib\interwork/libc.a(lib_a-memcpy.o)
 .glue_7        0x0001037c        0x0 C:\Program Files\Hitex\GnuToolPackageArm\bin\..\arm-hitex-elf\lib\interwork/libc.a(lib_a-printf.o)
 .glue_7        0x0001037c        0x0 C:\Program Files\Hitex\GnuToolPackageArm\bin\..\arm-hitex-elf\lib\interwork/libc.a(lib_a-putchar.o)
 .glue_7        0x0001037c        0x0 C:\Program Files\Hitex\GnuToolPackageArm\bin\..\arm-hitex-elf\lib\interwork/libc.a(lib_a-puts.o)
 .glue_7        0x0001037c        0x0 C:\Program Files\Hitex\GnuToolPackageArm\bin\..\arm-hitex-elf\lib\interwork/libc.a(lib_a-rget.o)
 .glue_7        0x0001037c        0x0 C:\Program Files\Hitex\GnuToolPackageArm\bin\..\arm-hitex-elf\lib\interwork/libc.a(lib_a-scanf.o)
 .glue_7        0x0001037c        0x0 C:\Program Files\Hitex\GnuToolPackageArm\bin\..\arm-hitex-elf\lib\interwork/libc.a(lib_a-strlen.o)
 .glue_7        0x0001037c        0x0 C:\Program Files\Hitex\GnuToolPackageArm\bin\..\arm-hitex-elf\lib\interwork/libc.a(lib_a-strtol.o)
 .glue_7        0x0001037c        0x0 C:\Program Files\Hitex\GnuToolPackageArm\bin\..\arm-hitex-elf\lib\interwork/libc.a(lib_a-vfprintf.o)
 .glue_7        0x0001037c        0x0 C:\Program Files\Hitex\GnuToolPackageArm\bin\..\arm-hitex-elf\lib\interwork/libc.a(lib_a-vfscanf.o)
 .glue_7        0x0001037c        0x0 C:\Program Files\Hitex\GnuToolPackageArm\bin\..\arm-hitex-elf\lib\interwork/libc.a(lib_a-wcrtomb.o)
 .glue_7        0x0001037c        0x0 C:\Program Files\Hitex\GnuToolPackageArm\bin\..\arm-hitex-elf\lib\interwork/libc.a(lib_a-wcsrtombs.o)
 .glue_7        0x0001037c        0x0 C:\Program Files\Hitex\GnuToolPackageArm\bin\..\arm-hitex-elf\lib\interwork/libc.a(lib_a-wctomb_r.o)
 .glue_7        0x0001037c        0x0 C:\Program Files\Hitex\GnuToolPackageArm\bin\..\arm-hitex-elf\lib\interwork/libc.a(lib_a-wsetup.o)
 .glue_7        0x0001037c        0x0 C:\Program Files\Hitex\GnuToolPackageArm\bin\..\arm-hitex-elf\lib\interwork/libc.a(lib_a-ctype_.o)
 .glue_7        0x0001037c        0x0 C:\Program Files\Hitex\GnuToolPackageArm\bin\..\arm-hitex-elf\lib\interwork/libc.a(lib_a-dtoa.o)
 .glue_7        0x0001037c        0x0 C:\Program Files\Hitex\GnuToolPackageArm\bin\..\arm-hitex-elf\lib\interwork/libc.a(lib_a-fflush.o)
 .glue_7        0x0001037c        0x0 C:\Program Files\Hitex\GnuToolPackageArm\bin\..\arm-hitex-elf\lib\interwork/libc.a(lib_a-findfp.o)
 .glue_7        0x0001037c        0x0 C:\Program Files\Hitex\GnuToolPackageArm\bin\..\arm-hitex-elf\lib\interwork/libc.a(lib_a-fread.o)
 .glue_7        0x0001037c        0x0 C:\Program Files\Hitex\GnuToolPackageArm\bin\..\arm-hitex-elf\lib\interwork/libc.a(lib_a-freer.o)
 .glue_7        0x0001037c        0x0 C:\Program Files\Hitex\GnuToolPackageArm\bin\..\arm-hitex-elf\lib\interwork/libc.a(lib_a-fvwrite.o)
 .glue_7        0x0001037c        0x0 C:\Program Files\Hitex\GnuToolPackageArm\bin\..\arm-hitex-elf\lib\interwork/libc.a(lib_a-fwalk.o)
 .glue_7        0x0001037c        0x0 C:\Program Files\Hitex\GnuToolPackageArm\bin\..\arm-hitex-elf\lib\interwork/libc.a(lib_a-iswspace.o)
 .glue_7        0x0001037c        0x0 C:\Program Files\Hitex\GnuToolPackageArm\bin\..\arm-hitex-elf\lib\interwork/libc.a(lib_a-locale.o)
 .glue_7        0x0001037c        0x0 C:\Program Files\Hitex\GnuToolPackageArm\bin\..\arm-hitex-elf\lib\interwork/libc.a(lib_a-makebuf.o)
 .glue_7        0x0001037c        0x0 C:\Program Files\Hitex\GnuToolPackageArm\bin\..\arm-hitex-elf\lib\interwork/libc.a(lib_a-mallocr.o)
 .glue_7        0x0001037c        0x0 C:\Program Files\Hitex\GnuToolPackageArm\bin\..\arm-hitex-elf\lib\interwork/libc.a(lib_a-mbrtowc.o)
 .glue_7        0x0001037c        0x0 C:\Program Files\Hitex\GnuToolPackageArm\bin\..\arm-hitex-elf\lib\interwork/libc.a(lib_a-mbtowc_r.o)
 .glue_7        0x0001037c        0x0 C:\Program Files\Hitex\GnuToolPackageArm\bin\..\arm-hitex-elf\lib\interwork/libc.a(lib_a-memchr.o)
 .glue_7        0x0001037c        0x0 C:\Program Files\Hitex\GnuToolPackageArm\bin\..\arm-hitex-elf\lib\interwork/libc.a(lib_a-memmove.o)
 .glue_7        0x0001037c        0x0 C:\Program Files\Hitex\GnuToolPackageArm\bin\..\arm-hitex-elf\lib\interwork/libc.a(lib_a-memset.o)
 .glue_7        0x0001037c        0x0 C:\Program Files\Hitex\GnuToolPackageArm\bin\..\arm-hitex-elf\lib\interwork/libc.a(lib_a-mlock.o)
 .glue_7        0x0001037c        0x0 C:\Program Files\Hitex\GnuToolPackageArm\bin\..\arm-hitex-elf\lib\interwork/libc.a(lib_a-mprec.o)
 .glue_7        0x0001037c        0x0 C:\Program Files\Hitex\GnuToolPackageArm\bin\..\arm-hitex-elf\lib\interwork/libc.a(lib_a-putc.o)
 .glue_7        0x0001037c        0x0 C:\Program Files\Hitex\GnuToolPackageArm\bin\..\arm-hitex-elf\lib\interwork/libc.a(lib_a-reallocr.o)
 .glue_7        0x0001037c        0x0 C:\Program Files\Hitex\GnuToolPackageArm\bin\..\arm-hitex-elf\lib\interwork/libc.a(lib_a-refill.o)
 .glue_7        0x0001037c        0x0 C:\Program Files\Hitex\GnuToolPackageArm\bin\..\arm-hitex-elf\lib\interwork/libc.a(lib_a-s_isinfd.o)
 .glue_7        0x0001037c        0x0 C:\Program Files\Hitex\GnuToolPackageArm\bin\..\arm-hitex-elf\lib\interwork/libc.a(lib_a-s_isnand.o)
 .glue_7        0x0001037c        0x0 C:\Program Files\Hitex\GnuToolPackageArm\bin\..\arm-hitex-elf\lib\interwork/libc.a(lib_a-sccl.o)
 .glue_7        0x0001037c        0x0 C:\Program Files\Hitex\GnuToolPackageArm\bin\..\arm-hitex-elf\lib\interwork/libc.a(lib_a-sf_nan.o)
 .glue_7        0x0001037c        0x0 C:\Program Files\Hitex\GnuToolPackageArm\bin\..\arm-hitex-elf\lib\interwork/libc.a(lib_a-sprintf.o)
 .glue_7        0x0001037c        0x0 C:\Program Files\Hitex\GnuToolPackageArm\bin\..\arm-hitex-elf\lib\interwork/libc.a(lib_a-stdio.o)
 .glue_7        0x0001037c        0x0 C:\Program Files\Hitex\GnuToolPackageArm\bin\..\arm-hitex-elf\lib\interwork/libc.a(lib_a-strcmp.o)
 .glue_7        0x0001037c        0x0 C:\Program Files\Hitex\GnuToolPackageArm\bin\..\arm-hitex-elf\lib\interwork/libc.a(lib_a-strtod.o)
 .glue_7        0x0001037c        0x0 C:\Program Files\Hitex\GnuToolPackageArm\bin\..\arm-hitex-elf\lib\interwork/libc.a(lib_a-strtoul.o)
 .glue_7        0x0001037c        0x0 C:\Program Files\Hitex\GnuToolPackageArm\bin\..\arm-hitex-elf\lib\interwork/libc.a(lib_a-syscalls.o)
 .glue_7        0x0001037c        0x0 C:\Program Files\Hitex\GnuToolPackageArm\bin\..\arm-hitex-elf\lib\interwork/libc.a(lib_a-ungetc.o)
 .glue_7        0x0001037c        0x0 C:\Program Files\Hitex\GnuToolPackageArm\bin\..\arm-hitex-elf\lib\interwork/libc.a(lib_a-wbuf.o)
 .glue_7        0x0001037c        0x0 C:\Program Files\Hitex\GnuToolPackageArm\bin\..\arm-hitex-elf\lib\interwork/libc.a(lib_a-callocr.o)
 .glue_7        0x0001037c        0x0 C:\Program Files\Hitex\GnuToolPackageArm\bin\..\arm-hitex-elf\lib\interwork/libc.a(lib_a-closer.o)
 .glue_7        0x0001037c        0x0 C:\Program Files\Hitex\GnuToolPackageArm\bin\..\arm-hitex-elf\lib\interwork/libc.a(lib_a-errno.o)
 .glue_7        0x0001037c        0x0 C:\Program Files\Hitex\GnuToolPackageArm\bin\..\arm-hitex-elf\lib\interwork/libc.a(lib_a-fclose.o)
 .glue_7        0x0001037c        0x0 C:\Program Files\Hitex\GnuToolPackageArm\bin\..\arm-hitex-elf\lib\interwork/libc.a(lib_a-fstatr.o)
 .glue_7        0x0001037c        0x0 C:\Program Files\Hitex\GnuToolPackageArm\bin\..\arm-hitex-elf\lib\interwork/libc.a(lib_a-gdtoa-gethex.o)
 .glue_7        0x0001037c        0x0 C:\Program Files\Hitex\GnuToolPackageArm\bin\..\arm-hitex-elf\lib\interwork/libc.a(lib_a-gdtoa-hexnan.o)
 .glue_7        0x0001037c        0x0 C:\Program Files\Hitex\GnuToolPackageArm\bin\..\arm-hitex-elf\lib\interwork/libc.a(lib_a-lseekr.o)
 .glue_7        0x0001037c        0x0 C:\Program Files\Hitex\GnuToolPackageArm\bin\..\arm-hitex-elf\lib\interwork/libc.a(lib_a-reent.o)
 .glue_7        0x0001037c        0x0 C:\Program Files\Hitex\GnuToolPackageArm\bin\..\lib\gcc\arm-hitex-elf\4.1.1\interwork/libgcc.a(_udivsi3.o)
 .glue_7        0x0001037c        0x0 C:\Program Files\Hitex\GnuToolPackageArm\bin\..\lib\gcc\arm-hitex-elf\4.1.1\interwork/libgcc.a(_divsi3.o)
 .glue_7        0x0001037c        0x0 C:\Program Files\Hitex\GnuToolPackageArm\bin\..\lib\gcc\arm-hitex-elf\4.1.1\interwork/libgcc.a(_umodsi3.o)
 .glue_7        0x0001037c        0x0 C:\Program Files\Hitex\GnuToolPackageArm\bin\..\lib\gcc\arm-hitex-elf\4.1.1\interwork/libgcc.a(_modsi3.o)
 .glue_7        0x0001037c        0x0 C:\Program Files\Hitex\GnuToolPackageArm\bin\..\lib\gcc\arm-hitex-elf\4.1.1\interwork/libgcc.a(_dvmd_tls.o)
 .glue_7        0x0001037c        0x0 C:\Program Files\Hitex\GnuToolPackageArm\bin\..\lib\gcc\arm-hitex-elf\4.1.1\interwork/libgcc.a(_addsubdf3.o)
 .glue_7        0x0001037c        0x0 C:\Program Files\Hitex\GnuToolPackageArm\bin\..\lib\gcc\arm-hitex-elf\4.1.1\interwork/libgcc.a(_muldivdf3.o)
 .glue_7        0x0001037c        0x0 C:\Program Files\Hitex\GnuToolPackageArm\bin\..\lib\gcc\arm-hitex-elf\4.1.1\interwork/libgcc.a(_cmpdf2.o)
 .glue_7        0x0001037c        0x0 C:\Program Files\Hitex\GnuToolPackageArm\bin\..\lib\gcc\arm-hitex-elf\4.1.1\interwork/libgcc.a(_fixdfsi.o)
 .glue_7        0x0001037c        0x0 C:\Program Files\Hitex\GnuToolPackageArm\bin\..\lib\gcc\arm-hitex-elf\4.1.1\interwork/libgcc.a(_fixunsdfsi.o)
 .glue_7        0x0001037c        0x0 C:\Program Files\Hitex\GnuToolPackageArm\bin\..\lib\gcc\arm-hitex-elf\4.1.1\interwork/libgcc.a(_truncdfsf2.o)
 *(.glue_7t)
 .glue_7t       0x0001037c        0x0 .\objects\SPI.o
 .glue_7t       0x0001037c        0x0 .\objects\main.o
 .glue_7t       0x0001037c        0x0 .\objects\startup.o
 .glue_7t       0x0001037c        0x0 .\objects\updownload.o
 .glue_7t       0x0001037c        0x0 .\objects\ConfigStick.o
 .glue_7t       0x0001037c        0x0 .\objects\armVIC.o
 .glue_7t       0x0001037c        0x0 .\objects\conio.o
 .glue_7t       0x0001037c        0x0 .\objects\delay.o
 .glue_7t       0x0001037c        0x0 .\objects\fio.o
 .glue_7t       0x0001037c        0x0 .\objects\interrupt.o
 .glue_7t       0x0001037c        0x0 .\objects\portlcd.o
 .glue_7t       0x0001037c        0x0 .\objects\syscalls_lpc.o
 .glue_7t       0x0001037c        0x0 .\objects\target_info.o
 .glue_7t       0x0001037c        0x0 .\objects\uart.o
 .glue_7t       0x0001037c        0x0 .\objects\uartISR.o
 .glue_7t       0x0001037c        0x0 C:\Program Files\Hitex\GnuToolPackageArm\bin\..\arm-hitex-elf\lib\interwork/libc.a(lib_a-atoi.o)
 .glue_7t       0x0001037c        0x0 C:\Program Files\Hitex\GnuToolPackageArm\bin\..\arm-hitex-elf\lib\interwork/libc.a(lib_a-impure.o)
 .glue_7t       0x0001037c        0x0 C:\Program Files\Hitex\GnuToolPackageArm\bin\..\arm-hitex-elf\lib\interwork/libc.a(lib_a-memcpy.o)
 .glue_7t       0x0001037c        0x0 C:\Program Files\Hitex\GnuToolPackageArm\bin\..\arm-hitex-elf\lib\interwork/libc.a(lib_a-printf.o)
 .glue_7t       0x0001037c        0x0 C:\Program Files\Hitex\GnuToolPackageArm\bin\..\arm-hitex-elf\lib\interwork/libc.a(lib_a-putchar.o)
 .glue_7t       0x0001037c        0x0 C:\Program Files\Hitex\GnuToolPackageArm\bin\..\arm-hitex-elf\lib\interwork/libc.a(lib_a-puts.o)
 .glue_7t       0x0001037c        0x0 C:\Program Files\Hitex\GnuToolPackageArm\bin\..\arm-hitex-elf\lib\interwork/libc.a(lib_a-rget.o)
 .glue_7t       0x0001037c        0x0 C:\Program Files\Hitex\GnuToolPackageArm\bin\..\arm-hitex-elf\lib\interwork/libc.a(lib_a-scanf.o)
 .glue_7t       0x0001037c        0x0 C:\Program Files\Hitex\GnuToolPackageArm\bin\..\arm-hitex-elf\lib\interwork/libc.a(lib_a-strlen.o)
 .glue_7t       0x0001037c        0x0 C:\Program Files\Hitex\GnuToolPackageArm\bin\..\arm-hitex-elf\lib\interwork/libc.a(lib_a-strtol.o)
 .glue_7t       0x0001037c        0x0 C:\Program Files\Hitex\GnuToolPackageArm\bin\..\arm-hitex-elf\lib\interwork/libc.a(lib_a-vfprintf.o)
 .glue_7t       0x0001037c        0x0 C:\Program Files\Hitex\GnuToolPackageArm\bin\..\arm-hitex-elf\lib\interwork/libc.a(lib_a-vfscanf.o)
 .glue_7t       0x0001037c        0x0 C:\Program Files\Hitex\GnuToolPackageArm\bin\..\arm-hitex-elf\lib\interwork/libc.a(lib_a-wcrtomb.o)
 .glue_7t       0x0001037c        0x0 C:\Program Files\Hitex\GnuToolPackageArm\bin\..\arm-hitex-elf\lib\interwork/libc.a(lib_a-wcsrtombs.o)
 .glue_7t       0x0001037c        0x0 C:\Program Files\Hitex\GnuToolPackageArm\bin\..\arm-hitex-elf\lib\interwork/libc.a(lib_a-wctomb_r.o)
 .glue_7t       0x0001037c        0x0 C:\Program Files\Hitex\GnuToolPackageArm\bin\..\arm-hitex-elf\lib\interwork/libc.a(lib_a-wsetup.o)
 .glue_7t       0x0001037c        0x0 C:\Program Files\Hitex\GnuToolPackageArm\bin\..\arm-hitex-elf\lib\interwork/libc.a(lib_a-ctype_.o)
 .glue_7t       0x0001037c        0x0 C:\Program Files\Hitex\GnuToolPackageArm\bin\..\arm-hitex-elf\lib\interwork/libc.a(lib_a-dtoa.o)
 .glue_7t       0x0001037c        0x0 C:\Program Files\Hitex\GnuToolPackageArm\bin\..\arm-hitex-elf\lib\interwork/libc.a(lib_a-fflush.o)
 .glue_7t       0x0001037c        0x0 C:\Program Files\Hitex\GnuToolPackageArm\bin\..\arm-hitex-elf\lib\interwork/libc.a(lib_a-findfp.o)
 .glue_7t       0x0001037c        0x0 C:\Program Files\Hitex\GnuToolPackageArm\bin\..\arm-hitex-elf\lib\interwork/libc.a(lib_a-fread.o)
 .glue_7t       0x0001037c        0x0 C:\Program Files\Hitex\GnuToolPackageArm\bin\..\arm-hitex-elf\lib\interwork/libc.a(lib_a-freer.o)
 .glue_7t       0x0001037c        0x0 C:\Program Files\Hitex\GnuToolPackageArm\bin\..\arm-hitex-elf\lib\interwork/libc.a(lib_a-fvwrite.o)
 .glue_7t       0x0001037c        0x0 C:\Program Files\Hitex\GnuToolPackageArm\bin\..\arm-hitex-elf\lib\interwork/libc.a(lib_a-fwalk.o)
 .glue_7t       0x0001037c        0x0 C:\Program Files\Hitex\GnuToolPackageArm\bin\..\arm-hitex-elf\lib\interwork/libc.a(lib_a-iswspace.o)
 .glue_7t       0x0001037c        0x0 C:\Program Files\Hitex\GnuToolPackageArm\bin\..\arm-hitex-elf\lib\interwork/libc.a(lib_a-locale.o)
 .glue_7t       0x0001037c        0x0 C:\Program Files\Hitex\GnuToolPackageArm\bin\..\arm-hitex-elf\lib\interwork/libc.a(lib_a-makebuf.o)
 .glue_7t       0x0001037c        0x0 C:\Program Files\Hitex\GnuToolPackageArm\bin\..\arm-hitex-elf\lib\interwork/libc.a(lib_a-mallocr.o)
 .glue_7t       0x0001037c        0x0 C:\Program Files\Hitex\GnuToolPackageArm\bin\..\arm-hitex-elf\lib\interwork/libc.a(lib_a-mbrtowc.o)
 .glue_7t       0x0001037c        0x0 C:\Program Files\Hitex\GnuToolPackageArm\bin\..\arm-hitex-elf\lib\interwork/libc.a(lib_a-mbtowc_r.o)
 .glue_7t       0x0001037c        0x0 C:\Program Files\Hitex\GnuToolPackageArm\bin\..\arm-hitex-elf\lib\interwork/libc.a(lib_a-memchr.o)
 .glue_7t       0x0001037c        0x0 C:\Program Files\Hitex\GnuToolPackageArm\bin\..\arm-hitex-elf\lib\interwork/libc.a(lib_a-memmove.o)
 .glue_7t       0x0001037c        0x0 C:\Program Files\Hitex\GnuToolPackageArm\bin\..\arm-hitex-elf\lib\interwork/libc.a(lib_a-memset.o)
 .glue_7t       0x0001037c        0x0 C:\Program Files\Hitex\GnuToolPackageArm\bin\..\arm-hitex-elf\lib\interwork/libc.a(lib_a-mlock.o)
 .glue_7t       0x0001037c        0x0 C:\Program Files\Hitex\GnuToolPackageArm\bin\..\arm-hitex-elf\lib\interwork/libc.a(lib_a-mprec.o)
 .glue_7t       0x0001037c        0x0 C:\Program Files\Hitex\GnuToolPackageArm\bin\..\arm-hitex-elf\lib\interwork/libc.a(lib_a-putc.o)
 .glue_7t       0x0001037c        0x0 C:\Program Files\Hitex\GnuToolPackageArm\bin\..\arm-hitex-elf\lib\interwork/libc.a(lib_a-reallocr.o)
 .glue_7t       0x0001037c        0x0 C:\Program Files\Hitex\GnuToolPackageArm\bin\..\arm-hitex-elf\lib\interwork/libc.a(lib_a-refill.o)
 .glue_7t       0x0001037c        0x0 C:\Program Files\Hitex\GnuToolPackageArm\bin\..\arm-hitex-elf\lib\interwork/libc.a(lib_a-s_isinfd.o)
 .glue_7t       0x0001037c        0x0 C:\Program Files\Hitex\GnuToolPackageArm\bin\..\arm-hitex-elf\lib\interwork/libc.a(lib_a-s_isnand.o)
 .glue_7t       0x0001037c        0x0 C:\Program Files\Hitex\GnuToolPackageArm\bin\..\arm-hitex-elf\lib\interwork/libc.a(lib_a-sccl.o)
 .glue_7t       0x0001037c        0x0 C:\Program Files\Hitex\GnuToolPackageArm\bin\..\arm-hitex-elf\lib\interwork/libc.a(lib_a-sf_nan.o)
 .glue_7t       0x0001037c        0x0 C:\Program Files\Hitex\GnuToolPackageArm\bin\..\arm-hitex-elf\lib\interwork/libc.a(lib_a-sprintf.o)
 .glue_7t       0x0001037c        0x0 C:\Program Files\Hitex\GnuToolPackageArm\bin\..\arm-hitex-elf\lib\interwork/libc.a(lib_a-stdio.o)
 .glue_7t       0x0001037c        0x0 C:\Program Files\Hitex\GnuToolPackageArm\bin\..\arm-hitex-elf\lib\interwork/libc.a(lib_a-strcmp.o)
 .glue_7t       0x0001037c        0x0 C:\Program Files\Hitex\GnuToolPackageArm\bin\..\arm-hitex-elf\lib\interwork/libc.a(lib_a-strtod.o)
 .glue_7t       0x0001037c        0x0 C:\Program Files\Hitex\GnuToolPackageArm\bin\..\arm-hitex-elf\lib\interwork/libc.a(lib_a-strtoul.o)
 .glue_7t       0x0001037c        0x0 C:\Program Files\Hitex\GnuToolPackageArm\bin\..\arm-hitex-elf\lib\interwork/libc.a(lib_a-syscalls.o)
 .glue_7t       0x0001037c        0x0 C:\Program Files\Hitex\GnuToolPackageArm\bin\..\arm-hitex-elf\lib\interwork/libc.a(lib_a-ungetc.o)
 .glue_7t       0x0001037c        0x0 C:\Program Files\Hitex\GnuToolPackageArm\bin\..\arm-hitex-elf\lib\interwork/libc.a(lib_a-wbuf.o)
 .glue_7t       0x0001037c        0x0 C:\Program Files\Hitex\GnuToolPackageArm\bin\..\arm-hitex-elf\lib\interwork/libc.a(lib_a-callocr.o)
 .glue_7t       0x0001037c        0x0 C:\Program Files\Hitex\GnuToolPackageArm\bin\..\arm-hitex-elf\lib\interwork/libc.a(lib_a-closer.o)
 .glue_7t       0x0001037c        0x0 C:\Program Files\Hitex\GnuToolPackageArm\bin\..\arm-hitex-elf\lib\interwork/libc.a(lib_a-errno.o)
 .glue_7t       0x0001037c        0x0 C:\Program Files\Hitex\GnuToolPackageArm\bin\..\arm-hitex-elf\lib\interwork/libc.a(lib_a-fclose.o)
 .glue_7t       0x0001037c        0x0 C:\Program Files\Hitex\GnuToolPackageArm\bin\..\arm-hitex-elf\lib\interwork/libc.a(lib_a-fstatr.o)
 .glue_7t       0x0001037c        0x0 C:\Program Files\Hitex\GnuToolPackageArm\bin\..\arm-hitex-elf\lib\interwork/libc.a(lib_a-gdtoa-gethex.o)
 .glue_7t       0x0001037c        0x0 C:\Program Files\Hitex\GnuToolPackageArm\bin\..\arm-hitex-elf\lib\interwork/libc.a(lib_a-gdtoa-hexnan.o)
 .glue_7t       0x0001037c        0x0 C:\Program Files\Hitex\GnuToolPackageArm\bin\..\arm-hitex-elf\lib\interwork/libc.a(lib_a-lseekr.o)
 .glue_7t       0x0001037c        0x0 C:\Program Files\Hitex\GnuToolPackageArm\bin\..\arm-hitex-elf\lib\interwork/libc.a(lib_a-reent.o)
 .glue_7t       0x0001037c        0x0 C:\Program Files\Hitex\GnuToolPackageArm\bin\..\lib\gcc\arm-hitex-elf\4.1.1\interwork/libgcc.a(_udivsi3.o)
 .glue_7t       0x0001037c        0x0 C:\Program Files\Hitex\GnuToolPackageArm\bin\..\lib\gcc\arm-hitex-elf\4.1.1\interwork/libgcc.a(_divsi3.o)
 .glue_7t       0x0001037c        0x0 C:\Program Files\Hitex\GnuToolPackageArm\bin\..\lib\gcc\arm-hitex-elf\4.1.1\interwork/libgcc.a(_umodsi3.o)
 .glue_7t       0x0001037c        0x0 C:\Program Files\Hitex\GnuToolPackageArm\bin\..\lib\gcc\arm-hitex-elf\4.1.1\interwork/libgcc.a(_modsi3.o)
 .glue_7t       0x0001037c        0x0 C:\Program Files\Hitex\GnuToolPackageArm\bin\..\lib\gcc\arm-hitex-elf\4.1.1\interwork/libgcc.a(_dvmd_tls.o)
 .glue_7t       0x0001037c        0x0 C:\Program Files\Hitex\GnuToolPackageArm\bin\..\lib\gcc\arm-hitex-elf\4.1.1\interwork/libgcc.a(_addsubdf3.o)
 .glue_7t       0x0001037c        0x0 C:\Program Files\Hitex\GnuToolPackageArm\bin\..\lib\gcc\arm-hitex-elf\4.1.1\interwork/libgcc.a(_muldivdf3.o)
 .glue_7t       0x0001037c        0x0 C:\Program Files\Hitex\GnuToolPackageArm\bin\..\lib\gcc\arm-hitex-elf\4.1.1\interwork/libgcc.a(_cmpdf2.o)
 .glue_7t       0x0001037c        0x0 C:\Program Files\Hitex\GnuToolPackageArm\bin\..\lib\gcc\arm-hitex-elf\4.1.1\interwork/libgcc.a(_fixdfsi.o)
 .glue_7t       0x0001037c        0x0 C:\Program Files\Hitex\GnuToolPackageArm\bin\..\lib\gcc\arm-hitex-elf\4.1.1\interwork/libgcc.a(_fixunsdfsi.o)
 .glue_7t       0x0001037c        0x0 C:\Program Files\Hitex\GnuToolPackageArm\bin\..\lib\gcc\arm-hitex-elf\4.1.1\interwork/libgcc.a(_truncdfsf2.o)
 *(.gcc_except_table)
 *(.gnu.linkonce.r.*)
                0x0001037c                . = ALIGN (0x4)

.rodata         0x0001037c      0x598
 *(.rodata)
 .rodata        0x0001037c      0x280 .\objects\main.o
 .rodata        0x000105fc       0x10 .\objects\updownload.o
 .rodata        0x0001060c       0x40 .\objects\portlcd.o
 .rodata        0x0001064c        0x4 C:\Program Files\Hitex\GnuToolPackageArm\bin\..\arm-hitex-elf\lib\interwork/libc.a(lib_a-impure.o)
                0x0001064c                _global_impure_ptr
 .rodata        0x00010650       0x20 C:\Program Files\Hitex\GnuToolPackageArm\bin\..\arm-hitex-elf\lib\interwork/libc.a(lib_a-vfprintf.o)
 .rodata        0x00010670       0x22 C:\Program Files\Hitex\GnuToolPackageArm\bin\..\arm-hitex-elf\lib\interwork/libc.a(lib_a-vfscanf.o)
 .rodata        0x00010692      0x101 C:\Program Files\Hitex\GnuToolPackageArm\bin\..\arm-hitex-elf\lib\interwork/libc.a(lib_a-ctype_.o)
                0x00010692                _ctype_
 *fill*         0x00010793        0x1 00
 .rodata        0x00010794       0x34 C:\Program Files\Hitex\GnuToolPackageArm\bin\..\arm-hitex-elf\lib\interwork/libc.a(lib_a-locale.o)
 .rodata        0x000107c8      0x124 C:\Program Files\Hitex\GnuToolPackageArm\bin\..\arm-hitex-elf\lib\interwork/libc.a(lib_a-mprec.o)
                0x000108b8                __mprec_tinytens
                0x000107c8                __mprec_tens
                0x00010890                __mprec_bigtens
 .rodata        0x000108ec       0x28 C:\Program Files\Hitex\GnuToolPackageArm\bin\..\arm-hitex-elf\lib\interwork/libc.a(lib_a-strtod.o)

.rodata.str1.4  0x00010914       0xe0
 .rodata.str1.4
                0x00010914        0x2 C:\Program Files\Hitex\GnuToolPackageArm\bin\..\arm-hitex-elf\lib\interwork/libc.a(lib_a-impure.o)
                                  0x4 (size before relaxing)
 *fill*         0x00010916        0x2 00
 .rodata.str1.4
                0x00010918        0x2 C:\Program Files\Hitex\GnuToolPackageArm\bin\..\arm-hitex-elf\lib\interwork/libc.a(lib_a-puts.o)
                                  0x4 (size before relaxing)
 *fill*         0x0001091a        0x2 00
 .rodata.str1.4
                0x0001091c       0x63 C:\Program Files\Hitex\GnuToolPackageArm\bin\..\arm-hitex-elf\lib\interwork/libc.a(lib_a-vfprintf.o)
                                 0x64 (size before relaxing)
 *fill*         0x0001097f        0x1 00
 .rodata.str1.4
                0x00010980        0x5 C:\Program Files\Hitex\GnuToolPackageArm\bin\..\arm-hitex-elf\lib\interwork/libc.a(lib_a-vfscanf.o)
                                  0x8 (size before relaxing)
 *fill*         0x00010985        0x3 00
 .rodata.str1.4
                0x00010988       0x1e C:\Program Files\Hitex\GnuToolPackageArm\bin\..\arm-hitex-elf\lib\interwork/libc.a(lib_a-wctomb_r.o)
                                 0x20 (size before relaxing)
 *fill*         0x000109a6        0x2 00
 .rodata.str1.4
                0x000109a8       0x10 C:\Program Files\Hitex\GnuToolPackageArm\bin\..\arm-hitex-elf\lib\interwork/libc.a(lib_a-dtoa.o)
                                 0x14 (size before relaxing)
 .rodata.str1.4
                0x000109b8        0xb C:\Program Files\Hitex\GnuToolPackageArm\bin\..\arm-hitex-elf\lib\interwork/libc.a(lib_a-locale.o)
                                 0x18 (size before relaxing)
 .rodata.str1.4
                0x00000000        0x4 C:\Program Files\Hitex\GnuToolPackageArm\bin\..\arm-hitex-elf\lib\interwork/libc.a(lib_a-mbrtowc.o)
 *fill*         0x000109c3        0x1 00
 .rodata.str1.4
                0x000109c4        0xf C:\Program Files\Hitex\GnuToolPackageArm\bin\..\arm-hitex-elf\lib\interwork/libc.a(lib_a-strtod.o)
                                 0x10 (size before relaxing)
 *fill*         0x000109d3        0x1 00
 .rodata.str1.4
                0x000109d4        0x4 C:\Program Files\Hitex\GnuToolPackageArm\bin\..\arm-hitex-elf\lib\interwork/libc.a(lib_a-syscalls.o)
 .rodata.str1.4
                0x000109d8       0x1c C:\Program Files\Hitex\GnuToolPackageArm\bin\..\arm-hitex-elf\lib\interwork/libc.a(lib_a-gdtoa-gethex.o)
                0x000109f4                . = ALIGN (0x4)
                0x000109f4                _etext = .
                0x000109f4                PROVIDE (etext, .)

.data           0x40000000      0x858 load address 0x000109f4
                0x40000000                __data_start__ = .
                0x40000000                PROVIDE (__data_start__, .)
 *(.data)
 .data          0x40000000        0x0 .\objects\SPI.o
 .data          0x40000000        0x4 .\objects\main.o
                0x40000000                running
 .data          0x40000004        0x0 .\objects\startup.o
 .data          0x40000004        0x0 .\objects\updownload.o
 .data          0x40000004        0x0 .\objects\ConfigStick.o
 .data          0x40000004        0x0 .\objects\armVIC.o
 .data          0x40000004        0x0 .\objects\conio.o
 .data          0x40000004        0x4 .\objects\delay.o
 .data          0x40000008        0x0 .\objects\fio.o
 .data          0x40000008        0x0 .\objects\interrupt.o
 .data          0x40000008        0x0 .\objects\portlcd.o
 .data          0x40000008        0x0 .\objects\syscalls_lpc.o
 .data          0x40000008        0x0 .\objects\target_info.o
 .data          0x40000008        0x0 .\objects\uart.o
 .data          0x40000008        0x0 .\objects\uartISR.o
 .data          0x40000008        0x0 C:\Program Files\Hitex\GnuToolPackageArm\bin\..\arm-hitex-elf\lib\interwork/libc.a(lib_a-atoi.o)
 .data          0x40000008      0x404 C:\Program Files\Hitex\GnuToolPackageArm\bin\..\arm-hitex-elf\lib\interwork/libc.a(lib_a-impure.o)
                0x40000008                _impure_ptr
 .data          0x4000040c        0x0 C:\Program Files\Hitex\GnuToolPackageArm\bin\..\arm-hitex-elf\lib\interwork/libc.a(lib_a-memcpy.o)
 .data          0x4000040c        0x0 C:\Program Files\Hitex\GnuToolPackageArm\bin\..\arm-hitex-elf\lib\interwork/libc.a(lib_a-printf.o)
 .data          0x4000040c        0x0 C:\Program Files\Hitex\GnuToolPackageArm\bin\..\arm-hitex-elf\lib\interwork/libc.a(lib_a-putchar.o)
 .data          0x4000040c        0x0 C:\Program Files\Hitex\GnuToolPackageArm\bin\..\arm-hitex-elf\lib\interwork/libc.a(lib_a-puts.o)
 .data          0x4000040c        0x0 C:\Program Files\Hitex\GnuToolPackageArm\bin\..\arm-hitex-elf\lib\interwork/libc.a(lib_a-rget.o)
 .data          0x4000040c        0x0 C:\Program Files\Hitex\GnuToolPackageArm\bin\..\arm-hitex-elf\lib\interwork/libc.a(lib_a-scanf.o)
 .data          0x4000040c        0x0 C:\Program Files\Hitex\GnuToolPackageArm\bin\..\arm-hitex-elf\lib\interwork/libc.a(lib_a-strlen.o)
 .data          0x4000040c        0x0 C:\Program Files\Hitex\GnuToolPackageArm\bin\..\arm-hitex-elf\lib\interwork/libc.a(lib_a-strtol.o)
 .data          0x4000040c        0x0 C:\Program Files\Hitex\GnuToolPackageArm\bin\..\arm-hitex-elf\lib\interwork/libc.a(lib_a-vfprintf.o)
 .data          0x4000040c        0x0 C:\Program Files\Hitex\GnuToolPackageArm\bin\..\arm-hitex-elf\lib\interwork/libc.a(lib_a-vfscanf.o)
 .data          0x4000040c        0x0 C:\Program Files\Hitex\GnuToolPackageArm\bin\..\arm-hitex-elf\lib\interwork/libc.a(lib_a-wcrtomb.o)
 .data          0x4000040c        0x0 C:\Program Files\Hitex\GnuToolPackageArm\bin\..\arm-hitex-elf\lib\interwork/libc.a(lib_a-wcsrtombs.o)
 .data          0x4000040c        0x0 C:\Program Files\Hitex\GnuToolPackageArm\bin\..\arm-hitex-elf\lib\interwork/libc.a(lib_a-wctomb_r.o)
 .data          0x4000040c        0x0 C:\Program Files\Hitex\GnuToolPackageArm\bin\..\arm-hitex-elf\lib\interwork/libc.a(lib_a-wsetup.o)
 .data          0x4000040c        0x4 C:\Program Files\Hitex\GnuToolPackageArm\bin\..\arm-hitex-elf\lib\interwork/libc.a(lib_a-ctype_.o)
                0x4000040c                __ctype_ptr
 .data          0x40000410        0x0 C:\Program Files\Hitex\GnuToolPackageArm\bin\..\arm-hitex-elf\lib\interwork/libc.a(lib_a-dtoa.o)
 .data          0x40000410        0x0 C:\Program Files\Hitex\GnuToolPackageArm\bin\..\arm-hitex-elf\lib\interwork/libc.a(lib_a-fflush.o)
 .data          0x40000410        0x0 C:\Program Files\Hitex\GnuToolPackageArm\bin\..\arm-hitex-elf\lib\interwork/libc.a(lib_a-findfp.o)
 .data          0x40000410        0x0 C:\Program Files\Hitex\GnuToolPackageArm\bin\..\arm-hitex-elf\lib\interwork/libc.a(lib_a-fread.o)
 .data          0x40000410        0x0 C:\Program Files\Hitex\GnuToolPackageArm\bin\..\arm-hitex-elf\lib\interwork/libc.a(lib_a-freer.o)
 .data          0x40000410        0x0 C:\Program Files\Hitex\GnuToolPackageArm\bin\..\arm-hitex-elf\lib\interwork/libc.a(lib_a-fvwrite.o)
 .data          0x40000410        0x0 C:\Program Files\Hitex\GnuToolPackageArm\bin\..\arm-hitex-elf\lib\interwork/libc.a(lib_a-fwalk.o)
 .data          0x40000410        0x0 C:\Program Files\Hitex\GnuToolPackageArm\bin\..\arm-hitex-elf\lib\interwork/libc.a(lib_a-iswspace.o)
 .data          0x40000410       0x10 C:\Program Files\Hitex\GnuToolPackageArm\bin\..\arm-hitex-elf\lib\interwork/libc.a(lib_a-locale.o)
                0x40000410                __mb_cur_max
                0x40000414                __lc_ctype
 .data          0x40000420        0x0 C:\Program Files\Hitex\GnuToolPackageArm\bin\..\arm-hitex-elf\lib\interwork/libc.a(lib_a-makebuf.o)
 .data          0x40000420      0x410 C:\Program Files\Hitex\GnuToolPackageArm\bin\..\arm-hitex-elf\lib\interwork/libc.a(lib_a-mallocr.o)
                0x4000082c                __malloc_sbrk_base
                0x40000420                __malloc_av_
                0x40000828                __malloc_trim_threshold
 .data          0x40000830        0x0 C:\Program Files\Hitex\GnuToolPackageArm\bin\..\arm-hitex-elf\lib\interwork/libc.a(lib_a-mbrtowc.o)
 .data          0x40000830        0x0 C:\Program Files\Hitex\GnuToolPackageArm\bin\..\arm-hitex-elf\lib\interwork/libc.a(lib_a-mbtowc_r.o)
 .data          0x40000830        0x0 C:\Program Files\Hitex\GnuToolPackageArm\bin\..\arm-hitex-elf\lib\interwork/libc.a(lib_a-memchr.o)
 .data          0x40000830        0x0 C:\Program Files\Hitex\GnuToolPackageArm\bin\..\arm-hitex-elf\lib\interwork/libc.a(lib_a-memmove.o)
 .data          0x40000830        0x0 C:\Program Files\Hitex\GnuToolPackageArm\bin\..\arm-hitex-elf\lib\interwork/libc.a(lib_a-memset.o)
 .data          0x40000830        0x0 C:\Program Files\Hitex\GnuToolPackageArm\bin\..\arm-hitex-elf\lib\interwork/libc.a(lib_a-mlock.o)
 .data          0x40000830        0x0 C:\Program Files\Hitex\GnuToolPackageArm\bin\..\arm-hitex-elf\lib\interwork/libc.a(lib_a-mprec.o)
 .data          0x40000830        0x0 C:\Program Files\Hitex\GnuToolPackageArm\bin\..\arm-hitex-elf\lib\interwork/libc.a(lib_a-putc.o)
 .data          0x40000830        0x0 C:\Program Files\Hitex\GnuToolPackageArm\bin\..\arm-hitex-elf\lib\interwork/libc.a(lib_a-reallocr.o)
 .data          0x40000830        0x0 C:\Program Files\Hitex\GnuToolPackageArm\bin\..\arm-hitex-elf\lib\interwork/libc.a(lib_a-refill.o)
 .data          0x40000830        0x0 C:\Program Files\Hitex\GnuToolPackageArm\bin\..\arm-hitex-elf\lib\interwork/libc.a(lib_a-s_isinfd.o)
 .data          0x40000830        0x0 C:\Program Files\Hitex\GnuToolPackageArm\bin\..\arm-hitex-elf\lib\interwork/libc.a(lib_a-s_isnand.o)
 .data          0x40000830        0x0 C:\Program Files\Hitex\GnuToolPackageArm\bin\..\arm-hitex-elf\lib\interwork/libc.a(lib_a-sccl.o)
 .data          0x40000830        0x0 C:\Program Files\Hitex\GnuToolPackageArm\bin\..\arm-hitex-elf\lib\interwork/libc.a(lib_a-sf_nan.o)
 .data          0x40000830        0x0 C:\Program Files\Hitex\GnuToolPackageArm\bin\..\arm-hitex-elf\lib\interwork/libc.a(lib_a-sprintf.o)
 .data          0x40000830        0x0 C:\Program Files\Hitex\GnuToolPackageArm\bin\..\arm-hitex-elf\lib\interwork/libc.a(lib_a-stdio.o)
 .data          0x40000830        0x0 C:\Program Files\Hitex\GnuToolPackageArm\bin\..\arm-hitex-elf\lib\interwork/libc.a(lib_a-strcmp.o)
 .data          0x40000830       0x28 C:\Program Files\Hitex\GnuToolPackageArm\bin\..\arm-hitex-elf\lib\interwork/libc.a(lib_a-strtod.o)
 .data          0x40000858        0x0 C:\Program Files\Hitex\GnuToolPackageArm\bin\..\arm-hitex-elf\lib\interwork/libc.a(lib_a-strtoul.o)
 .data          0x40000858        0x0 C:\Program Files\Hitex\GnuToolPackageArm\bin\..\arm-hitex-elf\lib\interwork/libc.a(lib_a-syscalls.o)
 .data          0x40000858        0x0 C:\Program Files\Hitex\GnuToolPackageArm\bin\..\arm-hitex-elf\lib\interwork/libc.a(lib_a-ungetc.o)
 .data          0x40000858        0x0 C:\Program Files\Hitex\GnuToolPackageArm\bin\..\arm-hitex-elf\lib\interwork/libc.a(lib_a-wbuf.o)
 .data          0x40000858        0x0 C:\Program Files\Hitex\GnuToolPackageArm\bin\..\arm-hitex-elf\lib\interwork/libc.a(lib_a-callocr.o)
 .data          0x40000858        0x0 C:\Program Files\Hitex\GnuToolPackageArm\bin\..\arm-hitex-elf\lib\interwork/libc.a(lib_a-closer.o)
 .data          0x40000858        0x0 C:\Program Files\Hitex\GnuToolPackageArm\bin\..\arm-hitex-elf\lib\interwork/libc.a(lib_a-errno.o)
 .data          0x40000858        0x0 C:\Program Files\Hitex\GnuToolPackageArm\bin\..\arm-hitex-elf\lib\interwork/libc.a(lib_a-fclose.o)
 .data          0x40000858        0x0 C:\Program Files\Hitex\GnuToolPackageArm\bin\..\arm-hitex-elf\lib\interwork/libc.a(lib_a-fstatr.o)
 .data          0x40000858        0x0 C:\Program Files\Hitex\GnuToolPackageArm\bin\..\arm-hitex-elf\lib\interwork/libc.a(lib_a-gdtoa-gethex.o)
 .data          0x40000858        0x0 C:\Program Files\Hitex\GnuToolPackageArm\bin\..\arm-hitex-elf\lib\interwork/libc.a(lib_a-gdtoa-hexnan.o)
 .data          0x40000858        0x0 C:\Program Files\Hitex\GnuToolPackageArm\bin\..\arm-hitex-elf\lib\interwork/libc.a(lib_a-lseekr.o)
 .data          0x40000858        0x0 C:\Program Files\Hitex\GnuToolPackageArm\bin\..\arm-hitex-elf\lib\interwork/libc.a(lib_a-reent.o)
 .data          0x40000858        0x0 C:\Program Files\Hitex\GnuToolPackageArm\bin\..\lib\gcc\arm-hitex-elf\4.1.1\interwork/libgcc.a(_udivsi3.o)
 .data          0x40000858        0x0 C:\Program Files\Hitex\GnuToolPackageArm\bin\..\lib\gcc\arm-hitex-elf\4.1.1\interwork/libgcc.a(_divsi3.o)
 .data          0x40000858        0x0 C:\Program Files\Hitex\GnuToolPackageArm\bin\..\lib\gcc\arm-hitex-elf\4.1.1\interwork/libgcc.a(_umodsi3.o)
 .data          0x40000858        0x0 C:\Program Files\Hitex\GnuToolPackageArm\bin\..\lib\gcc\arm-hitex-elf\4.1.1\interwork/libgcc.a(_modsi3.o)
 .data          0x40000858        0x0 C:\Program Files\Hitex\GnuToolPackageArm\bin\..\lib\gcc\arm-hitex-elf\4.1.1\interwork/libgcc.a(_dvmd_tls.o)
 .data          0x40000858        0x0 C:\Program Files\Hitex\GnuToolPackageArm\bin\..\lib\gcc\arm-hitex-elf\4.1.1\interwork/libgcc.a(_addsubdf3.o)
 .data          0x40000858        0x0 C:\Program Files\Hitex\GnuToolPackageArm\bin\..\lib\gcc\arm-hitex-elf\4.1.1\interwork/libgcc.a(_muldivdf3.o)
 .data          0x40000858        0x0 C:\Program Files\Hitex\GnuToolPackageArm\bin\..\lib\gcc\arm-hitex-elf\4.1.1\interwork/libgcc.a(_cmpdf2.o)
 .data          0x40000858        0x0 C:\Program Files\Hitex\GnuToolPackageArm\bin\..\lib\gcc\arm-hitex-elf\4.1.1\interwork/libgcc.a(_fixdfsi.o)
 .data          0x40000858        0x0 C:\Program Files\Hitex\GnuToolPackageArm\bin\..\lib\gcc\arm-hitex-elf\4.1.1\interwork/libgcc.a(_fixunsdfsi.o)
 .data          0x40000858        0x0 C:\Program Files\Hitex\GnuToolPackageArm\bin\..\lib\gcc\arm-hitex-elf\4.1.1\interwork/libgcc.a(_truncdfsf2.o)
 *(.data.*)
 *(.gnu.linkonce.d*)
                0x40000858                __data_end__ = .
                0x40000858                PROVIDE (__data_end__, .)
                0x40000858                . = ALIGN (0x4)
                0x40000858                _edata = .
                0x40000858                PROVIDE (edata, .)

.bss            0x40000858     0x196c
                0x40000858                __bss_start = .
                0x40000858                __bss_start__ = .
 *(.bss)
 .bss           0x40000858        0x0 .\objects\SPI.o
 .bss           0x40000858        0x0 .\objects\main.o
 .bss           0x40000858     0x1860 .\objects\startup.o
                0x400008b4                FIQ_Stack
                0x40000894                ABT_Stack
                0x40000874                UND_Stack
                0x400010b4                IRQ_Stack
                0x400020b4                SVC_Stack
 .bss           0x400020b8        0x0 .\objects\updownload.o
 .bss           0x400020b8        0x8 .\objects\ConfigStick.o
                0x400020b8                Setup_Data
 .bss           0x400020c0        0x0 .\objects\armVIC.o
 .bss           0x400020c0        0x0 .\objects\conio.o
 .bss           0x400020c0        0x4 .\objects\delay.o
 .bss           0x400020c4        0x0 .\objects\fio.o
 .bss           0x400020c4        0x0 .\objects\interrupt.o
 .bss           0x400020c4        0x4 .\objects\portlcd.o
 .bss           0x400020c8        0x4 .\objects\syscalls_lpc.o
 .bss           0x400020cc        0x0 .\objects\target_info.o
 .bss           0x400020cc        0x0 .\objects\uart.o
 .bss           0x400020cc        0x8 .\objects\uartISR.o
 .bss           0x400020d4        0x0 C:\Program Files\Hitex\GnuToolPackageArm\bin\..\arm-hitex-elf\lib\interwork/libc.a(lib_a-atoi.o)
 .bss           0x400020d4        0x0 C:\Program Files\Hitex\GnuToolPackageArm\bin\..\arm-hitex-elf\lib\interwork/libc.a(lib_a-impure.o)
 .bss           0x400020d4        0x0 C:\Program Files\Hitex\GnuToolPackageArm\bin\..\arm-hitex-elf\lib\interwork/libc.a(lib_a-memcpy.o)
 .bss           0x400020d4        0x0 C:\Program Files\Hitex\GnuToolPackageArm\bin\..\arm-hitex-elf\lib\interwork/libc.a(lib_a-printf.o)
 .bss           0x400020d4        0x0 C:\Program Files\Hitex\GnuToolPackageArm\bin\..\arm-hitex-elf\lib\interwork/libc.a(lib_a-putchar.o)
 .bss           0x400020d4        0x0 C:\Program Files\Hitex\GnuToolPackageArm\bin\..\arm-hitex-elf\lib\interwork/libc.a(lib_a-puts.o)
 .bss           0x400020d4        0x0 C:\Program Files\Hitex\GnuToolPackageArm\bin\..\arm-hitex-elf\lib\interwork/libc.a(lib_a-rget.o)
 .bss           0x400020d4        0x0 C:\Program Files\Hitex\GnuToolPackageArm\bin\..\arm-hitex-elf\lib\interwork/libc.a(lib_a-scanf.o)
 .bss           0x400020d4        0x0 C:\Program Files\Hitex\GnuToolPackageArm\bin\..\arm-hitex-elf\lib\interwork/libc.a(lib_a-strlen.o)
 .bss           0x400020d4        0x0 C:\Program Files\Hitex\GnuToolPackageArm\bin\..\arm-hitex-elf\lib\interwork/libc.a(lib_a-strtol.o)
 .bss           0x400020d4        0x0 C:\Program Files\Hitex\GnuToolPackageArm\bin\..\arm-hitex-elf\lib\interwork/libc.a(lib_a-vfprintf.o)
 .bss           0x400020d4        0x0 C:\Program Files\Hitex\GnuToolPackageArm\bin\..\arm-hitex-elf\lib\interwork/libc.a(lib_a-vfscanf.o)
 .bss           0x400020d4        0x0 C:\Program Files\Hitex\GnuToolPackageArm\bin\..\arm-hitex-elf\lib\interwork/libc.a(lib_a-wcrtomb.o)
 .bss           0x400020d4        0x0 C:\Program Files\Hitex\GnuToolPackageArm\bin\..\arm-hitex-elf\lib\interwork/libc.a(lib_a-wcsrtombs.o)
 .bss           0x400020d4        0x0 C:\Program Files\Hitex\GnuToolPackageArm\bin\..\arm-hitex-elf\lib\interwork/libc.a(lib_a-wctomb_r.o)
 .bss           0x400020d4        0x0 C:\Program Files\Hitex\GnuToolPackageArm\bin\..\arm-hitex-elf\lib\interwork/libc.a(lib_a-wsetup.o)
 .bss           0x400020d4        0x0 C:\Program Files\Hitex\GnuToolPackageArm\bin\..\arm-hitex-elf\lib\interwork/libc.a(lib_a-ctype_.o)
 .bss           0x400020d4        0x0 C:\Program Files\Hitex\GnuToolPackageArm\bin\..\arm-hitex-elf\lib\interwork/libc.a(lib_a-dtoa.o)
 .bss           0x400020d4        0x0 C:\Program Files\Hitex\GnuToolPackageArm\bin\..\arm-hitex-elf\lib\interwork/libc.a(lib_a-fflush.o)
 .bss           0x400020d4        0x0 C:\Program Files\Hitex\GnuToolPackageArm\bin\..\arm-hitex-elf\lib\interwork/libc.a(lib_a-findfp.o)
 .bss           0x400020d4        0x0 C:\Program Files\Hitex\GnuToolPackageArm\bin\..\arm-hitex-elf\lib\interwork/libc.a(lib_a-fread.o)
 .bss           0x400020d4        0x0 C:\Program Files\Hitex\GnuToolPackageArm\bin\..\arm-hitex-elf\lib\interwork/libc.a(lib_a-freer.o)
 .bss           0x400020d4        0x0 C:\Program Files\Hitex\GnuToolPackageArm\bin\..\arm-hitex-elf\lib\interwork/libc.a(lib_a-fvwrite.o)
 .bss           0x400020d4        0x0 C:\Program Files\Hitex\GnuToolPackageArm\bin\..\arm-hitex-elf\lib\interwork/libc.a(lib_a-fwalk.o)
 .bss           0x400020d4        0x0 C:\Program Files\Hitex\GnuToolPackageArm\bin\..\arm-hitex-elf\lib\interwork/libc.a(lib_a-iswspace.o)
 .bss           0x400020d4        0xc C:\Program Files\Hitex\GnuToolPackageArm\bin\..\arm-hitex-elf\lib\interwork/libc.a(lib_a-locale.o)
                0x400020d4                __nlocale_changed
                0x400020d8                __mlocale_changed
                0x400020dc                _PathLocale
 .bss           0x400020e0        0x0 C:\Program Files\Hitex\GnuToolPackageArm\bin\..\arm-hitex-elf\lib\interwork/libc.a(lib_a-makebuf.o)
 .bss           0x400020e0       0x34 C:\Program Files\Hitex\GnuToolPackageArm\bin\..\arm-hitex-elf\lib\interwork/libc.a(lib_a-mallocr.o)
                0x400020e0                __malloc_top_pad
                0x400020e4                __malloc_max_sbrked_mem
                0x400020ec                __malloc_current_mallinfo
                0x400020e8                __malloc_max_total_mem
 .bss           0x40002114        0x0 C:\Program Files\Hitex\GnuToolPackageArm\bin\..\arm-hitex-elf\lib\interwork/libc.a(lib_a-mbrtowc.o)
 .bss           0x40002114        0x0 C:\Program Files\Hitex\GnuToolPackageArm\bin\..\arm-hitex-elf\lib\interwork/libc.a(lib_a-mbtowc_r.o)
 .bss           0x40002114        0x0 C:\Program Files\Hitex\GnuToolPackageArm\bin\..\arm-hitex-elf\lib\interwork/libc.a(lib_a-memchr.o)
 .bss           0x40002114        0x0 C:\Program Files\Hitex\GnuToolPackageArm\bin\..\arm-hitex-elf\lib\interwork/libc.a(lib_a-memmove.o)
 .bss           0x40002114        0x0 C:\Program Files\Hitex\GnuToolPackageArm\bin\..\arm-hitex-elf\lib\interwork/libc.a(lib_a-memset.o)
 .bss           0x40002114        0x0 C:\Program Files\Hitex\GnuToolPackageArm\bin\..\arm-hitex-elf\lib\interwork/libc.a(lib_a-mlock.o)
 .bss           0x40002114        0x0 C:\Program Files\Hitex\GnuToolPackageArm\bin\..\arm-hitex-elf\lib\interwork/libc.a(lib_a-mprec.o)
 .bss           0x40002114        0x0 C:\Program Files\Hitex\GnuToolPackageArm\bin\..\arm-hitex-elf\lib\interwork/libc.a(lib_a-putc.o)
 .bss           0x40002114        0x0 C:\Program Files\Hitex\GnuToolPackageArm\bin\..\arm-hitex-elf\lib\interwork/libc.a(lib_a-reallocr.o)
 .bss           0x40002114        0x0 C:\Program Files\Hitex\GnuToolPackageArm\bin\..\arm-hitex-elf\lib\interwork/libc.a(lib_a-refill.o)
 .bss           0x40002114        0x0 C:\Program Files\Hitex\GnuToolPackageArm\bin\..\arm-hitex-elf\lib\interwork/libc.a(lib_a-s_isinfd.o)
 .bss           0x40002114        0x0 C:\Program Files\Hitex\GnuToolPackageArm\bin\..\arm-hitex-elf\lib\interwork/libc.a(lib_a-s_isnand.o)
 .bss           0x40002114        0x0 C:\Program Files\Hitex\GnuToolPackageArm\bin\..\arm-hitex-elf\lib\interwork/libc.a(lib_a-sccl.o)
 .bss           0x40002114        0x0 C:\Program Files\Hitex\GnuToolPackageArm\bin\..\arm-hitex-elf\lib\interwork/libc.a(lib_a-sf_nan.o)
 .bss           0x40002114        0x0 C:\Program Files\Hitex\GnuToolPackageArm\bin\..\arm-hitex-elf\lib\interwork/libc.a(lib_a-sprintf.o)
 .bss           0x40002114        0x0 C:\Program Files\Hitex\GnuToolPackageArm\bin\..\arm-hitex-elf\lib\interwork/libc.a(lib_a-stdio.o)
 .bss           0x40002114        0x0 C:\Program Files\Hitex\GnuToolPackageArm\bin\..\arm-hitex-elf\lib\interwork/libc.a(lib_a-strcmp.o)
 .bss           0x40002114        0x0 C:\Program Files\Hitex\GnuToolPackageArm\bin\..\arm-hitex-elf\lib\interwork/libc.a(lib_a-strtod.o)
 .bss           0x40002114        0x0 C:\Program Files\Hitex\GnuToolPackageArm\bin\..\arm-hitex-elf\lib\interwork/libc.a(lib_a-strtoul.o)
 .bss           0x40002114       0xb0 C:\Program Files\Hitex\GnuToolPackageArm\bin\..\arm-hitex-elf\lib\interwork/libc.a(lib_a-syscalls.o)
 .bss           0x400021c4        0x0 C:\Program Files\Hitex\GnuToolPackageArm\bin\..\arm-hitex-elf\lib\interwork/libc.a(lib_a-ungetc.o)
 .bss           0x400021c4        0x0 C:\Program Files\Hitex\GnuToolPackageArm\bin\..\arm-hitex-elf\lib\interwork/libc.a(lib_a-wbuf.o)
 .bss           0x400021c4        0x0 C:\Program Files\Hitex\GnuToolPackageArm\bin\..\arm-hitex-elf\lib\interwork/libc.a(lib_a-callocr.o)
 .bss           0x400021c4        0x0 C:\Program Files\Hitex\GnuToolPackageArm\bin\..\arm-hitex-elf\lib\interwork/libc.a(lib_a-closer.o)
 .bss           0x400021c4        0x0 C:\Program Files\Hitex\GnuToolPackageArm\bin\..\arm-hitex-elf\lib\interwork/libc.a(lib_a-errno.o)
 .bss           0x400021c4        0x0 C:\Program Files\Hitex\GnuToolPackageArm\bin\..\arm-hitex-elf\lib\interwork/libc.a(lib_a-fclose.o)
 .bss           0x400021c4        0x0 C:\Program Files\Hitex\GnuToolPackageArm\bin\..\arm-hitex-elf\lib\interwork/libc.a(lib_a-fstatr.o)
 .bss           0x400021c4        0x0 C:\Program Files\Hitex\GnuToolPackageArm\bin\..\arm-hitex-elf\lib\interwork/libc.a(lib_a-gdtoa-gethex.o)
 .bss           0x400021c4        0x0 C:\Program Files\Hitex\GnuToolPackageArm\bin\..\arm-hitex-elf\lib\interwork/libc.a(lib_a-gdtoa-hexnan.o)
 .bss           0x400021c4        0x0 C:\Program Files\Hitex\GnuToolPackageArm\bin\..\arm-hitex-elf\lib\interwork/libc.a(lib_a-lseekr.o)
 .bss           0x400021c4        0x0 C:\Program Files\Hitex\GnuToolPackageArm\bin\..\arm-hitex-elf\lib\interwork/libc.a(lib_a-reent.o)
 .bss           0x400021c4        0x0 C:\Program Files\Hitex\GnuToolPackageArm\bin\..\lib\gcc\arm-hitex-elf\4.1.1\interwork/libgcc.a(_udivsi3.o)
 .bss           0x400021c4        0x0 C:\Program Files\Hitex\GnuToolPackageArm\bin\..\lib\gcc\arm-hitex-elf\4.1.1\interwork/libgcc.a(_divsi3.o)
 .bss           0x400021c4        0x0 C:\Program Files\Hitex\GnuToolPackageArm\bin\..\lib\gcc\arm-hitex-elf\4.1.1\interwork/libgcc.a(_umodsi3.o)
 .bss           0x400021c4        0x0 C:\Program Files\Hitex\GnuToolPackageArm\bin\..\lib\gcc\arm-hitex-elf\4.1.1\interwork/libgcc.a(_modsi3.o)
 .bss           0x400021c4        0x0 C:\Program Files\Hitex\GnuToolPackageArm\bin\..\lib\gcc\arm-hitex-elf\4.1.1\interwork/libgcc.a(_dvmd_tls.o)
 .bss           0x400021c4        0x0 C:\Program Files\Hitex\GnuToolPackageArm\bin\..\lib\gcc\arm-hitex-elf\4.1.1\interwork/libgcc.a(_addsubdf3.o)
 .bss           0x400021c4        0x0 C:\Program Files\Hitex\GnuToolPackageArm\bin\..\lib\gcc\arm-hitex-elf\4.1.1\interwork/libgcc.a(_muldivdf3.o)
 .bss           0x400021c4        0x0 C:\Program Files\Hitex\GnuToolPackageArm\bin\..\lib\gcc\arm-hitex-elf\4.1.1\interwork/libgcc.a(_cmpdf2.o)
 .bss           0x400021c4        0x0 C:\Program Files\Hitex\GnuToolPackageArm\bin\..\lib\gcc\arm-hitex-elf\4.1.1\interwork/libgcc.a(_fixdfsi.o)
 .bss           0x400021c4        0x0 C:\Program Files\Hitex\GnuToolPackageArm\bin\..\lib\gcc\arm-hitex-elf\4.1.1\interwork/libgcc.a(_fixunsdfsi.o)
 .bss           0x400021c4        0x0 C:\Program Files\Hitex\GnuToolPackageArm\bin\..\lib\gcc\arm-hitex-elf\4.1.1\interwork/libgcc.a(_truncdfsf2.o)
 *(.gnu.linkonce.b*)
                0x400021c4                . = ALIGN (0x4)
                0x400021c4                __bss_end__ = .

.bss2           0x400021c4      0xb20
                0x400021c4                __bss2_start = .
                0x400021c4                __bss2_start__ = .
 *(COMMON)
 COMMON         0x400021c4      0x804 .\objects\main.o
                0x400021c4                x
                0x400021c8                write_data
                0x400025c8                read_data
 COMMON         0x400029c8      0x218 .\objects\uart.o
                0x400029c8                uart0_tx_buffer
                0x40002a48                uart2_rx_extract_idx
                0x40002a4a                uart2_tx_insert_idx
                0x40002a4c                uart0_tx_insert_idx
                0x40002a4e                uart0_rx_insert_idx
                0x40002a50                uart2_rx_insert_idx
                0x40002a52                uart0_tx_extract_idx
                0x40002a54                uart2_tx_buffer
                0x40002ad4                uart2_tx_running
                0x40002ad8                uart2_rx_buffer
                0x40002b58                uart0_tx_running
                0x40002b5c                uart2_tx_extract_idx
                0x40002b5e                uart0_rx_buffer
                0x40002bde                uart0_rx_extract_idx
 COMMON         0x40002be0      0x100 C:\Program Files\Hitex\GnuToolPackageArm\bin\..\arm-hitex-elf\lib\interwork/libc.a(lib_a-gdtoa-gethex.o)
                0x40002be0                __hexdig
 COMMON         0x40002ce0        0x4 C:\Program Files\Hitex\GnuToolPackageArm\bin\..\arm-hitex-elf\lib\interwork/libc.a(lib_a-reent.o)
                0x40002ce0                errno
                0x40002ce4                . = ALIGN (0x4)
                0x40002ce4                __bss2_end__ = .
                0x40002ce4                _end = .
                0x40002ce4                PROVIDE (end, .)

.comment        0x00000000      0x522
 *(.comment)
 .comment       0x00000000       0x12 .\objects\SPI.o
 .comment       0x00000012       0x12 .\objects\main.o
 .comment       0x00000024       0x12 .\objects\updownload.o
 .comment       0x00000036       0x12 .\objects\ConfigStick.o
 .comment       0x00000048       0x12 .\objects\armVIC.o
 .comment       0x0000005a       0x12 .\objects\conio.o
 .comment       0x0000006c       0x12 .\objects\delay.o
 .comment       0x0000007e       0x12 .\objects\fio.o
 .comment       0x00000090       0x12 .\objects\interrupt.o
 .comment       0x000000a2       0x12 .\objects\portlcd.o
 .comment       0x000000b4       0x12 .\objects\syscalls_lpc.o
 .comment       0x000000c6       0x12 .\objects\target_info.o
 .comment       0x000000d8       0x12 .\objects\uart.o
 .comment       0x000000ea       0x12 .\objects\uartISR.o
 .comment       0x000000fc       0x12 C:\Program Files\Hitex\GnuToolPackageArm\bin\..\arm-hitex-elf\lib\interwork/libc.a(lib_a-atoi.o)
 .comment       0x0000010e       0x12 C:\Program Files\Hitex\GnuToolPackageArm\bin\..\arm-hitex-elf\lib\interwork/libc.a(lib_a-impure.o)
 .comment       0x00000120       0x12 C:\Program Files\Hitex\GnuToolPackageArm\bin\..\arm-hitex-elf\lib\interwork/libc.a(lib_a-memcpy.o)
 .comment       0x00000132       0x12 C:\Program Files\Hitex\GnuToolPackageArm\bin\..\arm-hitex-elf\lib\interwork/libc.a(lib_a-printf.o)
 .comment       0x00000144       0x12 C:\Program Files\Hitex\GnuToolPackageArm\bin\..\arm-hitex-elf\lib\interwork/libc.a(lib_a-putchar.o)
 .comment       0x00000156       0x12 C:\Program Files\Hitex\GnuToolPackageArm\bin\..\arm-hitex-elf\lib\interwork/libc.a(lib_a-puts.o)
 .comment       0x00000168       0x12 C:\Program Files\Hitex\GnuToolPackageArm\bin\..\arm-hitex-elf\lib\interwork/libc.a(lib_a-rget.o)
 .comment       0x0000017a       0x12 C:\Program Files\Hitex\GnuToolPackageArm\bin\..\arm-hitex-elf\lib\interwork/libc.a(lib_a-scanf.o)
 .comment       0x0000018c       0x12 C:\Program Files\Hitex\GnuToolPackageArm\bin\..\arm-hitex-elf\lib\interwork/libc.a(lib_a-strlen.o)
 .comment       0x0000019e       0x12 C:\Program Files\Hitex\GnuToolPackageArm\bin\..\arm-hitex-elf\lib\interwork/libc.a(lib_a-strtol.o)
 .comment       0x000001b0       0x12 C:\Program Files\Hitex\GnuToolPackageArm\bin\..\arm-hitex-elf\lib\interwork/libc.a(lib_a-vfprintf.o)
 .comment       0x000001c2       0x12 C:\Program Files\Hitex\GnuToolPackageArm\bin\..\arm-hitex-elf\lib\interwork/libc.a(lib_a-vfscanf.o)
 .comment       0x000001d4       0x12 C:\Program Files\Hitex\GnuToolPackageArm\bin\..\arm-hitex-elf\lib\interwork/libc.a(lib_a-wcrtomb.o)
 .comment       0x000001e6       0x12 C:\Program Files\Hitex\GnuToolPackageArm\bin\..\arm-hitex-elf\lib\interwork/libc.a(lib_a-wcsrtombs.o)
 .comment       0x000001f8       0x12 C:\Program Files\Hitex\GnuToolPackageArm\bin\..\arm-hitex-elf\lib\interwork/libc.a(lib_a-wctomb_r.o)
 .comment       0x0000020a       0x12 C:\Program Files\Hitex\GnuToolPackageArm\bin\..\arm-hitex-elf\lib\interwork/libc.a(lib_a-wsetup.o)
 .comment       0x0000021c       0x12 C:\Program Files\Hitex\GnuToolPackageArm\bin\..\arm-hitex-elf\lib\interwork/libc.a(lib_a-ctype_.o)
 .comment       0x0000022e       0x12 C:\Program Files\Hitex\GnuToolPackageArm\bin\..\arm-hitex-elf\lib\interwork/libc.a(lib_a-dtoa.o)
 .comment       0x00000240       0x12 C:\Program Files\Hitex\GnuToolPackageArm\bin\..\arm-hitex-elf\lib\interwork/libc.a(lib_a-fflush.o)
 .comment       0x00000252       0x12 C:\Program Files\Hitex\GnuToolPackageArm\bin\..\arm-hitex-elf\lib\interwork/libc.a(lib_a-findfp.o)
 .comment       0x00000264       0x12 C:\Program Files\Hitex\GnuToolPackageArm\bin\..\arm-hitex-elf\lib\interwork/libc.a(lib_a-fread.o)
 .comment       0x00000276       0x12 C:\Program Files\Hitex\GnuToolPackageArm\bin\..\arm-hitex-elf\lib\interwork/libc.a(lib_a-freer.o)
 .comment       0x00000288       0x12 C:\Program Files\Hitex\GnuToolPackageArm\bin\..\arm-hitex-elf\lib\interwork/libc.a(lib_a-fvwrite.o)
 .comment       0x0000029a       0x12 C:\Program Files\Hitex\GnuToolPackageArm\bin\..\arm-hitex-elf\lib\interwork/libc.a(lib_a-fwalk.o)
 .comment       0x000002ac       0x12 C:\Program Files\Hitex\GnuToolPackageArm\bin\..\arm-hitex-elf\lib\interwork/libc.a(lib_a-iswspace.o)
 .comment       0x000002be       0x12 C:\Program Files\Hitex\GnuToolPackageArm\bin\..\arm-hitex-elf\lib\interwork/libc.a(lib_a-locale.o)
 .comment       0x000002d0       0x12 C:\Program Files\Hitex\GnuToolPackageArm\bin\..\arm-hitex-elf\lib\interwork/libc.a(lib_a-makebuf.o)
 .comment       0x000002e2       0x12 C:\Program Files\Hitex\GnuToolPackageArm\bin\..\arm-hitex-elf\lib\interwork/libc.a(lib_a-mallocr.o)
 .comment       0x000002f4       0x12 C:\Program Files\Hitex\GnuToolPackageArm\bin\..\arm-hitex-elf\lib\interwork/libc.a(lib_a-mbrtowc.o)
 .comment       0x00000306       0x12 C:\Program Files\Hitex\GnuToolPackageArm\bin\..\arm-hitex-elf\lib\interwork/libc.a(lib_a-mbtowc_r.o)
 .comment       0x00000318       0x12 C:\Program Files\Hitex\GnuToolPackageArm\bin\..\arm-hitex-elf\lib\interwork/libc.a(lib_a-memchr.o)
 .comment       0x0000032a       0x12 C:\Program Files\Hitex\GnuToolPackageArm\bin\..\arm-hitex-elf\lib\interwork/libc.a(lib_a-memmove.o)
 .comment       0x0000033c       0x12 C:\Program Files\Hitex\GnuToolPackageArm\bin\..\arm-hitex-elf\lib\interwork/libc.a(lib_a-memset.o)
 .comment       0x0000034e       0x12 C:\Program Files\Hitex\GnuToolPackageArm\bin\..\arm-hitex-elf\lib\interwork/libc.a(lib_a-mlock.o)
 .comment       0x00000360       0x12 C:\Program Files\Hitex\GnuToolPackageArm\bin\..\arm-hitex-elf\lib\interwork/libc.a(lib_a-mprec.o)
 .comment       0x00000372       0x12 C:\Program Files\Hitex\GnuToolPackageArm\bin\..\arm-hitex-elf\lib\interwork/libc.a(lib_a-putc.o)
 .comment       0x00000384       0x12 C:\Program Files\Hitex\GnuToolPackageArm\bin\..\arm-hitex-elf\lib\interwork/libc.a(lib_a-reallocr.o)
 .comment       0x00000396       0x12 C:\Program Files\Hitex\GnuToolPackageArm\bin\..\arm-hitex-elf\lib\interwork/libc.a(lib_a-refill.o)
 .comment       0x000003a8       0x12 C:\Program Files\Hitex\GnuToolPackageArm\bin\..\arm-hitex-elf\lib\interwork/libc.a(lib_a-s_isinfd.o)
 .comment       0x000003ba       0x12 C:\Program Files\Hitex\GnuToolPackageArm\bin\..\arm-hitex-elf\lib\interwork/libc.a(lib_a-s_isnand.o)
 .comment       0x000003cc       0x12 C:\Program Files\Hitex\GnuToolPackageArm\bin\..\arm-hitex-elf\lib\interwork/libc.a(lib_a-sccl.o)
 .comment       0x000003de       0x12 C:\Program Files\Hitex\GnuToolPackageArm\bin\..\arm-hitex-elf\lib\interwork/libc.a(lib_a-sf_nan.o)
 .comment       0x000003f0       0x12 C:\Program Files\Hitex\GnuToolPackageArm\bin\..\arm-hitex-elf\lib\interwork/libc.a(lib_a-sprintf.o)
 .comment       0x00000402       0x12 C:\Program Files\Hitex\GnuToolPackageArm\bin\..\arm-hitex-elf\lib\interwork/libc.a(lib_a-stdio.o)
 .comment       0x00000414       0x12 C:\Program Files\Hitex\GnuToolPackageArm\bin\..\arm-hitex-elf\lib\interwork/libc.a(lib_a-strcmp.o)
 .comment       0x00000426       0x12 C:\Program Files\Hitex\GnuToolPackageArm\bin\..\arm-hitex-elf\lib\interwork/libc.a(lib_a-strtod.o)
 .comment       0x00000438       0x12 C:\Program Files\Hitex\GnuToolPackageArm\bin\..\arm-hitex-elf\lib\interwork/libc.a(lib_a-strtoul.o)
 .comment       0x0000044a       0x12 C:\Program Files\Hitex\GnuToolPackageArm\bin\..\arm-hitex-elf\lib\interwork/libc.a(lib_a-syscalls.o)
 .comment       0x0000045c       0x12 C:\Program Files\Hitex\GnuToolPackageArm\bin\..\arm-hitex-elf\lib\interwork/libc.a(lib_a-ungetc.o)
 .comment       0x0000046e       0x12 C:\Program Files\Hitex\GnuToolPackageArm\bin\..\arm-hitex-elf\lib\interwork/libc.a(lib_a-wbuf.o)
 .comment       0x00000480       0x12 C:\Program Files\Hitex\GnuToolPackageArm\bin\..\arm-hitex-elf\lib\interwork/libc.a(lib_a-callocr.o)
 .comment       0x00000492       0x12 C:\Program Files\Hitex\GnuToolPackageArm\bin\..\arm-hitex-elf\lib\interwork/libc.a(lib_a-closer.o)
 .comment       0x000004a4       0x12 C:\Program Files\Hitex\GnuToolPackageArm\bin\..\arm-hitex-elf\lib\interwork/libc.a(lib_a-errno.o)
 .comment       0x000004b6       0x12 C:\Program Files\Hitex\GnuToolPackageArm\bin\..\arm-hitex-elf\lib\interwork/libc.a(lib_a-fclose.o)
 .comment       0x000004c8       0x12 C:\Program Files\Hitex\GnuToolPackageArm\bin\..\arm-hitex-elf\lib\interwork/libc.a(lib_a-fstatr.o)
 .comment       0x000004da       0x12 C:\Program Files\Hitex\GnuToolPackageArm\bin\..\arm-hitex-elf\lib\interwork/libc.a(lib_a-gdtoa-gethex.o)
 .comment       0x000004ec       0x12 C:\Program Files\Hitex\GnuToolPackageArm\bin\..\arm-hitex-elf\lib\interwork/libc.a(lib_a-gdtoa-hexnan.o)
 .comment       0x000004fe       0x12 C:\Program Files\Hitex\GnuToolPackageArm\bin\..\arm-hitex-elf\lib\interwork/libc.a(lib_a-lseekr.o)
 .comment       0x00000510       0x12 C:\Program Files\Hitex\GnuToolPackageArm\bin\..\arm-hitex-elf\lib\interwork/libc.a(lib_a-reent.o)

.debug
 *(.debug)

.line
 *(.line)

.debug_srcinfo
 *(.debug_srcinfo)

.debug_sfnames
 *(.debug_sfnames)

.debug_aranges  0x00000000      0xa60
 *(.debug_aranges)
 .debug_aranges
                0x00000000       0x20 .\objects\SPI.o
 .debug_aranges
                0x00000020       0x20 .\objects\main.o
 .debug_aranges
                0x00000040       0x20 .\objects\startup.o
 .debug_aranges
                0x00000060       0x20 .\objects\updownload.o
 .debug_aranges
                0x00000080       0x20 .\objects\ConfigStick.o
 .debug_aranges
                0x000000a0       0x20 .\objects\armVIC.o
 .debug_aranges
                0x000000c0       0x20 .\objects\conio.o
 .debug_aranges
                0x000000e0       0x20 .\objects\delay.o
 .debug_aranges
                0x00000100       0x20 .\objects\fio.o
 .debug_aranges
                0x00000120       0x20 .\objects\interrupt.o
 .debug_aranges
                0x00000140       0x20 .\objects\portlcd.o
 .debug_aranges
                0x00000160       0x20 .\objects\syscalls_lpc.o
 .debug_aranges
                0x00000180       0x20 .\objects\target_info.o
 .debug_aranges
                0x000001a0       0x20 .\objects\uart.o
 .debug_aranges
                0x000001c0       0x20 .\objects\uartISR.o
 .debug_aranges
                0x000001e0       0x20 C:\Program Files\Hitex\GnuToolPackageArm\bin\..\arm-hitex-elf\lib\interwork/libc.a(lib_a-atoi.o)
 .debug_aranges
                0x00000200       0x20 C:\Program Files\Hitex\GnuToolPackageArm\bin\..\arm-hitex-elf\lib\interwork/libc.a(lib_a-memcpy.o)
 .debug_aranges
                0x00000220       0x20 C:\Program Files\Hitex\GnuToolPackageArm\bin\..\arm-hitex-elf\lib\interwork/libc.a(lib_a-printf.o)
 .debug_aranges
                0x00000240       0x20 C:\Program Files\Hitex\GnuToolPackageArm\bin\..\arm-hitex-elf\lib\interwork/libc.a(lib_a-putchar.o)
 .debug_aranges
                0x00000260       0x20 C:\Program Files\Hitex\GnuToolPackageArm\bin\..\arm-hitex-elf\lib\interwork/libc.a(lib_a-puts.o)
 .debug_aranges
                0x00000280       0x20 C:\Program Files\Hitex\GnuToolPackageArm\bin\..\arm-hitex-elf\lib\interwork/libc.a(lib_a-rget.o)
 .debug_aranges
                0x000002a0       0x20 C:\Program Files\Hitex\GnuToolPackageArm\bin\..\arm-hitex-elf\lib\interwork/libc.a(lib_a-scanf.o)
 .debug_aranges
                0x000002c0       0x20 C:\Program Files\Hitex\GnuToolPackageArm\bin\..\arm-hitex-elf\lib\interwork/libc.a(lib_a-strlen.o)
 .debug_aranges
                0x000002e0       0x20 C:\Program Files\Hitex\GnuToolPackageArm\bin\..\arm-hitex-elf\lib\interwork/libc.a(lib_a-strtol.o)
 .debug_aranges
                0x00000300       0x20 C:\Program Files\Hitex\GnuToolPackageArm\bin\..\arm-hitex-elf\lib\interwork/libc.a(lib_a-vfprintf.o)
 .debug_aranges
                0x00000320       0x20 C:\Program Files\Hitex\GnuToolPackageArm\bin\..\arm-hitex-elf\lib\interwork/libc.a(lib_a-vfscanf.o)
 .debug_aranges
                0x00000340       0x20 C:\Program Files\Hitex\GnuToolPackageArm\bin\..\arm-hitex-elf\lib\interwork/libc.a(lib_a-wcrtomb.o)
 .debug_aranges
                0x00000360       0x20 C:\Program Files\Hitex\GnuToolPackageArm\bin\..\arm-hitex-elf\lib\interwork/libc.a(lib_a-wcsrtombs.o)
 .debug_aranges
                0x00000380       0x20 C:\Program Files\Hitex\GnuToolPackageArm\bin\..\arm-hitex-elf\lib\interwork/libc.a(lib_a-wctomb_r.o)
 .debug_aranges
                0x000003a0       0x20 C:\Program Files\Hitex\GnuToolPackageArm\bin\..\arm-hitex-elf\lib\interwork/libc.a(lib_a-wsetup.o)
 .debug_aranges
                0x000003c0       0x20 C:\Program Files\Hitex\GnuToolPackageArm\bin\..\arm-hitex-elf\lib\interwork/libc.a(lib_a-dtoa.o)
 .debug_aranges
                0x000003e0       0x20 C:\Program Files\Hitex\GnuToolPackageArm\bin\..\arm-hitex-elf\lib\interwork/libc.a(lib_a-fflush.o)
 .debug_aranges
                0x00000400       0x20 C:\Program Files\Hitex\GnuToolPackageArm\bin\..\arm-hitex-elf\lib\interwork/libc.a(lib_a-findfp.o)
 .debug_aranges
                0x00000420       0x20 C:\Program Files\Hitex\GnuToolPackageArm\bin\..\arm-hitex-elf\lib\interwork/libc.a(lib_a-fread.o)
 .debug_aranges
                0x00000440       0x20 C:\Program Files\Hitex\GnuToolPackageArm\bin\..\arm-hitex-elf\lib\interwork/libc.a(lib_a-freer.o)
 .debug_aranges
                0x00000460       0x20 C:\Program Files\Hitex\GnuToolPackageArm\bin\..\arm-hitex-elf\lib\interwork/libc.a(lib_a-fvwrite.o)
 .debug_aranges
                0x00000480       0x20 C:\Program Files\Hitex\GnuToolPackageArm\bin\..\arm-hitex-elf\lib\interwork/libc.a(lib_a-fwalk.o)
 .debug_aranges
                0x000004a0       0x20 C:\Program Files\Hitex\GnuToolPackageArm\bin\..\arm-hitex-elf\lib\interwork/libc.a(lib_a-iswspace.o)
 .debug_aranges
                0x000004c0       0x20 C:\Program Files\Hitex\GnuToolPackageArm\bin\..\arm-hitex-elf\lib\interwork/libc.a(lib_a-locale.o)
 .debug_aranges
                0x000004e0       0x20 C:\Program Files\Hitex\GnuToolPackageArm\bin\..\arm-hitex-elf\lib\interwork/libc.a(lib_a-makebuf.o)
 .debug_aranges
                0x00000500       0x20 C:\Program Files\Hitex\GnuToolPackageArm\bin\..\arm-hitex-elf\lib\interwork/libc.a(lib_a-mallocr.o)
 .debug_aranges
                0x00000520       0x20 C:\Program Files\Hitex\GnuToolPackageArm\bin\..\arm-hitex-elf\lib\interwork/libc.a(lib_a-mbrtowc.o)
 .debug_aranges
                0x00000540       0x20 C:\Program Files\Hitex\GnuToolPackageArm\bin\..\arm-hitex-elf\lib\interwork/libc.a(lib_a-mbtowc_r.o)
 .debug_aranges
                0x00000560       0x20 C:\Program Files\Hitex\GnuToolPackageArm\bin\..\arm-hitex-elf\lib\interwork/libc.a(lib_a-memchr.o)
 .debug_aranges
                0x00000580       0x20 C:\Program Files\Hitex\GnuToolPackageArm\bin\..\arm-hitex-elf\lib\interwork/libc.a(lib_a-memmove.o)
 .debug_aranges
                0x000005a0       0x20 C:\Program Files\Hitex\GnuToolPackageArm\bin\..\arm-hitex-elf\lib\interwork/libc.a(lib_a-memset.o)
 .debug_aranges
                0x000005c0       0x20 C:\Program Files\Hitex\GnuToolPackageArm\bin\..\arm-hitex-elf\lib\interwork/libc.a(lib_a-mlock.o)
 .debug_aranges
                0x000005e0       0x20 C:\Program Files\Hitex\GnuToolPackageArm\bin\..\arm-hitex-elf\lib\interwork/libc.a(lib_a-mprec.o)
 .debug_aranges
                0x00000600       0x20 C:\Program Files\Hitex\GnuToolPackageArm\bin\..\arm-hitex-elf\lib\interwork/libc.a(lib_a-putc.o)
 .debug_aranges
                0x00000620       0x20 C:\Program Files\Hitex\GnuToolPackageArm\bin\..\arm-hitex-elf\lib\interwork/libc.a(lib_a-reallocr.o)
 .debug_aranges
                0x00000640       0x20 C:\Program Files\Hitex\GnuToolPackageArm\bin\..\arm-hitex-elf\lib\interwork/libc.a(lib_a-refill.o)
 .debug_aranges
                0x00000660       0x20 C:\Program Files\Hitex\GnuToolPackageArm\bin\..\arm-hitex-elf\lib\interwork/libc.a(lib_a-s_isinfd.o)
 .debug_aranges
                0x00000680       0x20 C:\Program Files\Hitex\GnuToolPackageArm\bin\..\arm-hitex-elf\lib\interwork/libc.a(lib_a-s_isnand.o)
 .debug_aranges
                0x000006a0       0x20 C:\Program Files\Hitex\GnuToolPackageArm\bin\..\arm-hitex-elf\lib\interwork/libc.a(lib_a-sccl.o)
 .debug_aranges
                0x000006c0       0x20 C:\Program Files\Hitex\GnuToolPackageArm\bin\..\arm-hitex-elf\lib\interwork/libc.a(lib_a-sf_nan.o)
 .debug_aranges
                0x000006e0       0x20 C:\Program Files\Hitex\GnuToolPackageArm\bin\..\arm-hitex-elf\lib\interwork/libc.a(lib_a-sprintf.o)
 .debug_aranges
                0x00000700       0x20 C:\Program Files\Hitex\GnuToolPackageArm\bin\..\arm-hitex-elf\lib\interwork/libc.a(lib_a-stdio.o)
 .debug_aranges
                0x00000720       0x20 C:\Program Files\Hitex\GnuToolPackageArm\bin\..\arm-hitex-elf\lib\interwork/libc.a(lib_a-strcmp.o)
 .debug_aranges
                0x00000740       0x20 C:\Program Files\Hitex\GnuToolPackageArm\bin\..\arm-hitex-elf\lib\interwork/libc.a(lib_a-strtod.o)
 .debug_aranges
                0x00000760       0x20 C:\Program Files\Hitex\GnuToolPackageArm\bin\..\arm-hitex-elf\lib\interwork/libc.a(lib_a-strtoul.o)
 .debug_aranges
                0x00000780       0x20 C:\Program Files\Hitex\GnuToolPackageArm\bin\..\arm-hitex-elf\lib\interwork/libc.a(lib_a-syscalls.o)
 .debug_aranges
                0x000007a0       0x20 C:\Program Files\Hitex\GnuToolPackageArm\bin\..\arm-hitex-elf\lib\interwork/libc.a(lib_a-ungetc.o)