V3 12
FL C:/Users/DIPUser/Desktop/ModelSim_Projects/ModelSim_Projects/VHDL_Codes/DUT.vhd 2011/11/23.09:47:39 M.81d
EN work/DUT 1322044054 \
      FL C:/Users/DIPUser/Desktop/ModelSim_Projects/ModelSim_Projects/VHDL_Codes/DUT.vhd \
      LB work PB ieee/std_logic_1164 1290154108
AR work/DUT/beh 1322044055 \
      FL C:/Users/DIPUser/Desktop/ModelSim_Projects/ModelSim_Projects/VHDL_Codes/DUT.vhd \
      EN work/DUT 1322044054 CP parity4bit CP parcheck
FL C:/Users/DIPUser/Desktop/ModelSim_Projects/ModelSim_Projects/VHDL_Codes/parcheck.vhd 2011/11/23.11:27:22 M.81d
EN work/parcheck 1322044052 \
      FL C:/Users/DIPUser/Desktop/ModelSim_Projects/ModelSim_Projects/VHDL_Codes/parcheck.vhd \
      LB work PB ieee/std_logic_1164 1290154108
AR work/parcheck/beh 1322044053 \
      FL C:/Users/DIPUser/Desktop/ModelSim_Projects/ModelSim_Projects/VHDL_Codes/parcheck.vhd \
      EN work/parcheck 1322044052
FL C:/Users/DIPUser/Desktop/ModelSim_Projects/ModelSim_Projects/VHDL_Codes/parity4bit.vhd 2011/11/23.11:26:28 M.81d
EN work/parity4bit 1322044050 \
      FL C:/Users/DIPUser/Desktop/ModelSim_Projects/ModelSim_Projects/VHDL_Codes/parity4bit.vhd \
      LB work PB ieee/std_logic_1164 1290154108
AR work/parity4bit/beh 1322044051 \
      FL C:/Users/DIPUser/Desktop/ModelSim_Projects/ModelSim_Projects/VHDL_Codes/parity4bit.vhd \
      EN work/parity4bit 1322044050
